2020-06-01 14:09:13.837  INFO 18176 --- [main] com.batuhaniskr.product.Application      : Starting Application on avinash with PID 18176 (/home/avinash/eclipse-workspace/spring-boot-product-system-master/target/classes started by avinash in /home/avinash/eclipse-workspace/spring-boot-product-system-master)
2020-06-01 14:09:13.840  INFO 18176 --- [main] com.batuhaniskr.product.Application      : No active profile set, falling back to default profiles: default
2020-06-01 14:09:14.102  INFO 18176 --- [main] ationConfigEmbeddedWebApplicationContext : Refreshing org.springframework.boot.context.embedded.AnnotationConfigEmbeddedWebApplicationContext@6f53b8a: startup date [Mon Jun 01 14:09:14 IST 2020]; root of context hierarchy
2020-06-01 14:09:15.725  INFO 18176 --- [main] s.b.c.e.t.TomcatEmbeddedServletContainer : Tomcat initialized with port(s): 8080 (http)
2020-06-01 14:09:15.734  INFO 18176 --- [main] o.apache.catalina.core.StandardService   : Starting service [Tomcat]
2020-06-01 14:09:15.736  INFO 18176 --- [main] org.apache.catalina.core.StandardEngine  : Starting Servlet Engine: Apache Tomcat/8.5.20
2020-06-01 14:09:15.822  INFO 18176 --- [localhost-startStop-1] o.a.c.c.C.[Tomcat].[localhost].[/]       : Initializing Spring embedded WebApplicationContext
2020-06-01 14:09:15.822  INFO 18176 --- [localhost-startStop-1] o.s.web.context.ContextLoader            : Root WebApplicationContext: initialization completed in 1729 ms
2020-06-01 14:09:15.977  INFO 18176 --- [localhost-startStop-1] o.s.b.w.servlet.FilterRegistrationBean   : Mapping filter: 'characterEncodingFilter' to: [/*]
2020-06-01 14:09:15.978  INFO 18176 --- [localhost-startStop-1] o.s.b.w.servlet.FilterRegistrationBean   : Mapping filter: 'hiddenHttpMethodFilter' to: [/*]
2020-06-01 14:09:15.978  INFO 18176 --- [localhost-startStop-1] o.s.b.w.servlet.FilterRegistrationBean   : Mapping filter: 'httpPutFormContentFilter' to: [/*]
2020-06-01 14:09:15.978  INFO 18176 --- [localhost-startStop-1] o.s.b.w.servlet.FilterRegistrationBean   : Mapping filter: 'requestContextFilter' to: [/*]
2020-06-01 14:09:15.979  INFO 18176 --- [localhost-startStop-1] .s.DelegatingFilterProxyRegistrationBean : Mapping filter: 'springSecurityFilterChain' to: [/*]
2020-06-01 14:09:15.979  INFO 18176 --- [localhost-startStop-1] o.s.b.w.servlet.ServletRegistrationBean  : Mapping servlet: 'dispatcherServlet' to [/]
2020-06-01 14:09:16.213  INFO 18176 --- [main] o.f.core.internal.util.VersionPrinter    : Flyway Community Edition 5.0.7 by Boxfuse
2020-06-01 14:09:16.678 ERROR 18176 --- [main] o.a.tomcat.jdbc.pool.ConnectionPool      : Unable to create initial connections of pool.

java.sql.SQLException: Access denied for user 'root'@'localhost' (using password: YES)
	at com.mysql.jdbc.SQLError.createSQLException(SQLError.java:964) ~[mysql-connector-java-5.1.44.jar:5.1.44]
	at com.mysql.jdbc.MysqlIO.checkErrorPacket(MysqlIO.java:3973) ~[mysql-connector-java-5.1.44.jar:5.1.44]
	at com.mysql.jdbc.MysqlIO.checkErrorPacket(MysqlIO.java:3909) ~[mysql-connector-java-5.1.44.jar:5.1.44]
	at com.mysql.jdbc.MysqlIO.checkErrorPacket(MysqlIO.java:873) ~[mysql-connector-java-5.1.44.jar:5.1.44]
	at com.mysql.jdbc.MysqlIO.proceedHandshakeWithPluggableAuthentication(MysqlIO.java:1710) ~[mysql-connector-java-5.1.44.jar:5.1.44]
	at com.mysql.jdbc.MysqlIO.doHandshake(MysqlIO.java:1226) ~[mysql-connector-java-5.1.44.jar:5.1.44]
	at com.mysql.jdbc.ConnectionImpl.coreConnect(ConnectionImpl.java:2191) ~[mysql-connector-java-5.1.44.jar:5.1.44]
	at com.mysql.jdbc.ConnectionImpl.connectOneTryOnly(ConnectionImpl.java:2222) ~[mysql-connector-java-5.1.44.jar:5.1.44]
	at com.mysql.jdbc.ConnectionImpl.createNewIO(ConnectionImpl.java:2017) ~[mysql-connector-java-5.1.44.jar:5.1.44]
	at com.mysql.jdbc.ConnectionImpl.<init>(ConnectionImpl.java:779) ~[mysql-connector-java-5.1.44.jar:5.1.44]
	at com.mysql.jdbc.JDBC4Connection.<init>(JDBC4Connection.java:47) ~[mysql-connector-java-5.1.44.jar:5.1.44]
	at java.base/jdk.internal.reflect.NativeConstructorAccessorImpl.newInstance0(Native Method) ~[na:na]
	at java.base/jdk.internal.reflect.NativeConstructorAccessorImpl.newInstance(NativeConstructorAccessorImpl.java:62) ~[na:na]
	at java.base/jdk.internal.reflect.DelegatingConstructorAccessorImpl.newInstance(DelegatingConstructorAccessorImpl.java:45) ~[na:na]
	at java.base/java.lang.reflect.Constructor.newInstance(Constructor.java:490) ~[na:na]
	at com.mysql.jdbc.Util.handleNewInstance(Util.java:425) ~[mysql-connector-java-5.1.44.jar:5.1.44]
	at com.mysql.jdbc.ConnectionImpl.getInstance(ConnectionImpl.java:389) ~[mysql-connector-java-5.1.44.jar:5.1.44]
	at com.mysql.jdbc.NonRegisteringDriver.connect(NonRegisteringDriver.java:330) ~[mysql-connector-java-5.1.44.jar:5.1.44]
	at org.apache.tomcat.jdbc.pool.PooledConnection.connectUsingDriver(PooledConnection.java:310) ~[tomcat-jdbc-8.5.20.jar:na]
	at org.apache.tomcat.jdbc.pool.PooledConnection.connect(PooledConnection.java:203) ~[tomcat-jdbc-8.5.20.jar:na]
	at org.apache.tomcat.jdbc.pool.ConnectionPool.createConnection(ConnectionPool.java:735) ~[tomcat-jdbc-8.5.20.jar:na]
	at org.apache.tomcat.jdbc.pool.ConnectionPool.borrowConnection(ConnectionPool.java:667) ~[tomcat-jdbc-8.5.20.jar:na]
	at org.apache.tomcat.jdbc.pool.ConnectionPool.init(ConnectionPool.java:482) ~[tomcat-jdbc-8.5.20.jar:na]
	at org.apache.tomcat.jdbc.pool.ConnectionPool.<init>(ConnectionPool.java:154) ~[tomcat-jdbc-8.5.20.jar:na]
	at org.apache.tomcat.jdbc.pool.DataSourceProxy.pCreatePool(DataSourceProxy.java:118) ~[tomcat-jdbc-8.5.20.jar:na]
	at org.apache.tomcat.jdbc.pool.DataSourceProxy.createPool(DataSourceProxy.java:107) ~[tomcat-jdbc-8.5.20.jar:na]
	at org.apache.tomcat.jdbc.pool.DataSourceProxy.getConnection(DataSourceProxy.java:131) ~[tomcat-jdbc-8.5.20.jar:na]
	at org.flywaydb.core.internal.util.jdbc.JdbcUtils.openConnection(JdbcUtils.java:51) ~[flyway-core-5.0.7.jar:na]
	at org.flywaydb.core.internal.database.DatabaseFactory.createDatabase(DatabaseFactory.java:67) ~[flyway-core-5.0.7.jar:na]
	at org.flywaydb.core.Flyway.execute(Flyway.java:1634) ~[flyway-core-5.0.7.jar:na]
	at org.flywaydb.core.Flyway.migrate(Flyway.java:1168) ~[flyway-core-5.0.7.jar:na]
	at org.springframework.boot.autoconfigure.flyway.FlywayMigrationInitializer.afterPropertiesSet(FlywayMigrationInitializer.java:66) ~[spring-boot-autoconfigure-1.5.7.RELEASE.jar:1.5.7.RELEASE]
	at org.springframework.beans.factory.support.AbstractAutowireCapableBeanFactory.invokeInitMethods(AbstractAutowireCapableBeanFactory.java:1687) ~[spring-beans-4.3.11.RELEASE.jar:4.3.11.RELEASE]
	at org.springframework.beans.factory.support.AbstractAutowireCapableBeanFactory.initializeBean(AbstractAutowireCapableBeanFactory.java:1624) ~[spring-beans-4.3.11.RELEASE.jar:4.3.11.RELEASE]
	at org.springframework.beans.factory.support.AbstractAutowireCapableBeanFactory.doCreateBean(AbstractAutowireCapableBeanFactory.java:555) ~[spring-beans-4.3.11.RELEASE.jar:4.3.11.RELEASE]
	at org.springframework.beans.factory.support.AbstractAutowireCapableBeanFactory.createBean(AbstractAutowireCapableBeanFactory.java:483) ~[spring-beans-4.3.11.RELEASE.jar:4.3.11.RELEASE]
	at org.springframework.beans.factory.support.AbstractBeanFactory$1.getObject(AbstractBeanFactory.java:306) ~[spring-beans-4.3.11.RELEASE.jar:4.3.11.RELEASE]
	at org.springframework.beans.factory.support.DefaultSingletonBeanRegistry.getSingleton(DefaultSingletonBeanRegistry.java:230) ~[spring-beans-4.3.11.RELEASE.jar:4.3.11.RELEASE]
	at org.springframework.beans.factory.support.AbstractBeanFactory.doGetBean(AbstractBeanFactory.java:302) ~[spring-beans-4.3.11.RELEASE.jar:4.3.11.RELEASE]
	at org.springframework.beans.factory.support.AbstractBeanFactory.getBean(AbstractBeanFactory.java:197) ~[spring-beans-4.3.11.RELEASE.jar:4.3.11.RELEASE]
	at org.springframework.beans.factory.support.AbstractBeanFactory.doGetBean(AbstractBeanFactory.java:296) ~[spring-beans-4.3.11.RELEASE.jar:4.3.11.RELEASE]
	at org.springframework.beans.factory.support.AbstractBeanFactory.getBean(AbstractBeanFactory.java:197) ~[spring-beans-4.3.11.RELEASE.jar:4.3.11.RELEASE]
	at org.springframework.context.support.AbstractApplicationContext.getBean(AbstractApplicationContext.java:1078) ~[spring-context-4.3.11.RELEASE.jar:4.3.11.RELEASE]
	at org.springframework.context.support.AbstractApplicationContext.finishBeanFactoryInitialization(AbstractApplicationContext.java:857) ~[spring-context-4.3.11.RELEASE.jar:4.3.11.RELEASE]
	at org.springframework.context.support.AbstractApplicationContext.refresh(AbstractApplicationContext.java:543) ~[spring-context-4.3.11.RELEASE.jar:4.3.11.RELEASE]
	at org.springframework.boot.context.embedded.EmbeddedWebApplicationContext.refresh(EmbeddedWebApplicationContext.java:122) ~[spring-boot-1.5.7.RELEASE.jar:1.5.7.RELEASE]
	at org.springframework.boot.SpringApplication.refresh(SpringApplication.java:693) ~[spring-boot-1.5.7.RELEASE.jar:1.5.7.RELEASE]
	at org.springframework.boot.SpringApplication.refreshContext(SpringApplication.java:360) ~[spring-boot-1.5.7.RELEASE.jar:1.5.7.RELEASE]
	at org.springframework.boot.SpringApplication.run(SpringApplication.java:303) ~[spring-boot-1.5.7.RELEASE.jar:1.5.7.RELEASE]
	at org.springframework.boot.SpringApplication.run(SpringApplication.java:1118) ~[spring-boot-1.5.7.RELEASE.jar:1.5.7.RELEASE]
	at org.springframework.boot.SpringApplication.run(SpringApplication.java:1107) ~[spring-boot-1.5.7.RELEASE.jar:1.5.7.RELEASE]
	at com.batuhaniskr.product.Application.main(Application.java:10) ~[classes/:na]

2020-06-01 14:09:16.681  WARN 18176 --- [main] ationConfigEmbeddedWebApplicationContext : Exception encountered during context initialization - cancelling refresh attempt: org.springframework.beans.factory.BeanCreationException: Error creating bean with name 'flywayInitializer' defined in class path resource [org/springframework/boot/autoconfigure/flyway/FlywayAutoConfiguration$FlywayConfiguration.class]: Invocation of init method failed; nested exception is org.flywaydb.core.internal.exception.FlywaySqlException: 
Unable to obtain database connection
------------------------------------
SQL State  : 28000
Error Code : 1045
Message    : Access denied for user 'root'@'localhost' (using password: YES)

2020-06-01 14:09:16.683  INFO 18176 --- [main] o.apache.catalina.core.StandardService   : Stopping service [Tomcat]
2020-06-01 14:09:16.707  INFO 18176 --- [main] utoConfigurationReportLoggingInitializer : 

Error starting ApplicationContext. To display the auto-configuration report re-run your application with 'debug' enabled.
2020-06-01 14:09:16.711 ERROR 18176 --- [main] o.s.boot.SpringApplication               : Application startup failed

org.springframework.beans.factory.BeanCreationException: Error creating bean with name 'flywayInitializer' defined in class path resource [org/springframework/boot/autoconfigure/flyway/FlywayAutoConfiguration$FlywayConfiguration.class]: Invocation of init method failed; nested exception is org.flywaydb.core.internal.exception.FlywaySqlException: 
Unable to obtain database connection
------------------------------------
SQL State  : 28000
Error Code : 1045
Message    : Access denied for user 'root'@'localhost' (using password: YES)

	at org.springframework.beans.factory.support.AbstractAutowireCapableBeanFactory.initializeBean(AbstractAutowireCapableBeanFactory.java:1628) ~[spring-beans-4.3.11.RELEASE.jar:4.3.11.RELEASE]
	at org.springframework.beans.factory.support.AbstractAutowireCapableBeanFactory.doCreateBean(AbstractAutowireCapableBeanFactory.java:555) ~[spring-beans-4.3.11.RELEASE.jar:4.3.11.RELEASE]
	at org.springframework.beans.factory.support.AbstractAutowireCapableBeanFactory.createBean(AbstractAutowireCapableBeanFactory.java:483) ~[spring-beans-4.3.11.RELEASE.jar:4.3.11.RELEASE]
	at org.springframework.beans.factory.support.AbstractBeanFactory$1.getObject(AbstractBeanFactory.java:306) ~[spring-beans-4.3.11.RELEASE.jar:4.3.11.RELEASE]
	at org.springframework.beans.factory.support.DefaultSingletonBeanRegistry.getSingleton(DefaultSingletonBeanRegistry.java:230) ~[spring-beans-4.3.11.RELEASE.jar:4.3.11.RELEASE]
	at org.springframework.beans.factory.support.AbstractBeanFactory.doGetBean(AbstractBeanFactory.java:302) ~[spring-beans-4.3.11.RELEASE.jar:4.3.11.RELEASE]
	at org.springframework.beans.factory.support.AbstractBeanFactory.getBean(AbstractBeanFactory.java:197) ~[spring-beans-4.3.11.RELEASE.jar:4.3.11.RELEASE]
	at org.springframework.beans.factory.support.AbstractBeanFactory.doGetBean(AbstractBeanFactory.java:296) ~[spring-beans-4.3.11.RELEASE.jar:4.3.11.RELEASE]
	at org.springframework.beans.factory.support.AbstractBeanFactory.getBean(AbstractBeanFactory.java:197) ~[spring-beans-4.3.11.RELEASE.jar:4.3.11.RELEASE]
	at org.springframework.context.support.AbstractApplicationContext.getBean(AbstractApplicationContext.java:1078) ~[spring-context-4.3.11.RELEASE.jar:4.3.11.RELEASE]
	at org.springframework.context.support.AbstractApplicationContext.finishBeanFactoryInitialization(AbstractApplicationContext.java:857) ~[spring-context-4.3.11.RELEASE.jar:4.3.11.RELEASE]
	at org.springframework.context.support.AbstractApplicationContext.refresh(AbstractApplicationContext.java:543) ~[spring-context-4.3.11.RELEASE.jar:4.3.11.RELEASE]
	at org.springframework.boot.context.embedded.EmbeddedWebApplicationContext.refresh(EmbeddedWebApplicationContext.java:122) ~[spring-boot-1.5.7.RELEASE.jar:1.5.7.RELEASE]
	at org.springframework.boot.SpringApplication.refresh(SpringApplication.java:693) ~[spring-boot-1.5.7.RELEASE.jar:1.5.7.RELEASE]
	at org.springframework.boot.SpringApplication.refreshContext(SpringApplication.java:360) ~[spring-boot-1.5.7.RELEASE.jar:1.5.7.RELEASE]
	at org.springframework.boot.SpringApplication.run(SpringApplication.java:303) ~[spring-boot-1.5.7.RELEASE.jar:1.5.7.RELEASE]
	at org.springframework.boot.SpringApplication.run(SpringApplication.java:1118) ~[spring-boot-1.5.7.RELEASE.jar:1.5.7.RELEASE]
	at org.springframework.boot.SpringApplication.run(SpringApplication.java:1107) ~[spring-boot-1.5.7.RELEASE.jar:1.5.7.RELEASE]
	at com.batuhaniskr.product.Application.main(Application.java:10) ~[classes/:na]
Caused by: org.flywaydb.core.internal.exception.FlywaySqlException: 
Unable to obtain database connection
------------------------------------
SQL State  : 28000
Error Code : 1045
Message    : Access denied for user 'root'@'localhost' (using password: YES)

	at org.flywaydb.core.internal.util.jdbc.JdbcUtils.openConnection(JdbcUtils.java:57) ~[flyway-core-5.0.7.jar:na]
	at org.flywaydb.core.internal.database.DatabaseFactory.createDatabase(DatabaseFactory.java:67) ~[flyway-core-5.0.7.jar:na]
	at org.flywaydb.core.Flyway.execute(Flyway.java:1634) ~[flyway-core-5.0.7.jar:na]
	at org.flywaydb.core.Flyway.migrate(Flyway.java:1168) ~[flyway-core-5.0.7.jar:na]
	at org.springframework.boot.autoconfigure.flyway.FlywayMigrationInitializer.afterPropertiesSet(FlywayMigrationInitializer.java:66) ~[spring-boot-autoconfigure-1.5.7.RELEASE.jar:1.5.7.RELEASE]
	at org.springframework.beans.factory.support.AbstractAutowireCapableBeanFactory.invokeInitMethods(AbstractAutowireCapableBeanFactory.java:1687) ~[spring-beans-4.3.11.RELEASE.jar:4.3.11.RELEASE]
	at org.springframework.beans.factory.support.AbstractAutowireCapableBeanFactory.initializeBean(AbstractAutowireCapableBeanFactory.java:1624) ~[spring-beans-4.3.11.RELEASE.jar:4.3.11.RELEASE]
	... 18 common frames omitted
Caused by: java.sql.SQLException: Access denied for user 'root'@'localhost' (using password: YES)
	at com.mysql.jdbc.SQLError.createSQLException(SQLError.java:964) ~[mysql-connector-java-5.1.44.jar:5.1.44]
	at com.mysql.jdbc.MysqlIO.checkErrorPacket(MysqlIO.java:3973) ~[mysql-connector-java-5.1.44.jar:5.1.44]
	at com.mysql.jdbc.MysqlIO.checkErrorPacket(MysqlIO.java:3909) ~[mysql-connector-java-5.1.44.jar:5.1.44]
	at com.mysql.jdbc.MysqlIO.checkErrorPacket(MysqlIO.java:873) ~[mysql-connector-java-5.1.44.jar:5.1.44]
	at com.mysql.jdbc.MysqlIO.proceedHandshakeWithPluggableAuthentication(MysqlIO.java:1710) ~[mysql-connector-java-5.1.44.jar:5.1.44]
	at com.mysql.jdbc.MysqlIO.doHandshake(MysqlIO.java:1226) ~[mysql-connector-java-5.1.44.jar:5.1.44]
	at com.mysql.jdbc.ConnectionImpl.coreConnect(ConnectionImpl.java:2191) ~[mysql-connector-java-5.1.44.jar:5.1.44]
	at com.mysql.jdbc.ConnectionImpl.connectOneTryOnly(ConnectionImpl.java:2222) ~[mysql-connector-java-5.1.44.jar:5.1.44]
	at com.mysql.jdbc.ConnectionImpl.createNewIO(ConnectionImpl.java:2017) ~[mysql-connector-java-5.1.44.jar:5.1.44]
	at com.mysql.jdbc.ConnectionImpl.<init>(ConnectionImpl.java:779) ~[mysql-connector-java-5.1.44.jar:5.1.44]
	at com.mysql.jdbc.JDBC4Connection.<init>(JDBC4Connection.java:47) ~[mysql-connector-java-5.1.44.jar:5.1.44]
	at java.base/jdk.internal.reflect.NativeConstructorAccessorImpl.newInstance0(Native Method) ~[na:na]
	at java.base/jdk.internal.reflect.NativeConstructorAccessorImpl.newInstance(NativeConstructorAccessorImpl.java:62) ~[na:na]
	at java.base/jdk.internal.reflect.DelegatingConstructorAccessorImpl.newInstance(DelegatingConstructorAccessorImpl.java:45) ~[na:na]
	at java.base/java.lang.reflect.Constructor.newInstance(Constructor.java:490) ~[na:na]
	at com.mysql.jdbc.Util.handleNewInstance(Util.java:425) ~[mysql-connector-java-5.1.44.jar:5.1.44]
	at com.mysql.jdbc.ConnectionImpl.getInstance(ConnectionImpl.java:389) ~[mysql-connector-java-5.1.44.jar:5.1.44]
	at com.mysql.jdbc.NonRegisteringDriver.connect(NonRegisteringDriver.java:330) ~[mysql-connector-java-5.1.44.jar:5.1.44]
	at org.apache.tomcat.jdbc.pool.PooledConnection.connectUsingDriver(PooledConnection.java:310) ~[tomcat-jdbc-8.5.20.jar:na]
	at org.apache.tomcat.jdbc.pool.PooledConnection.connect(PooledConnection.java:203) ~[tomcat-jdbc-8.5.20.jar:na]
	at org.apache.tomcat.jdbc.pool.ConnectionPool.createConnection(ConnectionPool.java:735) ~[tomcat-jdbc-8.5.20.jar:na]
	at org.apache.tomcat.jdbc.pool.ConnectionPool.borrowConnection(ConnectionPool.java:667) ~[tomcat-jdbc-8.5.20.jar:na]
	at org.apache.tomcat.jdbc.pool.ConnectionPool.init(ConnectionPool.java:482) ~[tomcat-jdbc-8.5.20.jar:na]
	at org.apache.tomcat.jdbc.pool.ConnectionPool.<init>(ConnectionPool.java:154) ~[tomcat-jdbc-8.5.20.jar:na]
	at org.apache.tomcat.jdbc.pool.DataSourceProxy.pCreatePool(DataSourceProxy.java:118) ~[tomcat-jdbc-8.5.20.jar:na]
	at org.apache.tomcat.jdbc.pool.DataSourceProxy.createPool(DataSourceProxy.java:107) ~[tomcat-jdbc-8.5.20.jar:na]
	at org.apache.tomcat.jdbc.pool.DataSourceProxy.getConnection(DataSourceProxy.java:131) ~[tomcat-jdbc-8.5.20.jar:na]
	at org.flywaydb.core.internal.util.jdbc.JdbcUtils.openConnection(JdbcUtils.java:51) ~[flyway-core-5.0.7.jar:na]
	... 24 common frames omitted

2020-06-01 14:10:37.062  INFO 18494 --- [main] com.batuhaniskr.product.Application      : Starting Application on avinash with PID 18494 (/home/avinash/eclipse-workspace/spring-boot-product-system-master/target/classes started by avinash in /home/avinash/eclipse-workspace/spring-boot-product-system-master)
2020-06-01 14:10:37.065  INFO 18494 --- [main] com.batuhaniskr.product.Application      : No active profile set, falling back to default profiles: default
2020-06-01 14:10:37.353  INFO 18494 --- [main] ationConfigEmbeddedWebApplicationContext : Refreshing org.springframework.boot.context.embedded.AnnotationConfigEmbeddedWebApplicationContext@6f53b8a: startup date [Mon Jun 01 14:10:37 IST 2020]; root of context hierarchy
2020-06-01 14:10:38.676  INFO 18494 --- [main] s.b.c.e.t.TomcatEmbeddedServletContainer : Tomcat initialized with port(s): 8080 (http)
2020-06-01 14:10:38.685  INFO 18494 --- [main] o.apache.catalina.core.StandardService   : Starting service [Tomcat]
2020-06-01 14:10:38.686  INFO 18494 --- [main] org.apache.catalina.core.StandardEngine  : Starting Servlet Engine: Apache Tomcat/8.5.20
2020-06-01 14:10:38.753  INFO 18494 --- [localhost-startStop-1] o.a.c.c.C.[Tomcat].[localhost].[/]       : Initializing Spring embedded WebApplicationContext
2020-06-01 14:10:38.754  INFO 18494 --- [localhost-startStop-1] o.s.web.context.ContextLoader            : Root WebApplicationContext: initialization completed in 1412 ms
2020-06-01 14:10:38.920  INFO 18494 --- [localhost-startStop-1] o.s.b.w.servlet.FilterRegistrationBean   : Mapping filter: 'characterEncodingFilter' to: [/*]
2020-06-01 14:10:38.920  INFO 18494 --- [localhost-startStop-1] o.s.b.w.servlet.FilterRegistrationBean   : Mapping filter: 'hiddenHttpMethodFilter' to: [/*]
2020-06-01 14:10:38.921  INFO 18494 --- [localhost-startStop-1] o.s.b.w.servlet.FilterRegistrationBean   : Mapping filter: 'httpPutFormContentFilter' to: [/*]
2020-06-01 14:10:38.921  INFO 18494 --- [localhost-startStop-1] o.s.b.w.servlet.FilterRegistrationBean   : Mapping filter: 'requestContextFilter' to: [/*]
2020-06-01 14:10:38.922  INFO 18494 --- [localhost-startStop-1] .s.DelegatingFilterProxyRegistrationBean : Mapping filter: 'springSecurityFilterChain' to: [/*]
2020-06-01 14:10:38.922  INFO 18494 --- [localhost-startStop-1] o.s.b.w.servlet.ServletRegistrationBean  : Mapping servlet: 'dispatcherServlet' to [/]
2020-06-01 14:10:39.157  INFO 18494 --- [main] o.f.core.internal.util.VersionPrinter    : Flyway Community Edition 5.0.7 by Boxfuse
2020-06-01 14:10:39.791  INFO 18494 --- [main] o.f.c.internal.database.DatabaseFactory  : Database: jdbc:mysql://localhost:3306/gallary (MySQL 5.7)
2020-06-01 14:10:39.908  INFO 18494 --- [main] o.f.core.internal.command.DbValidate     : Successfully validated 2 migrations (execution time 00:00.017s)
2020-06-01 14:10:39.943  INFO 18494 --- [main] o.f.c.i.s.JdbcTableSchemaHistory         : Creating Schema History table: `gallary`.`flyway_schema_history`
2020-06-01 14:10:40.004  INFO 18494 --- [main] o.f.core.internal.command.DbMigrate      : Current version of schema `gallary`: << Empty Schema >>
2020-06-01 14:10:40.012  INFO 18494 --- [main] o.f.core.internal.command.DbMigrate      : Migrating schema `gallary` to version 1.0 - init
2020-06-01 14:10:40.198  INFO 18494 --- [main] o.f.core.internal.command.DbMigrate      : Migrating schema `gallary` to version 1.1 - user data
2020-06-01 14:10:40.215  INFO 18494 --- [main] o.f.core.internal.command.DbMigrate      : Successfully applied 2 migrations to schema `gallary` (execution time 00:00.273s)
2020-06-01 14:10:40.295  INFO 18494 --- [main] j.LocalContainerEntityManagerFactoryBean : Building JPA container EntityManagerFactory for persistence unit 'default'
2020-06-01 14:10:40.341  INFO 18494 --- [main] o.hibernate.jpa.internal.util.LogHelper  : HHH000204: Processing PersistenceUnitInfo [
	name: default
	...]
2020-06-01 14:10:40.412  INFO 18494 --- [main] org.hibernate.Version                    : HHH000412: Hibernate Core {5.0.12.Final}
2020-06-01 14:10:40.413  INFO 18494 --- [main] org.hibernate.cfg.Environment            : HHH000206: hibernate.properties not found
2020-06-01 14:10:40.415  INFO 18494 --- [main] org.hibernate.cfg.Environment            : HHH000021: Bytecode provider name : javassist
2020-06-01 14:10:40.448  INFO 18494 --- [main] o.hibernate.annotations.common.Version   : HCANN000001: Hibernate Commons Annotations {5.0.1.Final}
2020-06-01 14:10:40.532  INFO 18494 --- [main] org.hibernate.dialect.Dialect            : HHH000400: Using dialect: org.hibernate.dialect.MySQL5InnoDBDialect
2020-06-01 14:10:40.855  INFO 18494 --- [main] org.hibernate.tool.hbm2ddl.SchemaUpdate  : HHH000228: Running hbm2ddl schema update
2020-06-01 14:10:40.976  INFO 18494 --- [main] j.LocalContainerEntityManagerFactoryBean : Initialized JPA EntityManagerFactory for persistence unit 'default'
2020-06-01 14:10:41.590  INFO 18494 --- [main] o.s.s.web.DefaultSecurityFilterChain     : Creating filter chain: org.springframework.security.web.util.matcher.AnyRequestMatcher@1, [org.springframework.security.web.context.request.async.WebAsyncManagerIntegrationFilter@3151277f, org.springframework.security.web.context.SecurityContextPersistenceFilter@18dafd3b, org.springframework.security.web.header.HeaderWriterFilter@6da9541c, org.springframework.security.web.csrf.CsrfFilter@6b71e98f, org.springframework.security.web.authentication.logout.LogoutFilter@5617168c, org.springframework.security.web.authentication.UsernamePasswordAuthenticationFilter@50e24ea4, org.springframework.security.web.savedrequest.RequestCacheAwareFilter@4742466e, org.springframework.security.web.servletapi.SecurityContextHolderAwareRequestFilter@7a0d2c80, org.springframework.security.web.authentication.AnonymousAuthenticationFilter@2aeb7c4c, org.springframework.security.web.session.SessionManagementFilter@65e92505, org.springframework.security.web.access.ExceptionTranslationFilter@2fcffc05, org.springframework.security.web.access.intercept.FilterSecurityInterceptor@3f2ef402]
2020-06-01 14:10:41.832  INFO 18494 --- [main] s.w.s.m.m.a.RequestMappingHandlerAdapter : Looking for @ControllerAdvice: org.springframework.boot.context.embedded.AnnotationConfigEmbeddedWebApplicationContext@6f53b8a: startup date [Mon Jun 01 14:10:37 IST 2020]; root of context hierarchy
2020-06-01 14:10:41.874  INFO 18494 --- [main] s.w.s.m.m.a.RequestMappingHandlerMapping : Mapped "{[/products]}" onto public java.lang.String com.batuhaniskr.product.controller.MainController.index(org.springframework.ui.Model,java.util.Optional<java.lang.Integer>,java.util.Optional<java.lang.Integer>)
2020-06-01 14:10:41.875  INFO 18494 --- [main] s.w.s.m.m.a.RequestMappingHandlerMapping : Mapped "{[/products/save],methods=[POST]}" onto public java.lang.String com.batuhaniskr.product.controller.MainController.save(com.batuhaniskr.product.model.Product)
2020-06-01 14:10:41.876  INFO 18494 --- [main] s.w.s.m.m.a.RequestMappingHandlerMapping : Mapped "{[/products/add]}" onto public java.lang.String com.batuhaniskr.product.controller.MainController.addProduct(org.springframework.ui.Model)
2020-06-01 14:10:41.876  INFO 18494 --- [main] s.w.s.m.m.a.RequestMappingHandlerMapping : Mapped "{[/products/delete/{id}],methods=[GET]}" onto public java.lang.String com.batuhaniskr.product.controller.MainController.deleteProduct(java.lang.Integer)
2020-06-01 14:10:41.877  INFO 18494 --- [main] s.w.s.m.m.a.RequestMappingHandlerMapping : Mapped "{[/products/edit/{id}]}" onto public java.lang.String com.batuhaniskr.product.controller.MainController.editProduct(java.lang.Integer,org.springframework.ui.Model)
2020-06-01 14:10:41.880  INFO 18494 --- [main] s.w.s.m.m.a.RequestMappingHandlerMapping : Mapped "{[/access-denied]}" onto public java.lang.String com.batuhaniskr.product.controller.UserController.accessDenied()
2020-06-01 14:10:41.881  INFO 18494 --- [main] s.w.s.m.m.a.RequestMappingHandlerMapping : Mapped "{[/login],methods=[GET]}" onto public java.lang.String com.batuhaniskr.product.controller.UserController.showRegistrationForm(org.springframework.ui.Model)
2020-06-01 14:10:41.881  INFO 18494 --- [main] s.w.s.m.m.a.RequestMappingHandlerMapping : Mapped "{[/registration],methods=[POST]}" onto public java.lang.String com.batuhaniskr.product.controller.UserController.registerUserAccount(com.batuhaniskr.product.dto.UserRegistrationDto,org.springframework.validation.BindingResult,org.springframework.ui.Model)
2020-06-01 14:10:41.885  INFO 18494 --- [main] s.w.s.m.m.a.RequestMappingHandlerMapping : Mapped "{[/error]}" onto public org.springframework.http.ResponseEntity<java.util.Map<java.lang.String, java.lang.Object>> org.springframework.boot.autoconfigure.web.BasicErrorController.error(javax.servlet.http.HttpServletRequest)
2020-06-01 14:10:41.885  INFO 18494 --- [main] s.w.s.m.m.a.RequestMappingHandlerMapping : Mapped "{[/error],produces=[text/html]}" onto public org.springframework.web.servlet.ModelAndView org.springframework.boot.autoconfigure.web.BasicErrorController.errorHtml(javax.servlet.http.HttpServletRequest,javax.servlet.http.HttpServletResponse)
2020-06-01 14:10:41.910  INFO 18494 --- [main] o.s.w.s.handler.SimpleUrlHandlerMapping  : Mapped URL path [/webjars/**] onto handler of type [class org.springframework.web.servlet.resource.ResourceHttpRequestHandler]
2020-06-01 14:10:41.911  INFO 18494 --- [main] o.s.w.s.handler.SimpleUrlHandlerMapping  : Mapped URL path [/**] onto handler of type [class org.springframework.web.servlet.resource.ResourceHttpRequestHandler]
2020-06-01 14:10:41.941  INFO 18494 --- [main] o.s.w.s.handler.SimpleUrlHandlerMapping  : Mapped URL path [/**/favicon.ico] onto handler of type [class org.springframework.web.servlet.resource.ResourceHttpRequestHandler]
2020-06-01 14:10:41.973  WARN 18494 --- [main] org.thymeleaf.templatemode.TemplateMode  : [THYMELEAF][main] Template Mode 'HTML5' is deprecated. Using Template Mode 'HTML' instead.
2020-06-01 14:10:42.453  INFO 18494 --- [main] o.s.j.e.a.AnnotationMBeanExporter        : Registering beans for JMX exposure on startup
2020-06-01 14:10:42.499  INFO 18494 --- [main] s.b.c.e.t.TomcatEmbeddedServletContainer : Tomcat started on port(s): 8080 (http)
2020-06-01 14:10:42.506  INFO 18494 --- [main] com.batuhaniskr.product.Application      : Started Application in 5.684 seconds (JVM running for 6.811)
2020-06-01 14:10:55.759  INFO 18494 --- [http-nio-8080-exec-1] o.a.c.c.C.[Tomcat].[localhost].[/]       : Initializing Spring FrameworkServlet 'dispatcherServlet'
2020-06-01 14:10:55.759  INFO 18494 --- [http-nio-8080-exec-1] o.s.web.servlet.DispatcherServlet        : FrameworkServlet 'dispatcherServlet': initialization started
2020-06-01 14:10:55.771  INFO 18494 --- [http-nio-8080-exec-1] o.s.web.servlet.DispatcherServlet        : FrameworkServlet 'dispatcherServlet': initialization completed in 12 ms
2020-06-01 14:11:55.429  INFO 18494 --- [http-nio-8080-exec-1] o.h.h.i.QueryTranslatorFactoryInitiator  : HHH000397: Using ASTQueryTranslatorFactory
2020-06-01 14:12:49.707  INFO 18494 --- [http-nio-8080-exec-6] c.b.product.controller.MainController    : / JAVA
2020-06-01 14:12:54.602  INFO 18494 --- [http-nio-8080-exec-2] c.b.product.controller.MainController    : / JAVA
2020-06-01 14:15:55.185  INFO 18494 --- [RMI TCP Connection(4)-127.0.0.1] inMXBeanRegistrar$SpringApplicationAdmin : Application shutdown requested.
2020-06-01 14:15:55.186  INFO 18494 --- [RMI TCP Connection(4)-127.0.0.1] ationConfigEmbeddedWebApplicationContext : Closing org.springframework.boot.context.embedded.AnnotationConfigEmbeddedWebApplicationContext@6f53b8a: startup date [Mon Jun 01 14:10:37 IST 2020]; root of context hierarchy
2020-06-01 14:15:55.188  INFO 18494 --- [RMI TCP Connection(4)-127.0.0.1] o.s.j.e.a.AnnotationMBeanExporter        : Unregistering JMX-exposed beans on shutdown
2020-06-01 14:15:55.190  INFO 18494 --- [RMI TCP Connection(4)-127.0.0.1] j.LocalContainerEntityManagerFactoryBean : Closing JPA EntityManagerFactory for persistence unit 'default'
2020-06-01 23:47:29.665  INFO 31439 --- [main] com.batuhaniskr.product.Application      : Starting Application on avinash with PID 31439 (/home/avinash/eclipse-workspace/spring-boot-product-system-master/target/classes started by avinash in /home/avinash/eclipse-workspace/spring-boot-product-system-master)
2020-06-01 23:47:29.668  INFO 31439 --- [main] com.batuhaniskr.product.Application      : No active profile set, falling back to default profiles: default
2020-06-01 23:47:29.871  INFO 31439 --- [main] ationConfigEmbeddedWebApplicationContext : Refreshing org.springframework.boot.context.embedded.AnnotationConfigEmbeddedWebApplicationContext@6f53b8a: startup date [Mon Jun 01 23:47:29 IST 2020]; root of context hierarchy
2020-06-01 23:47:31.558  INFO 31439 --- [main] s.b.c.e.t.TomcatEmbeddedServletContainer : Tomcat initialized with port(s): 8080 (http)
2020-06-01 23:47:31.568  INFO 31439 --- [main] o.apache.catalina.core.StandardService   : Starting service [Tomcat]
2020-06-01 23:47:31.570  INFO 31439 --- [main] org.apache.catalina.core.StandardEngine  : Starting Servlet Engine: Apache Tomcat/8.5.20
2020-06-01 23:47:31.648  INFO 31439 --- [localhost-startStop-1] o.a.c.c.C.[Tomcat].[localhost].[/]       : Initializing Spring embedded WebApplicationContext
2020-06-01 23:47:31.649  INFO 31439 --- [localhost-startStop-1] o.s.web.context.ContextLoader            : Root WebApplicationContext: initialization completed in 1788 ms
2020-06-01 23:47:31.889  INFO 31439 --- [localhost-startStop-1] o.s.b.w.servlet.FilterRegistrationBean   : Mapping filter: 'characterEncodingFilter' to: [/*]
2020-06-01 23:47:31.890  INFO 31439 --- [localhost-startStop-1] o.s.b.w.servlet.FilterRegistrationBean   : Mapping filter: 'hiddenHttpMethodFilter' to: [/*]
2020-06-01 23:47:31.890  INFO 31439 --- [localhost-startStop-1] o.s.b.w.servlet.FilterRegistrationBean   : Mapping filter: 'httpPutFormContentFilter' to: [/*]
2020-06-01 23:47:31.890  INFO 31439 --- [localhost-startStop-1] o.s.b.w.servlet.FilterRegistrationBean   : Mapping filter: 'requestContextFilter' to: [/*]
2020-06-01 23:47:31.891  INFO 31439 --- [localhost-startStop-1] .s.DelegatingFilterProxyRegistrationBean : Mapping filter: 'springSecurityFilterChain' to: [/*]
2020-06-01 23:47:31.891  INFO 31439 --- [localhost-startStop-1] o.s.b.w.servlet.ServletRegistrationBean  : Mapping servlet: 'dispatcherServlet' to [/]
2020-06-01 23:47:32.156  INFO 31439 --- [main] o.f.core.internal.util.VersionPrinter    : Flyway Community Edition 5.0.7 by Boxfuse
2020-06-01 23:47:32.774  INFO 31439 --- [main] o.f.c.internal.database.DatabaseFactory  : Database: jdbc:mysql://localhost:3306/gallary (MySQL 5.7)
2020-06-01 23:47:32.817  INFO 31439 --- [main] o.f.core.internal.command.DbValidate     : Successfully validated 2 migrations (execution time 00:00.012s)
2020-06-01 23:47:32.909  INFO 31439 --- [main] o.f.c.i.s.JdbcTableSchemaHistory         : Creating Schema History table: `gallary`.`flyway_schema_history`
2020-06-01 23:47:32.959  INFO 31439 --- [main] o.f.core.internal.command.DbMigrate      : Current version of schema `gallary`: << Empty Schema >>
2020-06-01 23:47:32.966  INFO 31439 --- [main] o.f.core.internal.command.DbMigrate      : Migrating schema `gallary` to version 1.0 - init
2020-06-01 23:47:33.127  INFO 31439 --- [main] o.f.core.internal.command.DbMigrate      : Migrating schema `gallary` to version 1.1 - user data
2020-06-01 23:47:33.146  INFO 31439 --- [main] o.f.core.internal.command.DbMigrate      : Successfully applied 2 migrations to schema `gallary` (execution time 00:00.239s)
2020-06-01 23:47:33.234  INFO 31439 --- [main] j.LocalContainerEntityManagerFactoryBean : Building JPA container EntityManagerFactory for persistence unit 'default'
2020-06-01 23:47:33.290  INFO 31439 --- [main] o.hibernate.jpa.internal.util.LogHelper  : HHH000204: Processing PersistenceUnitInfo [
	name: default
	...]
2020-06-01 23:47:33.369  INFO 31439 --- [main] org.hibernate.Version                    : HHH000412: Hibernate Core {5.0.12.Final}
2020-06-01 23:47:33.371  INFO 31439 --- [main] org.hibernate.cfg.Environment            : HHH000206: hibernate.properties not found
2020-06-01 23:47:33.372  INFO 31439 --- [main] org.hibernate.cfg.Environment            : HHH000021: Bytecode provider name : javassist
2020-06-01 23:47:33.412  INFO 31439 --- [main] o.hibernate.annotations.common.Version   : HCANN000001: Hibernate Commons Annotations {5.0.1.Final}
2020-06-01 23:47:33.503  INFO 31439 --- [main] org.hibernate.dialect.Dialect            : HHH000400: Using dialect: org.hibernate.dialect.MySQL5InnoDBDialect
2020-06-01 23:47:33.877  INFO 31439 --- [main] org.hibernate.tool.hbm2ddl.SchemaUpdate  : HHH000228: Running hbm2ddl schema update
2020-06-01 23:47:34.023  INFO 31439 --- [main] j.LocalContainerEntityManagerFactoryBean : Initialized JPA EntityManagerFactory for persistence unit 'default'
2020-06-01 23:47:34.593  INFO 31439 --- [main] o.s.s.web.DefaultSecurityFilterChain     : Creating filter chain: org.springframework.security.web.util.matcher.AnyRequestMatcher@1, [org.springframework.security.web.context.request.async.WebAsyncManagerIntegrationFilter@41abee65, org.springframework.security.web.context.SecurityContextPersistenceFilter@13c81bc5, org.springframework.security.web.header.HeaderWriterFilter@50d05167, org.springframework.security.web.csrf.CsrfFilter@ea84346, org.springframework.security.web.authentication.logout.LogoutFilter@14b96c1e, org.springframework.security.web.authentication.UsernamePasswordAuthenticationFilter@21ba0d33, org.springframework.security.web.savedrequest.RequestCacheAwareFilter@75da2db, org.springframework.security.web.servletapi.SecurityContextHolderAwareRequestFilter@593f7d2e, org.springframework.security.web.authentication.AnonymousAuthenticationFilter@6fc6f68f, org.springframework.security.web.session.SessionManagementFilter@4e4af370, org.springframework.security.web.access.ExceptionTranslationFilter@7a0d2c80, org.springframework.security.web.access.intercept.FilterSecurityInterceptor@22172b00]
2020-06-01 23:47:34.863  INFO 31439 --- [main] s.w.s.m.m.a.RequestMappingHandlerAdapter : Looking for @ControllerAdvice: org.springframework.boot.context.embedded.AnnotationConfigEmbeddedWebApplicationContext@6f53b8a: startup date [Mon Jun 01 23:47:29 IST 2020]; root of context hierarchy
2020-06-01 23:47:34.909  INFO 31439 --- [main] s.w.s.m.m.a.RequestMappingHandlerMapping : Mapped "{[/products]}" onto public java.lang.String com.batuhaniskr.product.controller.MainController.index(org.springframework.ui.Model,java.util.Optional<java.lang.Integer>,java.util.Optional<java.lang.Integer>)
2020-06-01 23:47:34.910  INFO 31439 --- [main] s.w.s.m.m.a.RequestMappingHandlerMapping : Mapped "{[/products/save],methods=[POST]}" onto public java.lang.String com.batuhaniskr.product.controller.MainController.save(com.batuhaniskr.product.model.Product)
2020-06-01 23:47:34.911  INFO 31439 --- [main] s.w.s.m.m.a.RequestMappingHandlerMapping : Mapped "{[/products/add]}" onto public java.lang.String com.batuhaniskr.product.controller.MainController.addProduct(org.springframework.ui.Model)
2020-06-01 23:47:34.911  INFO 31439 --- [main] s.w.s.m.m.a.RequestMappingHandlerMapping : Mapped "{[/products/delete/{id}],methods=[GET]}" onto public java.lang.String com.batuhaniskr.product.controller.MainController.deleteProduct(java.lang.Integer)
2020-06-01 23:47:34.912  INFO 31439 --- [main] s.w.s.m.m.a.RequestMappingHandlerMapping : Mapped "{[/products/edit/{id}]}" onto public java.lang.String com.batuhaniskr.product.controller.MainController.editProduct(java.lang.Integer,org.springframework.ui.Model)
2020-06-01 23:47:34.915  INFO 31439 --- [main] s.w.s.m.m.a.RequestMappingHandlerMapping : Mapped "{[/access-denied]}" onto public java.lang.String com.batuhaniskr.product.controller.UserController.accessDenied()
2020-06-01 23:47:34.916  INFO 31439 --- [main] s.w.s.m.m.a.RequestMappingHandlerMapping : Mapped "{[/login],methods=[GET]}" onto public java.lang.String com.batuhaniskr.product.controller.UserController.showRegistrationForm(org.springframework.ui.Model)
2020-06-01 23:47:34.917  INFO 31439 --- [main] s.w.s.m.m.a.RequestMappingHandlerMapping : Mapped "{[/registration],methods=[POST]}" onto public java.lang.String com.batuhaniskr.product.controller.UserController.registerUserAccount(com.batuhaniskr.product.dto.UserRegistrationDto,org.springframework.validation.BindingResult,org.springframework.ui.Model)
2020-06-01 23:47:34.920  INFO 31439 --- [main] s.w.s.m.m.a.RequestMappingHandlerMapping : Mapped "{[/error]}" onto public org.springframework.http.ResponseEntity<java.util.Map<java.lang.String, java.lang.Object>> org.springframework.boot.autoconfigure.web.BasicErrorController.error(javax.servlet.http.HttpServletRequest)
2020-06-01 23:47:34.920  INFO 31439 --- [main] s.w.s.m.m.a.RequestMappingHandlerMapping : Mapped "{[/error],produces=[text/html]}" onto public org.springframework.web.servlet.ModelAndView org.springframework.boot.autoconfigure.web.BasicErrorController.errorHtml(javax.servlet.http.HttpServletRequest,javax.servlet.http.HttpServletResponse)
2020-06-01 23:47:34.948  INFO 31439 --- [main] o.s.w.s.handler.SimpleUrlHandlerMapping  : Mapped URL path [/webjars/**] onto handler of type [class org.springframework.web.servlet.resource.ResourceHttpRequestHandler]
2020-06-01 23:47:34.948  INFO 31439 --- [main] o.s.w.s.handler.SimpleUrlHandlerMapping  : Mapped URL path [/**] onto handler of type [class org.springframework.web.servlet.resource.ResourceHttpRequestHandler]
2020-06-01 23:47:34.992  INFO 31439 --- [main] o.s.w.s.handler.SimpleUrlHandlerMapping  : Mapped URL path [/**/favicon.ico] onto handler of type [class org.springframework.web.servlet.resource.ResourceHttpRequestHandler]
2020-06-01 23:47:35.029  WARN 31439 --- [main] org.thymeleaf.templatemode.TemplateMode  : [THYMELEAF][main] Template Mode 'HTML5' is deprecated. Using Template Mode 'HTML' instead.
2020-06-01 23:47:35.556  INFO 31439 --- [main] o.s.j.e.a.AnnotationMBeanExporter        : Registering beans for JMX exposure on startup
2020-06-01 23:47:35.602 ERROR 31439 --- [main] o.a.coyote.http11.Http11NioProtocol      : Failed to start end point associated with ProtocolHandler ["http-nio-8080"]

java.net.BindException: Address already in use
	at java.base/sun.nio.ch.Net.bind0(Native Method) ~[na:na]
	at java.base/sun.nio.ch.Net.bind(Net.java:455) ~[na:na]
	at java.base/sun.nio.ch.Net.bind(Net.java:447) ~[na:na]
	at java.base/sun.nio.ch.ServerSocketChannelImpl.bind(ServerSocketChannelImpl.java:227) ~[na:na]
	at java.base/sun.nio.ch.ServerSocketAdaptor.bind(ServerSocketAdaptor.java:80) ~[na:na]
	at org.apache.tomcat.util.net.NioEndpoint.bind(NioEndpoint.java:210) ~[tomcat-embed-core-8.5.20.jar:8.5.20]
	at org.apache.tomcat.util.net.AbstractEndpoint.start(AbstractEndpoint.java:990) ~[tomcat-embed-core-8.5.20.jar:8.5.20]
	at org.apache.coyote.AbstractProtocol.start(AbstractProtocol.java:635) ~[tomcat-embed-core-8.5.20.jar:8.5.20]
	at org.apache.catalina.connector.Connector.startInternal(Connector.java:1022) ~[tomcat-embed-core-8.5.20.jar:8.5.20]
	at org.apache.catalina.util.LifecycleBase.start(LifecycleBase.java:150) ~[tomcat-embed-core-8.5.20.jar:8.5.20]
	at org.apache.catalina.core.StandardService.addConnector(StandardService.java:225) ~[tomcat-embed-core-8.5.20.jar:8.5.20]
	at org.springframework.boot.context.embedded.tomcat.TomcatEmbeddedServletContainer.addPreviouslyRemovedConnectors(TomcatEmbeddedServletContainer.java:250) ~[spring-boot-1.5.7.RELEASE.jar:1.5.7.RELEASE]
	at org.springframework.boot.context.embedded.tomcat.TomcatEmbeddedServletContainer.start(TomcatEmbeddedServletContainer.java:193) ~[spring-boot-1.5.7.RELEASE.jar:1.5.7.RELEASE]
	at org.springframework.boot.context.embedded.EmbeddedWebApplicationContext.startEmbeddedServletContainer(EmbeddedWebApplicationContext.java:297) ~[spring-boot-1.5.7.RELEASE.jar:1.5.7.RELEASE]
	at org.springframework.boot.context.embedded.EmbeddedWebApplicationContext.finishRefresh(EmbeddedWebApplicationContext.java:145) ~[spring-boot-1.5.7.RELEASE.jar:1.5.7.RELEASE]
	at org.springframework.context.support.AbstractApplicationContext.refresh(AbstractApplicationContext.java:546) ~[spring-context-4.3.11.RELEASE.jar:4.3.11.RELEASE]
	at org.springframework.boot.context.embedded.EmbeddedWebApplicationContext.refresh(EmbeddedWebApplicationContext.java:122) ~[spring-boot-1.5.7.RELEASE.jar:1.5.7.RELEASE]
	at org.springframework.boot.SpringApplication.refresh(SpringApplication.java:693) ~[spring-boot-1.5.7.RELEASE.jar:1.5.7.RELEASE]
	at org.springframework.boot.SpringApplication.refreshContext(SpringApplication.java:360) ~[spring-boot-1.5.7.RELEASE.jar:1.5.7.RELEASE]
	at org.springframework.boot.SpringApplication.run(SpringApplication.java:303) ~[spring-boot-1.5.7.RELEASE.jar:1.5.7.RELEASE]
	at org.springframework.boot.SpringApplication.run(SpringApplication.java:1118) ~[spring-boot-1.5.7.RELEASE.jar:1.5.7.RELEASE]
	at org.springframework.boot.SpringApplication.run(SpringApplication.java:1107) ~[spring-boot-1.5.7.RELEASE.jar:1.5.7.RELEASE]
	at com.batuhaniskr.product.Application.main(Application.java:10) ~[classes/:na]

2020-06-01 23:47:35.603 ERROR 31439 --- [main] o.apache.catalina.core.StandardService   : Failed to start connector [Connector[HTTP/1.1-8080]]

org.apache.catalina.LifecycleException: Failed to start component [Connector[HTTP/1.1-8080]]
	at org.apache.catalina.util.LifecycleBase.start(LifecycleBase.java:167) ~[tomcat-embed-core-8.5.20.jar:8.5.20]
	at org.apache.catalina.core.StandardService.addConnector(StandardService.java:225) ~[tomcat-embed-core-8.5.20.jar:8.5.20]
	at org.springframework.boot.context.embedded.tomcat.TomcatEmbeddedServletContainer.addPreviouslyRemovedConnectors(TomcatEmbeddedServletContainer.java:250) ~[spring-boot-1.5.7.RELEASE.jar:1.5.7.RELEASE]
	at org.springframework.boot.context.embedded.tomcat.TomcatEmbeddedServletContainer.start(TomcatEmbeddedServletContainer.java:193) ~[spring-boot-1.5.7.RELEASE.jar:1.5.7.RELEASE]
	at org.springframework.boot.context.embedded.EmbeddedWebApplicationContext.startEmbeddedServletContainer(EmbeddedWebApplicationContext.java:297) ~[spring-boot-1.5.7.RELEASE.jar:1.5.7.RELEASE]
	at org.springframework.boot.context.embedded.EmbeddedWebApplicationContext.finishRefresh(EmbeddedWebApplicationContext.java:145) ~[spring-boot-1.5.7.RELEASE.jar:1.5.7.RELEASE]
	at org.springframework.context.support.AbstractApplicationContext.refresh(AbstractApplicationContext.java:546) ~[spring-context-4.3.11.RELEASE.jar:4.3.11.RELEASE]
	at org.springframework.boot.context.embedded.EmbeddedWebApplicationContext.refresh(EmbeddedWebApplicationContext.java:122) ~[spring-boot-1.5.7.RELEASE.jar:1.5.7.RELEASE]
	at org.springframework.boot.SpringApplication.refresh(SpringApplication.java:693) ~[spring-boot-1.5.7.RELEASE.jar:1.5.7.RELEASE]
	at org.springframework.boot.SpringApplication.refreshContext(SpringApplication.java:360) ~[spring-boot-1.5.7.RELEASE.jar:1.5.7.RELEASE]
	at org.springframework.boot.SpringApplication.run(SpringApplication.java:303) ~[spring-boot-1.5.7.RELEASE.jar:1.5.7.RELEASE]
	at org.springframework.boot.SpringApplication.run(SpringApplication.java:1118) ~[spring-boot-1.5.7.RELEASE.jar:1.5.7.RELEASE]
	at org.springframework.boot.SpringApplication.run(SpringApplication.java:1107) ~[spring-boot-1.5.7.RELEASE.jar:1.5.7.RELEASE]
	at com.batuhaniskr.product.Application.main(Application.java:10) ~[classes/:na]
Caused by: org.apache.catalina.LifecycleException: service.getName(): "Tomcat";  Protocol handler start failed
	at org.apache.catalina.connector.Connector.startInternal(Connector.java:1029) ~[tomcat-embed-core-8.5.20.jar:8.5.20]
	at org.apache.catalina.util.LifecycleBase.start(LifecycleBase.java:150) ~[tomcat-embed-core-8.5.20.jar:8.5.20]
	... 13 common frames omitted
Caused by: java.net.BindException: Address already in use
	at java.base/sun.nio.ch.Net.bind0(Native Method) ~[na:na]
	at java.base/sun.nio.ch.Net.bind(Net.java:455) ~[na:na]
	at java.base/sun.nio.ch.Net.bind(Net.java:447) ~[na:na]
	at java.base/sun.nio.ch.ServerSocketChannelImpl.bind(ServerSocketChannelImpl.java:227) ~[na:na]
	at java.base/sun.nio.ch.ServerSocketAdaptor.bind(ServerSocketAdaptor.java:80) ~[na:na]
	at org.apache.tomcat.util.net.NioEndpoint.bind(NioEndpoint.java:210) ~[tomcat-embed-core-8.5.20.jar:8.5.20]
	at org.apache.tomcat.util.net.AbstractEndpoint.start(AbstractEndpoint.java:990) ~[tomcat-embed-core-8.5.20.jar:8.5.20]
	at org.apache.coyote.AbstractProtocol.start(AbstractProtocol.java:635) ~[tomcat-embed-core-8.5.20.jar:8.5.20]
	at org.apache.catalina.connector.Connector.startInternal(Connector.java:1022) ~[tomcat-embed-core-8.5.20.jar:8.5.20]
	... 14 common frames omitted

2020-06-01 23:47:35.611  INFO 31439 --- [main] o.apache.catalina.core.StandardService   : Stopping service [Tomcat]
2020-06-01 23:47:35.627  INFO 31439 --- [main] utoConfigurationReportLoggingInitializer : 

Error starting ApplicationContext. To display the auto-configuration report re-run your application with 'debug' enabled.
2020-06-01 23:47:35.631 ERROR 31439 --- [main] o.s.b.d.LoggingFailureAnalysisReporter   : 

***************************
APPLICATION FAILED TO START
***************************

Description:

The Tomcat connector configured to listen on port 8080 failed to start. The port may already be in use or the connector may be misconfigured.

Action:

Verify the connector's configuration, identify and stop any process that's listening on port 8080, or configure this application to listen on another port.

2020-06-01 23:47:35.632  INFO 31439 --- [main] ationConfigEmbeddedWebApplicationContext : Closing org.springframework.boot.context.embedded.AnnotationConfigEmbeddedWebApplicationContext@6f53b8a: startup date [Mon Jun 01 23:47:29 IST 2020]; root of context hierarchy
2020-06-01 23:47:35.634  INFO 31439 --- [main] o.s.j.e.a.AnnotationMBeanExporter        : Unregistering JMX-exposed beans on shutdown
2020-06-01 23:47:35.636  INFO 31439 --- [main] j.LocalContainerEntityManagerFactoryBean : Closing JPA EntityManagerFactory for persistence unit 'default'
2020-06-01 23:48:38.908  INFO 31512 --- [main] com.batuhaniskr.product.Application      : Starting Application on avinash with PID 31512 (/home/avinash/eclipse-workspace/spring-boot-product-system-master/target/classes started by avinash in /home/avinash/eclipse-workspace/spring-boot-product-system-master)
2020-06-01 23:48:38.910  INFO 31512 --- [main] com.batuhaniskr.product.Application      : No active profile set, falling back to default profiles: default
2020-06-01 23:48:39.165  INFO 31512 --- [main] ationConfigEmbeddedWebApplicationContext : Refreshing org.springframework.boot.context.embedded.AnnotationConfigEmbeddedWebApplicationContext@6f53b8a: startup date [Mon Jun 01 23:48:39 IST 2020]; root of context hierarchy
2020-06-01 23:48:40.544  INFO 31512 --- [main] s.b.c.e.t.TomcatEmbeddedServletContainer : Tomcat initialized with port(s): 8080 (http)
2020-06-01 23:48:40.553  INFO 31512 --- [main] o.apache.catalina.core.StandardService   : Starting service [Tomcat]
2020-06-01 23:48:40.554  INFO 31512 --- [main] org.apache.catalina.core.StandardEngine  : Starting Servlet Engine: Apache Tomcat/8.5.20
2020-06-01 23:48:40.627  INFO 31512 --- [localhost-startStop-1] o.a.c.c.C.[Tomcat].[localhost].[/]       : Initializing Spring embedded WebApplicationContext
2020-06-01 23:48:40.628  INFO 31512 --- [localhost-startStop-1] o.s.web.context.ContextLoader            : Root WebApplicationContext: initialization completed in 1475 ms
2020-06-01 23:48:40.777  INFO 31512 --- [localhost-startStop-1] o.s.b.w.servlet.FilterRegistrationBean   : Mapping filter: 'characterEncodingFilter' to: [/*]
2020-06-01 23:48:40.778  INFO 31512 --- [localhost-startStop-1] o.s.b.w.servlet.FilterRegistrationBean   : Mapping filter: 'hiddenHttpMethodFilter' to: [/*]
2020-06-01 23:48:40.778  INFO 31512 --- [localhost-startStop-1] o.s.b.w.servlet.FilterRegistrationBean   : Mapping filter: 'httpPutFormContentFilter' to: [/*]
2020-06-01 23:48:40.778  INFO 31512 --- [localhost-startStop-1] o.s.b.w.servlet.FilterRegistrationBean   : Mapping filter: 'requestContextFilter' to: [/*]
2020-06-01 23:48:40.779  INFO 31512 --- [localhost-startStop-1] .s.DelegatingFilterProxyRegistrationBean : Mapping filter: 'springSecurityFilterChain' to: [/*]
2020-06-01 23:48:40.779  INFO 31512 --- [localhost-startStop-1] o.s.b.w.servlet.ServletRegistrationBean  : Mapping servlet: 'dispatcherServlet' to [/]
2020-06-01 23:48:41.042  INFO 31512 --- [main] o.f.core.internal.util.VersionPrinter    : Flyway Community Edition 5.0.7 by Boxfuse
2020-06-01 23:48:41.679  INFO 31512 --- [main] o.f.c.internal.database.DatabaseFactory  : Database: jdbc:mysql://localhost:3306/gallary (MySQL 5.7)
2020-06-01 23:48:41.723  INFO 31512 --- [main] o.f.core.internal.command.DbValidate     : Successfully validated 2 migrations (execution time 00:00.011s)
2020-06-01 23:48:41.746  INFO 31512 --- [main] o.f.c.i.s.JdbcTableSchemaHistory         : Creating Schema History table: `gallary`.`flyway_schema_history`
2020-06-01 23:48:41.859  INFO 31512 --- [main] o.f.core.internal.command.DbMigrate      : Current version of schema `gallary`: << Empty Schema >>
2020-06-01 23:48:41.866  INFO 31512 --- [main] o.f.core.internal.command.DbMigrate      : Migrating schema `gallary` to version 1.0 - init
2020-06-01 23:48:42.037  INFO 31512 --- [main] o.f.core.internal.command.DbMigrate      : Migrating schema `gallary` to version 1.1 - user data
2020-06-01 23:48:42.055  INFO 31512 --- [main] o.f.core.internal.command.DbMigrate      : Successfully applied 2 migrations to schema `gallary` (execution time 00:00.309s)
2020-06-01 23:48:42.157  INFO 31512 --- [main] j.LocalContainerEntityManagerFactoryBean : Building JPA container EntityManagerFactory for persistence unit 'default'
2020-06-01 23:48:42.188  INFO 31512 --- [main] o.hibernate.jpa.internal.util.LogHelper  : HHH000204: Processing PersistenceUnitInfo [
	name: default
	...]
2020-06-01 23:48:42.245  INFO 31512 --- [main] org.hibernate.Version                    : HHH000412: Hibernate Core {5.0.12.Final}
2020-06-01 23:48:42.247  INFO 31512 --- [main] org.hibernate.cfg.Environment            : HHH000206: hibernate.properties not found
2020-06-01 23:48:42.248  INFO 31512 --- [main] org.hibernate.cfg.Environment            : HHH000021: Bytecode provider name : javassist
2020-06-01 23:48:42.278  INFO 31512 --- [main] o.hibernate.annotations.common.Version   : HCANN000001: Hibernate Commons Annotations {5.0.1.Final}
2020-06-01 23:48:42.346  INFO 31512 --- [main] org.hibernate.dialect.Dialect            : HHH000400: Using dialect: org.hibernate.dialect.MySQL5InnoDBDialect
2020-06-01 23:48:42.643  INFO 31512 --- [main] org.hibernate.tool.hbm2ddl.SchemaUpdate  : HHH000228: Running hbm2ddl schema update
2020-06-01 23:48:42.767  INFO 31512 --- [main] j.LocalContainerEntityManagerFactoryBean : Initialized JPA EntityManagerFactory for persistence unit 'default'
2020-06-01 23:48:43.285  INFO 31512 --- [main] o.s.s.web.DefaultSecurityFilterChain     : Creating filter chain: org.springframework.security.web.util.matcher.AnyRequestMatcher@1, [org.springframework.security.web.context.request.async.WebAsyncManagerIntegrationFilter@70aa03c0, org.springframework.security.web.context.SecurityContextPersistenceFilter@55c8fc60, org.springframework.security.web.header.HeaderWriterFilter@38093ffe, org.springframework.security.web.csrf.CsrfFilter@4a3bf37c, org.springframework.security.web.authentication.logout.LogoutFilter@7b2f8152, org.springframework.security.web.authentication.UsernamePasswordAuthenticationFilter@2aeb7c4c, org.springframework.security.web.savedrequest.RequestCacheAwareFilter@4e4af370, org.springframework.security.web.servletapi.SecurityContextHolderAwareRequestFilter@6b15e68c, org.springframework.security.web.authentication.AnonymousAuthenticationFilter@44da745f, org.springframework.security.web.session.SessionManagementFilter@7a0d2c80, org.springframework.security.web.access.ExceptionTranslationFilter@6ef61cd0, org.springframework.security.web.access.intercept.FilterSecurityInterceptor@152035eb]
2020-06-01 23:48:43.540  INFO 31512 --- [main] s.w.s.m.m.a.RequestMappingHandlerAdapter : Looking for @ControllerAdvice: org.springframework.boot.context.embedded.AnnotationConfigEmbeddedWebApplicationContext@6f53b8a: startup date [Mon Jun 01 23:48:39 IST 2020]; root of context hierarchy
2020-06-01 23:48:43.585  INFO 31512 --- [main] s.w.s.m.m.a.RequestMappingHandlerMapping : Mapped "{[/products]}" onto public java.lang.String com.batuhaniskr.product.controller.MainController.index(org.springframework.ui.Model,java.util.Optional<java.lang.Integer>,java.util.Optional<java.lang.Integer>)
2020-06-01 23:48:43.586  INFO 31512 --- [main] s.w.s.m.m.a.RequestMappingHandlerMapping : Mapped "{[/products/save],methods=[POST]}" onto public java.lang.String com.batuhaniskr.product.controller.MainController.save(com.batuhaniskr.product.model.Product)
2020-06-01 23:48:43.586  INFO 31512 --- [main] s.w.s.m.m.a.RequestMappingHandlerMapping : Mapped "{[/products/add]}" onto public java.lang.String com.batuhaniskr.product.controller.MainController.addProduct(org.springframework.ui.Model)
2020-06-01 23:48:43.586  INFO 31512 --- [main] s.w.s.m.m.a.RequestMappingHandlerMapping : Mapped "{[/products/delete/{id}],methods=[GET]}" onto public java.lang.String com.batuhaniskr.product.controller.MainController.deleteProduct(java.lang.Integer)
2020-06-01 23:48:43.587  INFO 31512 --- [main] s.w.s.m.m.a.RequestMappingHandlerMapping : Mapped "{[/products/edit/{id}]}" onto public java.lang.String com.batuhaniskr.product.controller.MainController.editProduct(java.lang.Integer,org.springframework.ui.Model)
2020-06-01 23:48:43.589  INFO 31512 --- [main] s.w.s.m.m.a.RequestMappingHandlerMapping : Mapped "{[/access-denied]}" onto public java.lang.String com.batuhaniskr.product.controller.UserController.accessDenied()
2020-06-01 23:48:43.590  INFO 31512 --- [main] s.w.s.m.m.a.RequestMappingHandlerMapping : Mapped "{[/login],methods=[GET]}" onto public java.lang.String com.batuhaniskr.product.controller.UserController.showRegistrationForm(org.springframework.ui.Model)
2020-06-01 23:48:43.590  INFO 31512 --- [main] s.w.s.m.m.a.RequestMappingHandlerMapping : Mapped "{[/registration],methods=[POST]}" onto public java.lang.String com.batuhaniskr.product.controller.UserController.registerUserAccount(com.batuhaniskr.product.dto.UserRegistrationDto,org.springframework.validation.BindingResult,org.springframework.ui.Model)
2020-06-01 23:48:43.593  INFO 31512 --- [main] s.w.s.m.m.a.RequestMappingHandlerMapping : Mapped "{[/error]}" onto public org.springframework.http.ResponseEntity<java.util.Map<java.lang.String, java.lang.Object>> org.springframework.boot.autoconfigure.web.BasicErrorController.error(javax.servlet.http.HttpServletRequest)
2020-06-01 23:48:43.594  INFO 31512 --- [main] s.w.s.m.m.a.RequestMappingHandlerMapping : Mapped "{[/error],produces=[text/html]}" onto public org.springframework.web.servlet.ModelAndView org.springframework.boot.autoconfigure.web.BasicErrorController.errorHtml(javax.servlet.http.HttpServletRequest,javax.servlet.http.HttpServletResponse)
2020-06-01 23:48:43.619  INFO 31512 --- [main] o.s.w.s.handler.SimpleUrlHandlerMapping  : Mapped URL path [/webjars/**] onto handler of type [class org.springframework.web.servlet.resource.ResourceHttpRequestHandler]
2020-06-01 23:48:43.619  INFO 31512 --- [main] o.s.w.s.handler.SimpleUrlHandlerMapping  : Mapped URL path [/**] onto handler of type [class org.springframework.web.servlet.resource.ResourceHttpRequestHandler]
2020-06-01 23:48:43.649  INFO 31512 --- [main] o.s.w.s.handler.SimpleUrlHandlerMapping  : Mapped URL path [/**/favicon.ico] onto handler of type [class org.springframework.web.servlet.resource.ResourceHttpRequestHandler]
2020-06-01 23:48:43.681  WARN 31512 --- [main] org.thymeleaf.templatemode.TemplateMode  : [THYMELEAF][main] Template Mode 'HTML5' is deprecated. Using Template Mode 'HTML' instead.
2020-06-01 23:48:44.139  INFO 31512 --- [main] o.s.j.e.a.AnnotationMBeanExporter        : Registering beans for JMX exposure on startup
2020-06-01 23:48:44.181  INFO 31512 --- [main] s.b.c.e.t.TomcatEmbeddedServletContainer : Tomcat started on port(s): 8080 (http)
2020-06-01 23:48:44.185  INFO 31512 --- [main] com.batuhaniskr.product.Application      : Started Application in 5.54 seconds (JVM running for 6.27)
2020-06-01 23:48:50.906  INFO 31512 --- [http-nio-8080-exec-1] o.a.c.c.C.[Tomcat].[localhost].[/]       : Initializing Spring FrameworkServlet 'dispatcherServlet'
2020-06-01 23:48:50.906  INFO 31512 --- [http-nio-8080-exec-1] o.s.web.servlet.DispatcherServlet        : FrameworkServlet 'dispatcherServlet': initialization started
2020-06-01 23:48:50.923  INFO 31512 --- [http-nio-8080-exec-1] o.s.web.servlet.DispatcherServlet        : FrameworkServlet 'dispatcherServlet': initialization completed in 16 ms
2020-06-01 23:58:29.294  INFO 31512 --- [http-nio-8080-exec-6] o.h.h.i.QueryTranslatorFactoryInitiator  : HHH000397: Using ASTQueryTranslatorFactory
2020-06-01 23:59:15.895  INFO 31512 --- [http-nio-8080-exec-3] c.b.product.controller.MainController    : / Avinash Shukla
2020-06-01 23:59:40.844  INFO 31512 --- [http-nio-8080-exec-7] c.b.product.controller.MainController    : / admin
2020-06-02 00:01:38.578  INFO 31512 --- [RMI TCP Connection(4)-127.0.0.1] inMXBeanRegistrar$SpringApplicationAdmin : Application shutdown requested.
2020-06-02 00:01:38.578  INFO 31512 --- [RMI TCP Connection(4)-127.0.0.1] ationConfigEmbeddedWebApplicationContext : Closing org.springframework.boot.context.embedded.AnnotationConfigEmbeddedWebApplicationContext@6f53b8a: startup date [Mon Jun 01 23:48:39 IST 2020]; root of context hierarchy
2020-06-02 00:01:38.580  INFO 31512 --- [RMI TCP Connection(4)-127.0.0.1] o.s.j.e.a.AnnotationMBeanExporter        : Unregistering JMX-exposed beans on shutdown
2020-06-02 00:01:38.582  INFO 31512 --- [RMI TCP Connection(4)-127.0.0.1] j.LocalContainerEntityManagerFactoryBean : Closing JPA EntityManagerFactory for persistence unit 'default'
2020-06-02 00:01:49.357  INFO 31861 --- [main] com.batuhaniskr.product.Application      : Starting Application on avinash with PID 31861 (/home/avinash/eclipse-workspace/spring-boot-product-system-master/target/classes started by avinash in /home/avinash/eclipse-workspace/spring-boot-product-system-master)
2020-06-02 00:01:49.360  INFO 31861 --- [main] com.batuhaniskr.product.Application      : No active profile set, falling back to default profiles: default
2020-06-02 00:01:49.660  INFO 31861 --- [main] ationConfigEmbeddedWebApplicationContext : Refreshing org.springframework.boot.context.embedded.AnnotationConfigEmbeddedWebApplicationContext@6f53b8a: startup date [Tue Jun 02 00:01:49 IST 2020]; root of context hierarchy
2020-06-02 00:01:51.188  INFO 31861 --- [main] s.b.c.e.t.TomcatEmbeddedServletContainer : Tomcat initialized with port(s): 8080 (http)
2020-06-02 00:01:51.197  INFO 31861 --- [main] o.apache.catalina.core.StandardService   : Starting service [Tomcat]
2020-06-02 00:01:51.198  INFO 31861 --- [main] org.apache.catalina.core.StandardEngine  : Starting Servlet Engine: Apache Tomcat/8.5.20
2020-06-02 00:01:51.283  INFO 31861 --- [localhost-startStop-1] o.a.c.c.C.[Tomcat].[localhost].[/]       : Initializing Spring embedded WebApplicationContext
2020-06-02 00:01:51.284  INFO 31861 --- [localhost-startStop-1] o.s.web.context.ContextLoader            : Root WebApplicationContext: initialization completed in 1639 ms
2020-06-02 00:01:51.462  INFO 31861 --- [localhost-startStop-1] o.s.b.w.servlet.FilterRegistrationBean   : Mapping filter: 'characterEncodingFilter' to: [/*]
2020-06-02 00:01:51.463  INFO 31861 --- [localhost-startStop-1] o.s.b.w.servlet.FilterRegistrationBean   : Mapping filter: 'hiddenHttpMethodFilter' to: [/*]
2020-06-02 00:01:51.463  INFO 31861 --- [localhost-startStop-1] o.s.b.w.servlet.FilterRegistrationBean   : Mapping filter: 'httpPutFormContentFilter' to: [/*]
2020-06-02 00:01:51.463  INFO 31861 --- [localhost-startStop-1] o.s.b.w.servlet.FilterRegistrationBean   : Mapping filter: 'requestContextFilter' to: [/*]
2020-06-02 00:01:51.464  INFO 31861 --- [localhost-startStop-1] .s.DelegatingFilterProxyRegistrationBean : Mapping filter: 'springSecurityFilterChain' to: [/*]
2020-06-02 00:01:51.464  INFO 31861 --- [localhost-startStop-1] o.s.b.w.servlet.ServletRegistrationBean  : Mapping servlet: 'dispatcherServlet' to [/]
2020-06-02 00:01:51.713  INFO 31861 --- [main] o.f.core.internal.util.VersionPrinter    : Flyway Community Edition 5.0.7 by Boxfuse
2020-06-02 00:01:52.286  INFO 31861 --- [main] o.f.c.internal.database.DatabaseFactory  : Database: jdbc:mysql://localhost:3306/gallary (MySQL 5.7)
2020-06-02 00:01:52.342  INFO 31861 --- [main] o.f.core.internal.command.DbValidate     : Successfully validated 2 migrations (execution time 00:00.021s)
2020-06-02 00:01:52.365  INFO 31861 --- [main] o.f.core.internal.command.DbMigrate      : Current version of schema `gallary`: 1.1
2020-06-02 00:01:52.366  INFO 31861 --- [main] o.f.core.internal.command.DbMigrate      : Schema `gallary` is up to date. No migration necessary.
2020-06-02 00:01:52.532  INFO 31861 --- [main] j.LocalContainerEntityManagerFactoryBean : Building JPA container EntityManagerFactory for persistence unit 'default'
2020-06-02 00:01:52.569  INFO 31861 --- [main] o.hibernate.jpa.internal.util.LogHelper  : HHH000204: Processing PersistenceUnitInfo [
	name: default
	...]
2020-06-02 00:01:52.621  INFO 31861 --- [main] org.hibernate.Version                    : HHH000412: Hibernate Core {5.0.12.Final}
2020-06-02 00:01:52.622  INFO 31861 --- [main] org.hibernate.cfg.Environment            : HHH000206: hibernate.properties not found
2020-06-02 00:01:52.623  INFO 31861 --- [main] org.hibernate.cfg.Environment            : HHH000021: Bytecode provider name : javassist
2020-06-02 00:01:52.653  INFO 31861 --- [main] o.hibernate.annotations.common.Version   : HCANN000001: Hibernate Commons Annotations {5.0.1.Final}
2020-06-02 00:01:52.730  INFO 31861 --- [main] org.hibernate.dialect.Dialect            : HHH000400: Using dialect: org.hibernate.dialect.MySQL5InnoDBDialect
2020-06-02 00:01:53.077  INFO 31861 --- [main] org.hibernate.tool.hbm2ddl.SchemaUpdate  : HHH000228: Running hbm2ddl schema update
2020-06-02 00:01:53.259  INFO 31861 --- [main] j.LocalContainerEntityManagerFactoryBean : Initialized JPA EntityManagerFactory for persistence unit 'default'
2020-06-02 00:01:53.919  INFO 31861 --- [main] o.s.s.web.DefaultSecurityFilterChain     : Creating filter chain: org.springframework.security.web.util.matcher.AnyRequestMatcher@1, [org.springframework.security.web.context.request.async.WebAsyncManagerIntegrationFilter@ae74eef, org.springframework.security.web.context.SecurityContextPersistenceFilter@484876a1, org.springframework.security.web.header.HeaderWriterFilter@52c6e959, org.springframework.security.web.csrf.CsrfFilter@5016f1a, org.springframework.security.web.authentication.logout.LogoutFilter@6e6c8854, org.springframework.security.web.authentication.UsernamePasswordAuthenticationFilter@6738e8b2, org.springframework.security.web.savedrequest.RequestCacheAwareFilter@3436d3d7, org.springframework.security.web.servletapi.SecurityContextHolderAwareRequestFilter@2c4be45f, org.springframework.security.web.authentication.AnonymousAuthenticationFilter@2553dcc0, org.springframework.security.web.session.SessionManagementFilter@323c6f9c, org.springframework.security.web.access.ExceptionTranslationFilter@2ed35f24, org.springframework.security.web.access.intercept.FilterSecurityInterceptor@a80a896]
2020-06-02 00:01:54.231  INFO 31861 --- [main] s.w.s.m.m.a.RequestMappingHandlerAdapter : Looking for @ControllerAdvice: org.springframework.boot.context.embedded.AnnotationConfigEmbeddedWebApplicationContext@6f53b8a: startup date [Tue Jun 02 00:01:49 IST 2020]; root of context hierarchy
2020-06-02 00:01:54.292  INFO 31861 --- [main] s.w.s.m.m.a.RequestMappingHandlerMapping : Mapped "{[/products]}" onto public java.lang.String com.batuhaniskr.product.controller.MainController.index(org.springframework.ui.Model,java.util.Optional<java.lang.Integer>,java.util.Optional<java.lang.Integer>)
2020-06-02 00:01:54.294  INFO 31861 --- [main] s.w.s.m.m.a.RequestMappingHandlerMapping : Mapped "{[/products/save],methods=[POST]}" onto public java.lang.String com.batuhaniskr.product.controller.MainController.save(com.batuhaniskr.product.model.Product)
2020-06-02 00:01:54.294  INFO 31861 --- [main] s.w.s.m.m.a.RequestMappingHandlerMapping : Mapped "{[/products/add]}" onto public java.lang.String com.batuhaniskr.product.controller.MainController.addProduct(org.springframework.ui.Model)
2020-06-02 00:01:54.295  INFO 31861 --- [main] s.w.s.m.m.a.RequestMappingHandlerMapping : Mapped "{[/products/delete/{id}],methods=[GET]}" onto public java.lang.String com.batuhaniskr.product.controller.MainController.deleteProduct(java.lang.Integer)
2020-06-02 00:01:54.295  INFO 31861 --- [main] s.w.s.m.m.a.RequestMappingHandlerMapping : Mapped "{[/products/edit/{id}]}" onto public java.lang.String com.batuhaniskr.product.controller.MainController.editProduct(java.lang.Integer,org.springframework.ui.Model)
2020-06-02 00:01:54.299  INFO 31861 --- [main] s.w.s.m.m.a.RequestMappingHandlerMapping : Mapped "{[/access-denied]}" onto public java.lang.String com.batuhaniskr.product.controller.UserController.accessDenied()
2020-06-02 00:01:54.299  INFO 31861 --- [main] s.w.s.m.m.a.RequestMappingHandlerMapping : Mapped "{[/login || /],methods=[GET]}" onto public java.lang.String com.batuhaniskr.product.controller.UserController.showRegistrationForm(org.springframework.ui.Model)
2020-06-02 00:01:54.300  INFO 31861 --- [main] s.w.s.m.m.a.RequestMappingHandlerMapping : Mapped "{[/registration],methods=[POST]}" onto public java.lang.String com.batuhaniskr.product.controller.UserController.registerUserAccount(com.batuhaniskr.product.dto.UserRegistrationDto,org.springframework.validation.BindingResult,org.springframework.ui.Model)
2020-06-02 00:01:54.305  INFO 31861 --- [main] s.w.s.m.m.a.RequestMappingHandlerMapping : Mapped "{[/error]}" onto public org.springframework.http.ResponseEntity<java.util.Map<java.lang.String, java.lang.Object>> org.springframework.boot.autoconfigure.web.BasicErrorController.error(javax.servlet.http.HttpServletRequest)
2020-06-02 00:01:54.305  INFO 31861 --- [main] s.w.s.m.m.a.RequestMappingHandlerMapping : Mapped "{[/error],produces=[text/html]}" onto public org.springframework.web.servlet.ModelAndView org.springframework.boot.autoconfigure.web.BasicErrorController.errorHtml(javax.servlet.http.HttpServletRequest,javax.servlet.http.HttpServletResponse)
2020-06-02 00:01:54.334  INFO 31861 --- [main] o.s.w.s.handler.SimpleUrlHandlerMapping  : Mapped URL path [/webjars/**] onto handler of type [class org.springframework.web.servlet.resource.ResourceHttpRequestHandler]
2020-06-02 00:01:54.335  INFO 31861 --- [main] o.s.w.s.handler.SimpleUrlHandlerMapping  : Mapped URL path [/**] onto handler of type [class org.springframework.web.servlet.resource.ResourceHttpRequestHandler]
2020-06-02 00:01:54.372  INFO 31861 --- [main] o.s.w.s.handler.SimpleUrlHandlerMapping  : Mapped URL path [/**/favicon.ico] onto handler of type [class org.springframework.web.servlet.resource.ResourceHttpRequestHandler]
2020-06-02 00:01:54.407  WARN 31861 --- [main] org.thymeleaf.templatemode.TemplateMode  : [THYMELEAF][main] Template Mode 'HTML5' is deprecated. Using Template Mode 'HTML' instead.
2020-06-02 00:01:54.913  INFO 31861 --- [main] o.s.j.e.a.AnnotationMBeanExporter        : Registering beans for JMX exposure on startup
2020-06-02 00:01:54.961  INFO 31861 --- [main] s.b.c.e.t.TomcatEmbeddedServletContainer : Tomcat started on port(s): 8080 (http)
2020-06-02 00:01:54.967  INFO 31861 --- [main] com.batuhaniskr.product.Application      : Started Application in 5.901 seconds (JVM running for 6.607)
2020-06-02 00:02:00.855  INFO 31861 --- [http-nio-8080-exec-1] o.a.c.c.C.[Tomcat].[localhost].[/]       : Initializing Spring FrameworkServlet 'dispatcherServlet'
2020-06-02 00:02:00.856  INFO 31861 --- [http-nio-8080-exec-1] o.s.web.servlet.DispatcherServlet        : FrameworkServlet 'dispatcherServlet': initialization started
2020-06-02 00:02:00.869  INFO 31861 --- [http-nio-8080-exec-1] o.s.web.servlet.DispatcherServlet        : FrameworkServlet 'dispatcherServlet': initialization completed in 13 ms
2020-06-02 00:09:19.092  INFO 31861 --- [http-nio-8080-exec-1] o.h.h.i.QueryTranslatorFactoryInitiator  : HHH000397: Using ASTQueryTranslatorFactory
2020-06-02 00:24:34.842  INFO 31861 --- [RMI TCP Connection(4)-127.0.0.1] inMXBeanRegistrar$SpringApplicationAdmin : Application shutdown requested.
2020-06-02 00:24:34.842  INFO 31861 --- [RMI TCP Connection(4)-127.0.0.1] ationConfigEmbeddedWebApplicationContext : Closing org.springframework.boot.context.embedded.AnnotationConfigEmbeddedWebApplicationContext@6f53b8a: startup date [Tue Jun 02 00:01:49 IST 2020]; root of context hierarchy
2020-06-02 00:24:34.846  INFO 31861 --- [RMI TCP Connection(4)-127.0.0.1] o.s.j.e.a.AnnotationMBeanExporter        : Unregistering JMX-exposed beans on shutdown
2020-06-02 00:24:34.849  INFO 31861 --- [RMI TCP Connection(4)-127.0.0.1] j.LocalContainerEntityManagerFactoryBean : Closing JPA EntityManagerFactory for persistence unit 'default'
2020-06-02 00:24:44.356  INFO 346 --- [main] com.avi.product.Application              : Starting Application on avinash with PID 346 (/home/avinash/eclipse-workspace/spring-boot-product-system-master/target/classes started by avinash in /home/avinash/eclipse-workspace/spring-boot-product-system-master)
2020-06-02 00:24:44.359  INFO 346 --- [main] com.avi.product.Application              : No active profile set, falling back to default profiles: default
2020-06-02 00:24:44.590  INFO 346 --- [main] ationConfigEmbeddedWebApplicationContext : Refreshing org.springframework.boot.context.embedded.AnnotationConfigEmbeddedWebApplicationContext@6f53b8a: startup date [Tue Jun 02 00:24:44 IST 2020]; root of context hierarchy
2020-06-02 00:24:46.098  INFO 346 --- [main] s.b.c.e.t.TomcatEmbeddedServletContainer : Tomcat initialized with port(s): 8080 (http)
2020-06-02 00:24:46.113  INFO 346 --- [main] o.apache.catalina.core.StandardService   : Starting service [Tomcat]
2020-06-02 00:24:46.114  INFO 346 --- [main] org.apache.catalina.core.StandardEngine  : Starting Servlet Engine: Apache Tomcat/8.5.20
2020-06-02 00:24:46.196  INFO 346 --- [localhost-startStop-1] o.a.c.c.C.[Tomcat].[localhost].[/]       : Initializing Spring embedded WebApplicationContext
2020-06-02 00:24:46.196  INFO 346 --- [localhost-startStop-1] o.s.web.context.ContextLoader            : Root WebApplicationContext: initialization completed in 1615 ms
2020-06-02 00:24:46.393  INFO 346 --- [localhost-startStop-1] o.s.b.w.servlet.FilterRegistrationBean   : Mapping filter: 'characterEncodingFilter' to: [/*]
2020-06-02 00:24:46.394  INFO 346 --- [localhost-startStop-1] o.s.b.w.servlet.FilterRegistrationBean   : Mapping filter: 'hiddenHttpMethodFilter' to: [/*]
2020-06-02 00:24:46.395  INFO 346 --- [localhost-startStop-1] o.s.b.w.servlet.FilterRegistrationBean   : Mapping filter: 'httpPutFormContentFilter' to: [/*]
2020-06-02 00:24:46.395  INFO 346 --- [localhost-startStop-1] o.s.b.w.servlet.FilterRegistrationBean   : Mapping filter: 'requestContextFilter' to: [/*]
2020-06-02 00:24:46.396  INFO 346 --- [localhost-startStop-1] .s.DelegatingFilterProxyRegistrationBean : Mapping filter: 'springSecurityFilterChain' to: [/*]
2020-06-02 00:24:46.396  INFO 346 --- [localhost-startStop-1] o.s.b.w.servlet.ServletRegistrationBean  : Mapping servlet: 'dispatcherServlet' to [/]
2020-06-02 00:24:46.668  INFO 346 --- [main] o.f.core.internal.util.VersionPrinter    : Flyway Community Edition 5.0.7 by Boxfuse
2020-06-02 00:24:47.298  INFO 346 --- [main] o.f.c.internal.database.DatabaseFactory  : Database: jdbc:mysql://localhost:3306/gallary (MySQL 5.7)
2020-06-02 00:24:47.342  INFO 346 --- [main] o.f.core.internal.command.DbValidate     : Successfully validated 2 migrations (execution time 00:00.018s)
2020-06-02 00:24:47.361  INFO 346 --- [main] o.f.core.internal.command.DbMigrate      : Current version of schema `gallary`: 1.1
2020-06-02 00:24:47.367  INFO 346 --- [main] o.f.core.internal.command.DbMigrate      : Schema `gallary` is up to date. No migration necessary.
2020-06-02 00:24:47.463  INFO 346 --- [main] j.LocalContainerEntityManagerFactoryBean : Building JPA container EntityManagerFactory for persistence unit 'default'
2020-06-02 00:24:47.473  INFO 346 --- [main] o.hibernate.jpa.internal.util.LogHelper  : HHH000204: Processing PersistenceUnitInfo [
	name: default
	...]
2020-06-02 00:24:47.543  INFO 346 --- [main] org.hibernate.Version                    : HHH000412: Hibernate Core {5.0.12.Final}
2020-06-02 00:24:47.545  INFO 346 --- [main] org.hibernate.cfg.Environment            : HHH000206: hibernate.properties not found
2020-06-02 00:24:47.546  INFO 346 --- [main] org.hibernate.cfg.Environment            : HHH000021: Bytecode provider name : javassist
2020-06-02 00:24:47.593  INFO 346 --- [main] o.hibernate.annotations.common.Version   : HCANN000001: Hibernate Commons Annotations {5.0.1.Final}
2020-06-02 00:24:47.666  INFO 346 --- [main] org.hibernate.dialect.Dialect            : HHH000400: Using dialect: org.hibernate.dialect.MySQL5InnoDBDialect
2020-06-02 00:24:47.999  INFO 346 --- [main] org.hibernate.tool.hbm2ddl.SchemaUpdate  : HHH000228: Running hbm2ddl schema update
2020-06-02 00:24:48.139  INFO 346 --- [main] j.LocalContainerEntityManagerFactoryBean : Initialized JPA EntityManagerFactory for persistence unit 'default'
2020-06-02 00:24:48.858  INFO 346 --- [main] o.s.s.web.DefaultSecurityFilterChain     : Creating filter chain: org.springframework.security.web.util.matcher.AnyRequestMatcher@1, [org.springframework.security.web.context.request.async.WebAsyncManagerIntegrationFilter@4bceac99, org.springframework.security.web.context.SecurityContextPersistenceFilter@5dc9d25a, org.springframework.security.web.header.HeaderWriterFilter@8d7718e, org.springframework.security.web.csrf.CsrfFilter@52bb3dcd, org.springframework.security.web.authentication.logout.LogoutFilter@350e3fb4, org.springframework.security.web.authentication.UsernamePasswordAuthenticationFilter@5111f814, org.springframework.security.web.savedrequest.RequestCacheAwareFilter@4be7acd9, org.springframework.security.web.servletapi.SecurityContextHolderAwareRequestFilter@206bd7a0, org.springframework.security.web.authentication.AnonymousAuthenticationFilter@389bc2d3, org.springframework.security.web.session.SessionManagementFilter@f9de1fd, org.springframework.security.web.access.ExceptionTranslationFilter@3436d3d7, org.springframework.security.web.access.intercept.FilterSecurityInterceptor@1d3546f9]
2020-06-02 00:24:49.143  INFO 346 --- [main] s.w.s.m.m.a.RequestMappingHandlerAdapter : Looking for @ControllerAdvice: org.springframework.boot.context.embedded.AnnotationConfigEmbeddedWebApplicationContext@6f53b8a: startup date [Tue Jun 02 00:24:44 IST 2020]; root of context hierarchy
2020-06-02 00:24:49.208  INFO 346 --- [main] s.w.s.m.m.a.RequestMappingHandlerMapping : Mapped "{[/products]}" onto public java.lang.String com.avi.product.controller.MainController.index(org.springframework.ui.Model,java.util.Optional<java.lang.Integer>,java.util.Optional<java.lang.Integer>)
2020-06-02 00:24:49.209  INFO 346 --- [main] s.w.s.m.m.a.RequestMappingHandlerMapping : Mapped "{[/products/save],methods=[POST]}" onto public java.lang.String com.avi.product.controller.MainController.save(com.avi.product.model.Product)
2020-06-02 00:24:49.210  INFO 346 --- [main] s.w.s.m.m.a.RequestMappingHandlerMapping : Mapped "{[/products/add]}" onto public java.lang.String com.avi.product.controller.MainController.addProduct(org.springframework.ui.Model)
2020-06-02 00:24:49.210  INFO 346 --- [main] s.w.s.m.m.a.RequestMappingHandlerMapping : Mapped "{[/products/delete/{id}],methods=[GET]}" onto public java.lang.String com.avi.product.controller.MainController.deleteProduct(java.lang.Integer)
2020-06-02 00:24:49.210  INFO 346 --- [main] s.w.s.m.m.a.RequestMappingHandlerMapping : Mapped "{[/products/edit/{id}]}" onto public java.lang.String com.avi.product.controller.MainController.editProduct(java.lang.Integer,org.springframework.ui.Model)
2020-06-02 00:24:49.213  INFO 346 --- [main] s.w.s.m.m.a.RequestMappingHandlerMapping : Mapped "{[/access-denied]}" onto public java.lang.String com.avi.product.controller.UserController.accessDenied()
2020-06-02 00:24:49.214  INFO 346 --- [main] s.w.s.m.m.a.RequestMappingHandlerMapping : Mapped "{[/],methods=[GET]}" onto public java.lang.String com.avi.product.controller.UserController.showHomePage(org.springframework.ui.Model)
2020-06-02 00:24:49.214  INFO 346 --- [main] s.w.s.m.m.a.RequestMappingHandlerMapping : Mapped "{[/login],methods=[GET]}" onto public java.lang.String com.avi.product.controller.UserController.showRegistrationForm(org.springframework.ui.Model)
2020-06-02 00:24:49.215  INFO 346 --- [main] s.w.s.m.m.a.RequestMappingHandlerMapping : Mapped "{[/registration],methods=[POST]}" onto public java.lang.String com.avi.product.controller.UserController.registerUserAccount(com.avi.product.dto.UserRegistrationDto,org.springframework.validation.BindingResult,org.springframework.ui.Model)
2020-06-02 00:24:49.218  INFO 346 --- [main] s.w.s.m.m.a.RequestMappingHandlerMapping : Mapped "{[/error]}" onto public org.springframework.http.ResponseEntity<java.util.Map<java.lang.String, java.lang.Object>> org.springframework.boot.autoconfigure.web.BasicErrorController.error(javax.servlet.http.HttpServletRequest)
2020-06-02 00:24:49.219  INFO 346 --- [main] s.w.s.m.m.a.RequestMappingHandlerMapping : Mapped "{[/error],produces=[text/html]}" onto public org.springframework.web.servlet.ModelAndView org.springframework.boot.autoconfigure.web.BasicErrorController.errorHtml(javax.servlet.http.HttpServletRequest,javax.servlet.http.HttpServletResponse)
2020-06-02 00:24:49.255  INFO 346 --- [main] o.s.w.s.handler.SimpleUrlHandlerMapping  : Mapped URL path [/webjars/**] onto handler of type [class org.springframework.web.servlet.resource.ResourceHttpRequestHandler]
2020-06-02 00:24:49.255  INFO 346 --- [main] o.s.w.s.handler.SimpleUrlHandlerMapping  : Mapped URL path [/**] onto handler of type [class org.springframework.web.servlet.resource.ResourceHttpRequestHandler]
2020-06-02 00:24:49.302  INFO 346 --- [main] o.s.w.s.handler.SimpleUrlHandlerMapping  : Mapped URL path [/**/favicon.ico] onto handler of type [class org.springframework.web.servlet.resource.ResourceHttpRequestHandler]
2020-06-02 00:24:49.347  WARN 346 --- [main] org.thymeleaf.templatemode.TemplateMode  : [THYMELEAF][main] Template Mode 'HTML5' is deprecated. Using Template Mode 'HTML' instead.
2020-06-02 00:24:49.926  INFO 346 --- [main] o.s.j.e.a.AnnotationMBeanExporter        : Registering beans for JMX exposure on startup
2020-06-02 00:24:49.981  INFO 346 --- [main] s.b.c.e.t.TomcatEmbeddedServletContainer : Tomcat started on port(s): 8080 (http)
2020-06-02 00:24:49.987  INFO 346 --- [main] com.avi.product.Application              : Started Application in 5.889 seconds (JVM running for 6.498)
2020-06-02 00:24:54.872  INFO 346 --- [http-nio-8080-exec-1] o.a.c.c.C.[Tomcat].[localhost].[/]       : Initializing Spring FrameworkServlet 'dispatcherServlet'
2020-06-02 00:24:54.873  INFO 346 --- [http-nio-8080-exec-1] o.s.web.servlet.DispatcherServlet        : FrameworkServlet 'dispatcherServlet': initialization started
2020-06-02 00:24:54.890  INFO 346 --- [http-nio-8080-exec-1] o.s.web.servlet.DispatcherServlet        : FrameworkServlet 'dispatcherServlet': initialization completed in 17 ms
2020-06-02 00:25:28.141  INFO 346 --- [http-nio-8080-exec-9] o.h.h.i.QueryTranslatorFactoryInitiator  : HHH000397: Using ASTQueryTranslatorFactory
2020-06-02 00:25:52.851  INFO 346 --- [http-nio-8080-exec-10] c.a.p.config.MyAccessDeniedHandler       : 'shuklaavi1@gmail.com' was trying to access protected url /products/delete/1
2020-06-02 00:25:58.055  INFO 346 --- [http-nio-8080-exec-4] c.a.p.config.MyAccessDeniedHandler       : 'shuklaavi1@gmail.com' was trying to access protected url /products/delete/1
2020-06-02 00:26:02.351  INFO 346 --- [http-nio-8080-exec-10] c.a.p.config.MyAccessDeniedHandler       : 'shuklaavi1@gmail.com' was trying to access protected url /products/delete/2
2020-06-02 00:27:48.401  INFO 346 --- [http-nio-8080-exec-2] c.avi.product.controller.MainController  : / Avinash Shukla
2020-06-02 00:27:51.523  INFO 346 --- [http-nio-8080-exec-7] c.a.p.config.MyAccessDeniedHandler       : 'shuklaavi1@gmail.com' was trying to access protected url /products/delete/1
2020-06-02 00:29:32.781  INFO 346 --- [http-nio-8080-exec-2] c.a.p.config.MyAccessDeniedHandler       : 'shuklaavi1@gmail.com' was trying to access protected url /products/delete/1
2020-06-02 00:32:05.583  INFO 346 --- [RMI TCP Connection(4)-127.0.0.1] inMXBeanRegistrar$SpringApplicationAdmin : Application shutdown requested.
2020-06-02 00:32:05.583  INFO 346 --- [RMI TCP Connection(4)-127.0.0.1] ationConfigEmbeddedWebApplicationContext : Closing org.springframework.boot.context.embedded.AnnotationConfigEmbeddedWebApplicationContext@6f53b8a: startup date [Tue Jun 02 00:24:44 IST 2020]; root of context hierarchy
2020-06-02 00:32:05.586  INFO 346 --- [RMI TCP Connection(4)-127.0.0.1] o.s.j.e.a.AnnotationMBeanExporter        : Unregistering JMX-exposed beans on shutdown
2020-06-02 00:32:05.588  INFO 346 --- [RMI TCP Connection(4)-127.0.0.1] j.LocalContainerEntityManagerFactoryBean : Closing JPA EntityManagerFactory for persistence unit 'default'
2020-06-02 00:32:15.285  INFO 825 --- [main] com.avi.product.Application              : Starting Application on avinash with PID 825 (/home/avinash/eclipse-workspace/spring-boot-product-system-master/target/classes started by avinash in /home/avinash/eclipse-workspace/spring-boot-product-system-master)
2020-06-02 00:32:15.287  INFO 825 --- [main] com.avi.product.Application              : No active profile set, falling back to default profiles: default
2020-06-02 00:32:15.487  INFO 825 --- [main] ationConfigEmbeddedWebApplicationContext : Refreshing org.springframework.boot.context.embedded.AnnotationConfigEmbeddedWebApplicationContext@6f53b8a: startup date [Tue Jun 02 00:32:15 IST 2020]; root of context hierarchy
2020-06-02 00:32:17.137  INFO 825 --- [main] s.b.c.e.t.TomcatEmbeddedServletContainer : Tomcat initialized with port(s): 8080 (http)
2020-06-02 00:32:17.148  INFO 825 --- [main] o.apache.catalina.core.StandardService   : Starting service [Tomcat]
2020-06-02 00:32:17.149  INFO 825 --- [main] org.apache.catalina.core.StandardEngine  : Starting Servlet Engine: Apache Tomcat/8.5.20
2020-06-02 00:32:17.242  INFO 825 --- [localhost-startStop-1] o.a.c.c.C.[Tomcat].[localhost].[/]       : Initializing Spring embedded WebApplicationContext
2020-06-02 00:32:17.242  INFO 825 --- [localhost-startStop-1] o.s.web.context.ContextLoader            : Root WebApplicationContext: initialization completed in 1765 ms
2020-06-02 00:32:17.429  INFO 825 --- [localhost-startStop-1] o.s.b.w.servlet.FilterRegistrationBean   : Mapping filter: 'characterEncodingFilter' to: [/*]
2020-06-02 00:32:17.430  INFO 825 --- [localhost-startStop-1] o.s.b.w.servlet.FilterRegistrationBean   : Mapping filter: 'hiddenHttpMethodFilter' to: [/*]
2020-06-02 00:32:17.430  INFO 825 --- [localhost-startStop-1] o.s.b.w.servlet.FilterRegistrationBean   : Mapping filter: 'httpPutFormContentFilter' to: [/*]
2020-06-02 00:32:17.430  INFO 825 --- [localhost-startStop-1] o.s.b.w.servlet.FilterRegistrationBean   : Mapping filter: 'requestContextFilter' to: [/*]
2020-06-02 00:32:17.431  INFO 825 --- [localhost-startStop-1] .s.DelegatingFilterProxyRegistrationBean : Mapping filter: 'springSecurityFilterChain' to: [/*]
2020-06-02 00:32:17.431  INFO 825 --- [localhost-startStop-1] o.s.b.w.servlet.ServletRegistrationBean  : Mapping servlet: 'dispatcherServlet' to [/]
2020-06-02 00:32:17.649  INFO 825 --- [main] o.f.core.internal.util.VersionPrinter    : Flyway Community Edition 5.0.7 by Boxfuse
2020-06-02 00:32:18.249  INFO 825 --- [main] o.f.c.internal.database.DatabaseFactory  : Database: jdbc:mysql://localhost:3306/gallary (MySQL 5.7)
2020-06-02 00:32:18.299  INFO 825 --- [main] o.f.core.internal.command.DbValidate     : Successfully validated 2 migrations (execution time 00:00.020s)
2020-06-02 00:32:18.316  INFO 825 --- [main] o.f.core.internal.command.DbMigrate      : Current version of schema `gallary`: 1.1
2020-06-02 00:32:18.317  INFO 825 --- [main] o.f.core.internal.command.DbMigrate      : Schema `gallary` is up to date. No migration necessary.
2020-06-02 00:32:18.423  INFO 825 --- [main] j.LocalContainerEntityManagerFactoryBean : Building JPA container EntityManagerFactory for persistence unit 'default'
2020-06-02 00:32:18.433  INFO 825 --- [main] o.hibernate.jpa.internal.util.LogHelper  : HHH000204: Processing PersistenceUnitInfo [
	name: default
	...]
2020-06-02 00:32:18.515  INFO 825 --- [main] org.hibernate.Version                    : HHH000412: Hibernate Core {5.0.12.Final}
2020-06-02 00:32:18.517  INFO 825 --- [main] org.hibernate.cfg.Environment            : HHH000206: hibernate.properties not found
2020-06-02 00:32:18.518  INFO 825 --- [main] org.hibernate.cfg.Environment            : HHH000021: Bytecode provider name : javassist
2020-06-02 00:32:18.566  INFO 825 --- [main] o.hibernate.annotations.common.Version   : HCANN000001: Hibernate Commons Annotations {5.0.1.Final}
2020-06-02 00:32:18.644  INFO 825 --- [main] org.hibernate.dialect.Dialect            : HHH000400: Using dialect: org.hibernate.dialect.MySQL5InnoDBDialect
2020-06-02 00:32:18.976  INFO 825 --- [main] org.hibernate.tool.hbm2ddl.SchemaUpdate  : HHH000228: Running hbm2ddl schema update
2020-06-02 00:32:19.114  INFO 825 --- [main] j.LocalContainerEntityManagerFactoryBean : Initialized JPA EntityManagerFactory for persistence unit 'default'
2020-06-02 00:32:19.899  INFO 825 --- [main] o.s.s.web.DefaultSecurityFilterChain     : Creating filter chain: org.springframework.security.web.util.matcher.AnyRequestMatcher@1, [org.springframework.security.web.context.request.async.WebAsyncManagerIntegrationFilter@903c13, org.springframework.security.web.context.SecurityContextPersistenceFilter@4fa6fb7f, org.springframework.security.web.header.HeaderWriterFilter@58afecfd, org.springframework.security.web.csrf.CsrfFilter@282c5075, org.springframework.security.web.authentication.logout.LogoutFilter@24a7d3d3, org.springframework.security.web.authentication.UsernamePasswordAuthenticationFilter@c683cf5, org.springframework.security.web.savedrequest.RequestCacheAwareFilter@1669f4e5, org.springframework.security.web.servletapi.SecurityContextHolderAwareRequestFilter@363fe35a, org.springframework.security.web.authentication.AnonymousAuthenticationFilter@4ae5ddc0, org.springframework.security.web.session.SessionManagementFilter@3e63bd6b, org.springframework.security.web.access.ExceptionTranslationFilter@3d3b4e09, org.springframework.security.web.access.intercept.FilterSecurityInterceptor@5f9ccd0c]
2020-06-02 00:32:20.115  INFO 825 --- [main] s.w.s.m.m.a.RequestMappingHandlerAdapter : Looking for @ControllerAdvice: org.springframework.boot.context.embedded.AnnotationConfigEmbeddedWebApplicationContext@6f53b8a: startup date [Tue Jun 02 00:32:15 IST 2020]; root of context hierarchy
2020-06-02 00:32:20.160  INFO 825 --- [main] s.w.s.m.m.a.RequestMappingHandlerMapping : Mapped "{[/products]}" onto public java.lang.String com.avi.product.controller.MainController.index(org.springframework.ui.Model,java.util.Optional<java.lang.Integer>,java.util.Optional<java.lang.Integer>)
2020-06-02 00:32:20.161  INFO 825 --- [main] s.w.s.m.m.a.RequestMappingHandlerMapping : Mapped "{[/products/save],methods=[POST]}" onto public java.lang.String com.avi.product.controller.MainController.save(com.avi.product.model.Product)
2020-06-02 00:32:20.161  INFO 825 --- [main] s.w.s.m.m.a.RequestMappingHandlerMapping : Mapped "{[/products/add]}" onto public java.lang.String com.avi.product.controller.MainController.addProduct(org.springframework.ui.Model)
2020-06-02 00:32:20.162  INFO 825 --- [main] s.w.s.m.m.a.RequestMappingHandlerMapping : Mapped "{[/products/delete/{id}],methods=[DELETE]}" onto public java.lang.String com.avi.product.controller.MainController.deleteProduct(java.lang.Integer)
2020-06-02 00:32:20.162  INFO 825 --- [main] s.w.s.m.m.a.RequestMappingHandlerMapping : Mapped "{[/products/edit/{id}]}" onto public java.lang.String com.avi.product.controller.MainController.editProduct(java.lang.Integer,org.springframework.ui.Model)
2020-06-02 00:32:20.165  INFO 825 --- [main] s.w.s.m.m.a.RequestMappingHandlerMapping : Mapped "{[/access-denied]}" onto public java.lang.String com.avi.product.controller.UserController.accessDenied()
2020-06-02 00:32:20.165  INFO 825 --- [main] s.w.s.m.m.a.RequestMappingHandlerMapping : Mapped "{[/],methods=[GET]}" onto public java.lang.String com.avi.product.controller.UserController.showHomePage(org.springframework.ui.Model)
2020-06-02 00:32:20.165  INFO 825 --- [main] s.w.s.m.m.a.RequestMappingHandlerMapping : Mapped "{[/login],methods=[GET]}" onto public java.lang.String com.avi.product.controller.UserController.showRegistrationForm(org.springframework.ui.Model)
2020-06-02 00:32:20.166  INFO 825 --- [main] s.w.s.m.m.a.RequestMappingHandlerMapping : Mapped "{[/registration],methods=[POST]}" onto public java.lang.String com.avi.product.controller.UserController.registerUserAccount(com.avi.product.dto.UserRegistrationDto,org.springframework.validation.BindingResult,org.springframework.ui.Model)
2020-06-02 00:32:20.168  INFO 825 --- [main] s.w.s.m.m.a.RequestMappingHandlerMapping : Mapped "{[/error]}" onto public org.springframework.http.ResponseEntity<java.util.Map<java.lang.String, java.lang.Object>> org.springframework.boot.autoconfigure.web.BasicErrorController.error(javax.servlet.http.HttpServletRequest)
2020-06-02 00:32:20.169  INFO 825 --- [main] s.w.s.m.m.a.RequestMappingHandlerMapping : Mapped "{[/error],produces=[text/html]}" onto public org.springframework.web.servlet.ModelAndView org.springframework.boot.autoconfigure.web.BasicErrorController.errorHtml(javax.servlet.http.HttpServletRequest,javax.servlet.http.HttpServletResponse)
2020-06-02 00:32:20.195  INFO 825 --- [main] o.s.w.s.handler.SimpleUrlHandlerMapping  : Mapped URL path [/webjars/**] onto handler of type [class org.springframework.web.servlet.resource.ResourceHttpRequestHandler]
2020-06-02 00:32:20.195  INFO 825 --- [main] o.s.w.s.handler.SimpleUrlHandlerMapping  : Mapped URL path [/**] onto handler of type [class org.springframework.web.servlet.resource.ResourceHttpRequestHandler]
2020-06-02 00:32:20.230  INFO 825 --- [main] o.s.w.s.handler.SimpleUrlHandlerMapping  : Mapped URL path [/**/favicon.ico] onto handler of type [class org.springframework.web.servlet.resource.ResourceHttpRequestHandler]
2020-06-02 00:32:20.263  WARN 825 --- [main] org.thymeleaf.templatemode.TemplateMode  : [THYMELEAF][main] Template Mode 'HTML5' is deprecated. Using Template Mode 'HTML' instead.
2020-06-02 00:32:20.676  INFO 825 --- [main] o.s.j.e.a.AnnotationMBeanExporter        : Registering beans for JMX exposure on startup
2020-06-02 00:32:20.719  INFO 825 --- [main] s.b.c.e.t.TomcatEmbeddedServletContainer : Tomcat started on port(s): 8080 (http)
2020-06-02 00:32:20.725  INFO 825 --- [main] com.avi.product.Application              : Started Application in 5.712 seconds (JVM running for 6.391)
2020-06-02 00:32:23.907  INFO 825 --- [http-nio-8080-exec-1] o.a.c.c.C.[Tomcat].[localhost].[/]       : Initializing Spring FrameworkServlet 'dispatcherServlet'
2020-06-02 00:32:23.908  INFO 825 --- [http-nio-8080-exec-1] o.s.web.servlet.DispatcherServlet        : FrameworkServlet 'dispatcherServlet': initialization started
2020-06-02 00:32:23.924  INFO 825 --- [http-nio-8080-exec-1] o.s.web.servlet.DispatcherServlet        : FrameworkServlet 'dispatcherServlet': initialization completed in 16 ms
2020-06-02 00:32:51.255  INFO 825 --- [http-nio-8080-exec-9] o.h.h.i.QueryTranslatorFactoryInitiator  : HHH000397: Using ASTQueryTranslatorFactory
2020-06-02 00:32:53.880  INFO 825 --- [http-nio-8080-exec-4] c.a.p.config.MyAccessDeniedHandler       : 'shuklaavi1@gmail.com' was trying to access protected url /products/delete/1
2020-06-02 00:34:55.127  INFO 825 --- [http-nio-8080-exec-6] c.a.p.config.MyAccessDeniedHandler       : 'shuklaavi1@gmail.com' was trying to access protected url /products/delete/1
2020-06-02 00:36:51.663  INFO 825 --- [http-nio-8080-exec-7] c.avi.product.controller.MainController  : / Avinash Shukla
2020-06-02 00:38:55.578  INFO 825 --- [RMI TCP Connection(4)-127.0.0.1] inMXBeanRegistrar$SpringApplicationAdmin : Application shutdown requested.
2020-06-02 00:38:55.578  INFO 825 --- [RMI TCP Connection(4)-127.0.0.1] ationConfigEmbeddedWebApplicationContext : Closing org.springframework.boot.context.embedded.AnnotationConfigEmbeddedWebApplicationContext@6f53b8a: startup date [Tue Jun 02 00:32:15 IST 2020]; root of context hierarchy
2020-06-02 00:38:55.580  INFO 825 --- [RMI TCP Connection(4)-127.0.0.1] o.s.j.e.a.AnnotationMBeanExporter        : Unregistering JMX-exposed beans on shutdown
2020-06-02 00:38:55.583  INFO 825 --- [RMI TCP Connection(4)-127.0.0.1] j.LocalContainerEntityManagerFactoryBean : Closing JPA EntityManagerFactory for persistence unit 'default'
2020-06-02 00:39:11.004  INFO 1129 --- [main] com.avi.product.Application              : Starting Application on avinash with PID 1129 (/home/avinash/eclipse-workspace/spring-boot-product-system-master/target/classes started by avinash in /home/avinash/eclipse-workspace/spring-boot-product-system-master)
2020-06-02 00:39:11.006  INFO 1129 --- [main] com.avi.product.Application              : No active profile set, falling back to default profiles: default
2020-06-02 00:39:11.248  INFO 1129 --- [main] ationConfigEmbeddedWebApplicationContext : Refreshing org.springframework.boot.context.embedded.AnnotationConfigEmbeddedWebApplicationContext@6f53b8a: startup date [Tue Jun 02 00:39:11 IST 2020]; root of context hierarchy
2020-06-02 00:39:12.731  INFO 1129 --- [main] s.b.c.e.t.TomcatEmbeddedServletContainer : Tomcat initialized with port(s): 8080 (http)
2020-06-02 00:39:12.739  INFO 1129 --- [main] o.apache.catalina.core.StandardService   : Starting service [Tomcat]
2020-06-02 00:39:12.740  INFO 1129 --- [main] org.apache.catalina.core.StandardEngine  : Starting Servlet Engine: Apache Tomcat/8.5.20
2020-06-02 00:39:12.810  INFO 1129 --- [localhost-startStop-1] o.a.c.c.C.[Tomcat].[localhost].[/]       : Initializing Spring embedded WebApplicationContext
2020-06-02 00:39:12.811  INFO 1129 --- [localhost-startStop-1] o.s.web.context.ContextLoader            : Root WebApplicationContext: initialization completed in 1575 ms
2020-06-02 00:39:12.972  INFO 1129 --- [localhost-startStop-1] o.s.b.w.servlet.FilterRegistrationBean   : Mapping filter: 'characterEncodingFilter' to: [/*]
2020-06-02 00:39:12.972  INFO 1129 --- [localhost-startStop-1] o.s.b.w.servlet.FilterRegistrationBean   : Mapping filter: 'hiddenHttpMethodFilter' to: [/*]
2020-06-02 00:39:12.972  INFO 1129 --- [localhost-startStop-1] o.s.b.w.servlet.FilterRegistrationBean   : Mapping filter: 'httpPutFormContentFilter' to: [/*]
2020-06-02 00:39:12.973  INFO 1129 --- [localhost-startStop-1] o.s.b.w.servlet.FilterRegistrationBean   : Mapping filter: 'requestContextFilter' to: [/*]
2020-06-02 00:39:12.973  INFO 1129 --- [localhost-startStop-1] .s.DelegatingFilterProxyRegistrationBean : Mapping filter: 'springSecurityFilterChain' to: [/*]
2020-06-02 00:39:12.974  INFO 1129 --- [localhost-startStop-1] o.s.b.w.servlet.ServletRegistrationBean  : Mapping servlet: 'dispatcherServlet' to [/]
2020-06-02 00:39:13.211  INFO 1129 --- [main] o.f.core.internal.util.VersionPrinter    : Flyway Community Edition 5.0.7 by Boxfuse
2020-06-02 00:39:13.786  INFO 1129 --- [main] o.f.c.internal.database.DatabaseFactory  : Database: jdbc:mysql://localhost:3306/gallary (MySQL 5.7)
2020-06-02 00:39:13.845  INFO 1129 --- [main] o.f.core.internal.command.DbValidate     : Successfully validated 2 migrations (execution time 00:00.026s)
2020-06-02 00:39:13.863  INFO 1129 --- [main] o.f.core.internal.command.DbMigrate      : Current version of schema `gallary`: 1.1
2020-06-02 00:39:13.865  INFO 1129 --- [main] o.f.core.internal.command.DbMigrate      : Schema `gallary` is up to date. No migration necessary.
2020-06-02 00:39:13.968  INFO 1129 --- [main] j.LocalContainerEntityManagerFactoryBean : Building JPA container EntityManagerFactory for persistence unit 'default'
2020-06-02 00:39:14.007  INFO 1129 --- [main] o.hibernate.jpa.internal.util.LogHelper  : HHH000204: Processing PersistenceUnitInfo [
	name: default
	...]
2020-06-02 00:39:14.087  INFO 1129 --- [main] org.hibernate.Version                    : HHH000412: Hibernate Core {5.0.12.Final}
2020-06-02 00:39:14.089  INFO 1129 --- [main] org.hibernate.cfg.Environment            : HHH000206: hibernate.properties not found
2020-06-02 00:39:14.091  INFO 1129 --- [main] org.hibernate.cfg.Environment            : HHH000021: Bytecode provider name : javassist
2020-06-02 00:39:14.129  INFO 1129 --- [main] o.hibernate.annotations.common.Version   : HCANN000001: Hibernate Commons Annotations {5.0.1.Final}
2020-06-02 00:39:14.218  INFO 1129 --- [main] org.hibernate.dialect.Dialect            : HHH000400: Using dialect: org.hibernate.dialect.MySQL5InnoDBDialect
2020-06-02 00:39:14.645  INFO 1129 --- [main] org.hibernate.tool.hbm2ddl.SchemaUpdate  : HHH000228: Running hbm2ddl schema update
2020-06-02 00:39:14.789  INFO 1129 --- [main] j.LocalContainerEntityManagerFactoryBean : Initialized JPA EntityManagerFactory for persistence unit 'default'
2020-06-02 00:39:15.420  INFO 1129 --- [main] o.s.s.web.DefaultSecurityFilterChain     : Creating filter chain: org.springframework.security.web.util.matcher.AnyRequestMatcher@1, [org.springframework.security.web.context.request.async.WebAsyncManagerIntegrationFilter@7bde704a, org.springframework.security.web.context.SecurityContextPersistenceFilter@62f7d7bd, org.springframework.security.web.header.HeaderWriterFilter@206bd7a0, org.springframework.security.web.csrf.CsrfFilter@484876a1, org.springframework.security.web.authentication.logout.LogoutFilter@6b71e98f, org.springframework.security.web.authentication.UsernamePasswordAuthenticationFilter@23263ba, org.springframework.security.web.savedrequest.RequestCacheAwareFilter@6a299b9d, org.springframework.security.web.servletapi.SecurityContextHolderAwareRequestFilter@24a7d3d3, org.springframework.security.web.authentication.AnonymousAuthenticationFilter@12f3fcd, org.springframework.security.web.session.SessionManagementFilter@73d8c8d7, org.springframework.security.web.access.ExceptionTranslationFilter@2520010e, org.springframework.security.web.access.intercept.FilterSecurityInterceptor@7acb5200]
2020-06-02 00:39:15.734  INFO 1129 --- [main] s.w.s.m.m.a.RequestMappingHandlerAdapter : Looking for @ControllerAdvice: org.springframework.boot.context.embedded.AnnotationConfigEmbeddedWebApplicationContext@6f53b8a: startup date [Tue Jun 02 00:39:11 IST 2020]; root of context hierarchy
2020-06-02 00:39:15.801  INFO 1129 --- [main] s.w.s.m.m.a.RequestMappingHandlerMapping : Mapped "{[/products]}" onto public java.lang.String com.avi.product.controller.MainController.index(org.springframework.ui.Model,java.util.Optional<java.lang.Integer>,java.util.Optional<java.lang.Integer>)
2020-06-02 00:39:15.802  INFO 1129 --- [main] s.w.s.m.m.a.RequestMappingHandlerMapping : Mapped "{[/products/save],methods=[POST]}" onto public java.lang.String com.avi.product.controller.MainController.save(com.avi.product.model.Product)
2020-06-02 00:39:15.802  INFO 1129 --- [main] s.w.s.m.m.a.RequestMappingHandlerMapping : Mapped "{[/products/add]}" onto public java.lang.String com.avi.product.controller.MainController.addProduct(org.springframework.ui.Model)
2020-06-02 00:39:15.803  INFO 1129 --- [main] s.w.s.m.m.a.RequestMappingHandlerMapping : Mapped "{[/products/delete/{id}],methods=[DELETE]}" onto public void com.avi.product.controller.MainController.deleteProduct(java.lang.Integer)
2020-06-02 00:39:15.803  INFO 1129 --- [main] s.w.s.m.m.a.RequestMappingHandlerMapping : Mapped "{[/products/edit/{id}]}" onto public java.lang.String com.avi.product.controller.MainController.editProduct(java.lang.Integer,org.springframework.ui.Model)
2020-06-02 00:39:15.807  INFO 1129 --- [main] s.w.s.m.m.a.RequestMappingHandlerMapping : Mapped "{[/access-denied]}" onto public java.lang.String com.avi.product.controller.UserController.accessDenied()
2020-06-02 00:39:15.808  INFO 1129 --- [main] s.w.s.m.m.a.RequestMappingHandlerMapping : Mapped "{[/],methods=[GET]}" onto public java.lang.String com.avi.product.controller.UserController.showHomePage(org.springframework.ui.Model)
2020-06-02 00:39:15.808  INFO 1129 --- [main] s.w.s.m.m.a.RequestMappingHandlerMapping : Mapped "{[/login],methods=[GET]}" onto public java.lang.String com.avi.product.controller.UserController.showRegistrationForm(org.springframework.ui.Model)
2020-06-02 00:39:15.809  INFO 1129 --- [main] s.w.s.m.m.a.RequestMappingHandlerMapping : Mapped "{[/registration],methods=[POST]}" onto public java.lang.String com.avi.product.controller.UserController.registerUserAccount(com.avi.product.dto.UserRegistrationDto,org.springframework.validation.BindingResult,org.springframework.ui.Model)
2020-06-02 00:39:15.812  INFO 1129 --- [main] s.w.s.m.m.a.RequestMappingHandlerMapping : Mapped "{[/error]}" onto public org.springframework.http.ResponseEntity<java.util.Map<java.lang.String, java.lang.Object>> org.springframework.boot.autoconfigure.web.BasicErrorController.error(javax.servlet.http.HttpServletRequest)
2020-06-02 00:39:15.812  INFO 1129 --- [main] s.w.s.m.m.a.RequestMappingHandlerMapping : Mapped "{[/error],produces=[text/html]}" onto public org.springframework.web.servlet.ModelAndView org.springframework.boot.autoconfigure.web.BasicErrorController.errorHtml(javax.servlet.http.HttpServletRequest,javax.servlet.http.HttpServletResponse)
2020-06-02 00:39:15.849  INFO 1129 --- [main] o.s.w.s.handler.SimpleUrlHandlerMapping  : Mapped URL path [/webjars/**] onto handler of type [class org.springframework.web.servlet.resource.ResourceHttpRequestHandler]
2020-06-02 00:39:15.849  INFO 1129 --- [main] o.s.w.s.handler.SimpleUrlHandlerMapping  : Mapped URL path [/**] onto handler of type [class org.springframework.web.servlet.resource.ResourceHttpRequestHandler]
2020-06-02 00:39:15.895  INFO 1129 --- [main] o.s.w.s.handler.SimpleUrlHandlerMapping  : Mapped URL path [/**/favicon.ico] onto handler of type [class org.springframework.web.servlet.resource.ResourceHttpRequestHandler]
2020-06-02 00:39:15.938  WARN 1129 --- [main] org.thymeleaf.templatemode.TemplateMode  : [THYMELEAF][main] Template Mode 'HTML5' is deprecated. Using Template Mode 'HTML' instead.
2020-06-02 00:39:16.507  INFO 1129 --- [main] o.s.j.e.a.AnnotationMBeanExporter        : Registering beans for JMX exposure on startup
2020-06-02 00:39:16.573  INFO 1129 --- [main] s.b.c.e.t.TomcatEmbeddedServletContainer : Tomcat started on port(s): 8080 (http)
2020-06-02 00:39:16.579  INFO 1129 --- [main] com.avi.product.Application              : Started Application in 5.821 seconds (JVM running for 6.411)
2020-06-02 00:39:19.541  INFO 1129 --- [http-nio-8080-exec-1] o.a.c.c.C.[Tomcat].[localhost].[/]       : Initializing Spring FrameworkServlet 'dispatcherServlet'
2020-06-02 00:39:19.541  INFO 1129 --- [http-nio-8080-exec-1] o.s.web.servlet.DispatcherServlet        : FrameworkServlet 'dispatcherServlet': initialization started
2020-06-02 00:39:19.557  INFO 1129 --- [http-nio-8080-exec-1] o.s.web.servlet.DispatcherServlet        : FrameworkServlet 'dispatcherServlet': initialization completed in 16 ms
2020-06-02 00:39:44.096  INFO 1129 --- [http-nio-8080-exec-10] o.h.h.i.QueryTranslatorFactoryInitiator  : HHH000397: Using ASTQueryTranslatorFactory
2020-06-02 00:39:47.601  INFO 1129 --- [http-nio-8080-exec-3] c.a.p.config.MyAccessDeniedHandler       : 'shuklaavi1@gmail.com' was trying to access protected url /products/delete/1
2020-06-02 00:41:02.769  WARN 1129 --- [http-nio-8080-exec-6] o.s.web.servlet.PageNotFound             : Request method 'GET' not supported
2020-06-02 00:42:31.103  INFO 1129 --- [RMI TCP Connection(4)-127.0.0.1] inMXBeanRegistrar$SpringApplicationAdmin : Application shutdown requested.
2020-06-02 00:42:31.103  INFO 1129 --- [RMI TCP Connection(4)-127.0.0.1] ationConfigEmbeddedWebApplicationContext : Closing org.springframework.boot.context.embedded.AnnotationConfigEmbeddedWebApplicationContext@6f53b8a: startup date [Tue Jun 02 00:39:11 IST 2020]; root of context hierarchy
2020-06-02 00:42:31.105  INFO 1129 --- [RMI TCP Connection(4)-127.0.0.1] o.s.j.e.a.AnnotationMBeanExporter        : Unregistering JMX-exposed beans on shutdown
2020-06-02 00:42:31.107  INFO 1129 --- [RMI TCP Connection(4)-127.0.0.1] j.LocalContainerEntityManagerFactoryBean : Closing JPA EntityManagerFactory for persistence unit 'default'
2020-06-02 00:42:42.112  INFO 1621 --- [main] com.avi.product.Application              : Starting Application on avinash with PID 1621 (/home/avinash/eclipse-workspace/spring-boot-product-system-master/target/classes started by avinash in /home/avinash/eclipse-workspace/spring-boot-product-system-master)
2020-06-02 00:42:42.114  INFO 1621 --- [main] com.avi.product.Application              : No active profile set, falling back to default profiles: default
2020-06-02 00:42:42.312  INFO 1621 --- [main] ationConfigEmbeddedWebApplicationContext : Refreshing org.springframework.boot.context.embedded.AnnotationConfigEmbeddedWebApplicationContext@6f53b8a: startup date [Tue Jun 02 00:42:42 IST 2020]; root of context hierarchy
2020-06-02 00:42:43.744  INFO 1621 --- [main] s.b.c.e.t.TomcatEmbeddedServletContainer : Tomcat initialized with port(s): 8080 (http)
2020-06-02 00:42:43.752  INFO 1621 --- [main] o.apache.catalina.core.StandardService   : Starting service [Tomcat]
2020-06-02 00:42:43.808  INFO 1621 --- [main] org.apache.catalina.core.StandardEngine  : Starting Servlet Engine: Apache Tomcat/8.5.20
2020-06-02 00:42:43.899  INFO 1621 --- [localhost-startStop-1] o.a.c.c.C.[Tomcat].[localhost].[/]       : Initializing Spring embedded WebApplicationContext
2020-06-02 00:42:43.900  INFO 1621 --- [localhost-startStop-1] o.s.web.context.ContextLoader            : Root WebApplicationContext: initialization completed in 1599 ms
2020-06-02 00:42:44.069  INFO 1621 --- [localhost-startStop-1] o.s.b.w.servlet.FilterRegistrationBean   : Mapping filter: 'characterEncodingFilter' to: [/*]
2020-06-02 00:42:44.070  INFO 1621 --- [localhost-startStop-1] o.s.b.w.servlet.FilterRegistrationBean   : Mapping filter: 'hiddenHttpMethodFilter' to: [/*]
2020-06-02 00:42:44.071  INFO 1621 --- [localhost-startStop-1] o.s.b.w.servlet.FilterRegistrationBean   : Mapping filter: 'httpPutFormContentFilter' to: [/*]
2020-06-02 00:42:44.071  INFO 1621 --- [localhost-startStop-1] o.s.b.w.servlet.FilterRegistrationBean   : Mapping filter: 'requestContextFilter' to: [/*]
2020-06-02 00:42:44.072  INFO 1621 --- [localhost-startStop-1] .s.DelegatingFilterProxyRegistrationBean : Mapping filter: 'springSecurityFilterChain' to: [/*]
2020-06-02 00:42:44.073  INFO 1621 --- [localhost-startStop-1] o.s.b.w.servlet.ServletRegistrationBean  : Mapping servlet: 'dispatcherServlet' to [/]
2020-06-02 00:42:44.329  INFO 1621 --- [main] o.f.core.internal.util.VersionPrinter    : Flyway Community Edition 5.0.7 by Boxfuse
2020-06-02 00:42:44.952  INFO 1621 --- [main] o.f.c.internal.database.DatabaseFactory  : Database: jdbc:mysql://localhost:3306/gallary (MySQL 5.7)
2020-06-02 00:42:45.005  INFO 1621 --- [main] o.f.core.internal.command.DbValidate     : Successfully validated 2 migrations (execution time 00:00.022s)
2020-06-02 00:42:45.030  INFO 1621 --- [main] o.f.core.internal.command.DbMigrate      : Current version of schema `gallary`: 1.1
2020-06-02 00:42:45.031  INFO 1621 --- [main] o.f.core.internal.command.DbMigrate      : Schema `gallary` is up to date. No migration necessary.
2020-06-02 00:42:45.201  INFO 1621 --- [main] j.LocalContainerEntityManagerFactoryBean : Building JPA container EntityManagerFactory for persistence unit 'default'
2020-06-02 00:42:45.213  INFO 1621 --- [main] o.hibernate.jpa.internal.util.LogHelper  : HHH000204: Processing PersistenceUnitInfo [
	name: default
	...]
2020-06-02 00:42:45.289  INFO 1621 --- [main] org.hibernate.Version                    : HHH000412: Hibernate Core {5.0.12.Final}
2020-06-02 00:42:45.291  INFO 1621 --- [main] org.hibernate.cfg.Environment            : HHH000206: hibernate.properties not found
2020-06-02 00:42:45.292  INFO 1621 --- [main] org.hibernate.cfg.Environment            : HHH000021: Bytecode provider name : javassist
2020-06-02 00:42:45.331  INFO 1621 --- [main] o.hibernate.annotations.common.Version   : HCANN000001: Hibernate Commons Annotations {5.0.1.Final}
2020-06-02 00:42:45.419  INFO 1621 --- [main] org.hibernate.dialect.Dialect            : HHH000400: Using dialect: org.hibernate.dialect.MySQL5InnoDBDialect
2020-06-02 00:42:45.767  INFO 1621 --- [main] org.hibernate.tool.hbm2ddl.SchemaUpdate  : HHH000228: Running hbm2ddl schema update
2020-06-02 00:42:45.889  INFO 1621 --- [main] j.LocalContainerEntityManagerFactoryBean : Initialized JPA EntityManagerFactory for persistence unit 'default'
2020-06-02 00:42:46.483  INFO 1621 --- [main] o.s.s.web.DefaultSecurityFilterChain     : Creating filter chain: org.springframework.security.web.util.matcher.AnyRequestMatcher@1, [org.springframework.security.web.context.request.async.WebAsyncManagerIntegrationFilter@3ca6bd01, org.springframework.security.web.context.SecurityContextPersistenceFilter@58afecfd, org.springframework.security.web.header.HeaderWriterFilter@7c871ce4, org.springframework.security.web.csrf.CsrfFilter@336070ab, org.springframework.security.web.authentication.logout.LogoutFilter@699bb304, org.springframework.security.web.authentication.UsernamePasswordAuthenticationFilter@2c70a1de, org.springframework.security.web.savedrequest.RequestCacheAwareFilter@48144f1a, org.springframework.security.web.servletapi.SecurityContextHolderAwareRequestFilter@48333b12, org.springframework.security.web.authentication.AnonymousAuthenticationFilter@5acd7d1c, org.springframework.security.web.session.SessionManagementFilter@5dc9d25a, org.springframework.security.web.access.ExceptionTranslationFilter@359ea595, org.springframework.security.web.access.intercept.FilterSecurityInterceptor@6e8aea7e]
2020-06-02 00:42:46.784  INFO 1621 --- [main] s.w.s.m.m.a.RequestMappingHandlerAdapter : Looking for @ControllerAdvice: org.springframework.boot.context.embedded.AnnotationConfigEmbeddedWebApplicationContext@6f53b8a: startup date [Tue Jun 02 00:42:42 IST 2020]; root of context hierarchy
2020-06-02 00:42:46.843  INFO 1621 --- [main] s.w.s.m.m.a.RequestMappingHandlerMapping : Mapped "{[/products]}" onto public java.lang.String com.avi.product.controller.MainController.index(org.springframework.ui.Model,java.util.Optional<java.lang.Integer>,java.util.Optional<java.lang.Integer>)
2020-06-02 00:42:46.844  INFO 1621 --- [main] s.w.s.m.m.a.RequestMappingHandlerMapping : Mapped "{[/products/save],methods=[POST]}" onto public java.lang.String com.avi.product.controller.MainController.save(com.avi.product.model.Product)
2020-06-02 00:42:46.844  INFO 1621 --- [main] s.w.s.m.m.a.RequestMappingHandlerMapping : Mapped "{[/products/add]}" onto public java.lang.String com.avi.product.controller.MainController.addProduct(org.springframework.ui.Model)
2020-06-02 00:42:46.845  INFO 1621 --- [main] s.w.s.m.m.a.RequestMappingHandlerMapping : Mapped "{[/products/delete/{id}],methods=[DELETE]}" onto public java.lang.String com.avi.product.controller.MainController.deleteProduct(java.lang.Integer)
2020-06-02 00:42:46.845  INFO 1621 --- [main] s.w.s.m.m.a.RequestMappingHandlerMapping : Mapped "{[/products/edit/{id}]}" onto public java.lang.String com.avi.product.controller.MainController.editProduct(java.lang.Integer,org.springframework.ui.Model)
2020-06-02 00:42:46.849  INFO 1621 --- [main] s.w.s.m.m.a.RequestMappingHandlerMapping : Mapped "{[/access-denied]}" onto public java.lang.String com.avi.product.controller.UserController.accessDenied()
2020-06-02 00:42:46.849  INFO 1621 --- [main] s.w.s.m.m.a.RequestMappingHandlerMapping : Mapped "{[/],methods=[GET]}" onto public java.lang.String com.avi.product.controller.UserController.showHomePage(org.springframework.ui.Model)
2020-06-02 00:42:46.850  INFO 1621 --- [main] s.w.s.m.m.a.RequestMappingHandlerMapping : Mapped "{[/login],methods=[GET]}" onto public java.lang.String com.avi.product.controller.UserController.showRegistrationForm(org.springframework.ui.Model)
2020-06-02 00:42:46.850  INFO 1621 --- [main] s.w.s.m.m.a.RequestMappingHandlerMapping : Mapped "{[/registration],methods=[POST]}" onto public java.lang.String com.avi.product.controller.UserController.registerUserAccount(com.avi.product.dto.UserRegistrationDto,org.springframework.validation.BindingResult,org.springframework.ui.Model)
2020-06-02 00:42:46.854  INFO 1621 --- [main] s.w.s.m.m.a.RequestMappingHandlerMapping : Mapped "{[/error]}" onto public org.springframework.http.ResponseEntity<java.util.Map<java.lang.String, java.lang.Object>> org.springframework.boot.autoconfigure.web.BasicErrorController.error(javax.servlet.http.HttpServletRequest)
2020-06-02 00:42:46.855  INFO 1621 --- [main] s.w.s.m.m.a.RequestMappingHandlerMapping : Mapped "{[/error],produces=[text/html]}" onto public org.springframework.web.servlet.ModelAndView org.springframework.boot.autoconfigure.web.BasicErrorController.errorHtml(javax.servlet.http.HttpServletRequest,javax.servlet.http.HttpServletResponse)
2020-06-02 00:42:46.891  INFO 1621 --- [main] o.s.w.s.handler.SimpleUrlHandlerMapping  : Mapped URL path [/webjars/**] onto handler of type [class org.springframework.web.servlet.resource.ResourceHttpRequestHandler]
2020-06-02 00:42:46.891  INFO 1621 --- [main] o.s.w.s.handler.SimpleUrlHandlerMapping  : Mapped URL path [/**] onto handler of type [class org.springframework.web.servlet.resource.ResourceHttpRequestHandler]
2020-06-02 00:42:46.928  INFO 1621 --- [main] o.s.w.s.handler.SimpleUrlHandlerMapping  : Mapped URL path [/**/favicon.ico] onto handler of type [class org.springframework.web.servlet.resource.ResourceHttpRequestHandler]
2020-06-02 00:42:46.965  WARN 1621 --- [main] org.thymeleaf.templatemode.TemplateMode  : [THYMELEAF][main] Template Mode 'HTML5' is deprecated. Using Template Mode 'HTML' instead.
2020-06-02 00:42:47.426  INFO 1621 --- [main] o.s.j.e.a.AnnotationMBeanExporter        : Registering beans for JMX exposure on startup
2020-06-02 00:42:47.466  INFO 1621 --- [main] s.b.c.e.t.TomcatEmbeddedServletContainer : Tomcat started on port(s): 8080 (http)
2020-06-02 00:42:47.470  INFO 1621 --- [main] com.avi.product.Application              : Started Application in 5.587 seconds (JVM running for 6.154)
2020-06-02 00:42:54.834  INFO 1621 --- [http-nio-8080-exec-1] o.a.c.c.C.[Tomcat].[localhost].[/]       : Initializing Spring FrameworkServlet 'dispatcherServlet'
2020-06-02 00:42:54.834  INFO 1621 --- [http-nio-8080-exec-1] o.s.web.servlet.DispatcherServlet        : FrameworkServlet 'dispatcherServlet': initialization started
2020-06-02 00:42:54.853  INFO 1621 --- [http-nio-8080-exec-1] o.s.web.servlet.DispatcherServlet        : FrameworkServlet 'dispatcherServlet': initialization completed in 19 ms
2020-06-02 00:43:11.422  INFO 1621 --- [http-nio-8080-exec-8] o.h.h.i.QueryTranslatorFactoryInitiator  : HHH000397: Using ASTQueryTranslatorFactory
2020-06-02 00:43:14.515  WARN 1621 --- [http-nio-8080-exec-5] o.s.web.servlet.PageNotFound             : Request method 'GET' not supported
2020-06-02 00:45:45.377  INFO 1621 --- [RMI TCP Connection(3)-127.0.0.1] inMXBeanRegistrar$SpringApplicationAdmin : Application shutdown requested.
2020-06-02 00:45:45.378  INFO 1621 --- [RMI TCP Connection(3)-127.0.0.1] ationConfigEmbeddedWebApplicationContext : Closing org.springframework.boot.context.embedded.AnnotationConfigEmbeddedWebApplicationContext@6f53b8a: startup date [Tue Jun 02 00:42:42 IST 2020]; root of context hierarchy
2020-06-02 00:45:45.380  INFO 1621 --- [RMI TCP Connection(3)-127.0.0.1] o.s.j.e.a.AnnotationMBeanExporter        : Unregistering JMX-exposed beans on shutdown
2020-06-02 00:45:45.383  INFO 1621 --- [RMI TCP Connection(3)-127.0.0.1] j.LocalContainerEntityManagerFactoryBean : Closing JPA EntityManagerFactory for persistence unit 'default'
2020-06-08 12:22:37.159  INFO 10164 --- [main] com.avi.product.Application              : Starting Application on avinash with PID 10164 (/home/avinash/eclipse-workspace/spring-boot-product-system-master/target/classes started by avinash in /home/avinash/eclipse-workspace/spring-boot-product-system-master)
2020-06-08 12:22:37.164  INFO 10164 --- [main] com.avi.product.Application              : No active profile set, falling back to default profiles: default
2020-06-08 12:22:37.493  INFO 10164 --- [main] ationConfigEmbeddedWebApplicationContext : Refreshing org.springframework.boot.context.embedded.AnnotationConfigEmbeddedWebApplicationContext@6f53b8a: startup date [Mon Jun 08 12:22:37 IST 2020]; root of context hierarchy
2020-06-08 12:22:40.014  INFO 10164 --- [main] s.b.c.e.t.TomcatEmbeddedServletContainer : Tomcat initialized with port(s): 8080 (http)
2020-06-08 12:22:40.022  INFO 10164 --- [main] o.apache.catalina.core.StandardService   : Starting service [Tomcat]
2020-06-08 12:22:40.023  INFO 10164 --- [main] org.apache.catalina.core.StandardEngine  : Starting Servlet Engine: Apache Tomcat/8.5.20
2020-06-08 12:22:40.086  INFO 10164 --- [localhost-startStop-1] o.a.c.c.C.[Tomcat].[localhost].[/]       : Initializing Spring embedded WebApplicationContext
2020-06-08 12:22:40.087  INFO 10164 --- [localhost-startStop-1] o.s.web.context.ContextLoader            : Root WebApplicationContext: initialization completed in 2604 ms
2020-06-08 12:22:40.207  INFO 10164 --- [localhost-startStop-1] o.s.b.w.servlet.FilterRegistrationBean   : Mapping filter: 'characterEncodingFilter' to: [/*]
2020-06-08 12:22:40.208  INFO 10164 --- [localhost-startStop-1] o.s.b.w.servlet.FilterRegistrationBean   : Mapping filter: 'hiddenHttpMethodFilter' to: [/*]
2020-06-08 12:22:40.208  INFO 10164 --- [localhost-startStop-1] o.s.b.w.servlet.FilterRegistrationBean   : Mapping filter: 'httpPutFormContentFilter' to: [/*]
2020-06-08 12:22:40.208  INFO 10164 --- [localhost-startStop-1] o.s.b.w.servlet.FilterRegistrationBean   : Mapping filter: 'requestContextFilter' to: [/*]
2020-06-08 12:22:40.209  INFO 10164 --- [localhost-startStop-1] .s.DelegatingFilterProxyRegistrationBean : Mapping filter: 'springSecurityFilterChain' to: [/*]
2020-06-08 12:22:40.209  INFO 10164 --- [localhost-startStop-1] o.s.b.w.servlet.ServletRegistrationBean  : Mapping servlet: 'dispatcherServlet' to [/]
2020-06-08 12:22:40.674  INFO 10164 --- [main] o.f.core.internal.util.VersionPrinter    : Flyway Community Edition 5.0.7 by Boxfuse
2020-06-08 12:22:41.983  INFO 10164 --- [main] o.f.c.internal.database.DatabaseFactory  : Database: jdbc:mysql://localhost:3306/gallary (MySQL 5.7)
2020-06-08 12:22:42.132  INFO 10164 --- [main] o.f.core.internal.command.DbValidate     : Successfully validated 2 migrations (execution time 00:00.025s)
2020-06-08 12:22:42.198  INFO 10164 --- [main] o.f.c.i.s.JdbcTableSchemaHistory         : Creating Schema History table: `gallary`.`flyway_schema_history`
2020-06-08 12:22:42.301  INFO 10164 --- [main] o.f.core.internal.command.DbMigrate      : Current version of schema `gallary`: << Empty Schema >>
2020-06-08 12:22:42.315  INFO 10164 --- [main] o.f.core.internal.command.DbMigrate      : Migrating schema `gallary` to version 1.0 - init
2020-06-08 12:22:42.555  INFO 10164 --- [main] o.f.core.internal.command.DbMigrate      : Migrating schema `gallary` to version 1.1 - user data
2020-06-08 12:22:42.594  INFO 10164 --- [main] o.f.core.internal.command.DbMigrate      : Successfully applied 2 migrations to schema `gallary` (execution time 00:00.400s)
2020-06-08 12:22:42.800  INFO 10164 --- [main] j.LocalContainerEntityManagerFactoryBean : Building JPA container EntityManagerFactory for persistence unit 'default'
2020-06-08 12:22:42.881  INFO 10164 --- [main] o.hibernate.jpa.internal.util.LogHelper  : HHH000204: Processing PersistenceUnitInfo [
	name: default
	...]
2020-06-08 12:22:43.013  INFO 10164 --- [main] org.hibernate.Version                    : HHH000412: Hibernate Core {5.0.12.Final}
2020-06-08 12:22:43.016  INFO 10164 --- [main] org.hibernate.cfg.Environment            : HHH000206: hibernate.properties not found
2020-06-08 12:22:43.017  INFO 10164 --- [main] org.hibernate.cfg.Environment            : HHH000021: Bytecode provider name : javassist
2020-06-08 12:22:43.075  INFO 10164 --- [main] o.hibernate.annotations.common.Version   : HCANN000001: Hibernate Commons Annotations {5.0.1.Final}
2020-06-08 12:22:43.216  INFO 10164 --- [main] org.hibernate.dialect.Dialect            : HHH000400: Using dialect: org.hibernate.dialect.MySQL5InnoDBDialect
2020-06-08 12:22:43.798  INFO 10164 --- [main] org.hibernate.tool.hbm2ddl.SchemaUpdate  : HHH000228: Running hbm2ddl schema update
2020-06-08 12:22:44.028  INFO 10164 --- [main] j.LocalContainerEntityManagerFactoryBean : Initialized JPA EntityManagerFactory for persistence unit 'default'
2020-06-08 12:22:45.150  INFO 10164 --- [main] o.s.s.web.DefaultSecurityFilterChain     : Creating filter chain: org.springframework.security.web.util.matcher.AnyRequestMatcher@1, [org.springframework.security.web.context.request.async.WebAsyncManagerIntegrationFilter@762f8ff6, org.springframework.security.web.context.SecurityContextPersistenceFilter@3ad558bf, org.springframework.security.web.header.HeaderWriterFilter@a80a896, org.springframework.security.web.csrf.CsrfFilter@65e92505, org.springframework.security.web.authentication.logout.LogoutFilter@24f5e9e8, org.springframework.security.web.authentication.UsernamePasswordAuthenticationFilter@5d98364c, org.springframework.security.web.savedrequest.RequestCacheAwareFilter@7b1559f1, org.springframework.security.web.servletapi.SecurityContextHolderAwareRequestFilter@7b2f8152, org.springframework.security.web.authentication.AnonymousAuthenticationFilter@30ed2a26, org.springframework.security.web.session.SessionManagementFilter@5617168c, org.springframework.security.web.access.ExceptionTranslationFilter@50d05167, org.springframework.security.web.access.intercept.FilterSecurityInterceptor@333a2df2]
2020-06-08 12:22:45.559  INFO 10164 --- [main] s.w.s.m.m.a.RequestMappingHandlerAdapter : Looking for @ControllerAdvice: org.springframework.boot.context.embedded.AnnotationConfigEmbeddedWebApplicationContext@6f53b8a: startup date [Mon Jun 08 12:22:37 IST 2020]; root of context hierarchy
2020-06-08 12:22:45.643  INFO 10164 --- [main] s.w.s.m.m.a.RequestMappingHandlerMapping : Mapped "{[/products]}" onto public java.lang.String com.avi.product.controller.MainController.index(org.springframework.ui.Model,java.util.Optional<java.lang.Integer>,java.util.Optional<java.lang.Integer>)
2020-06-08 12:22:45.645  INFO 10164 --- [main] s.w.s.m.m.a.RequestMappingHandlerMapping : Mapped "{[/products/save],methods=[POST]}" onto public java.lang.String com.avi.product.controller.MainController.save(com.avi.product.model.Product)
2020-06-08 12:22:45.646  INFO 10164 --- [main] s.w.s.m.m.a.RequestMappingHandlerMapping : Mapped "{[/products/add]}" onto public java.lang.String com.avi.product.controller.MainController.addProduct(org.springframework.ui.Model)
2020-06-08 12:22:45.647  INFO 10164 --- [main] s.w.s.m.m.a.RequestMappingHandlerMapping : Mapped "{[/products/delete/{id}],methods=[DELETE]}" onto public java.lang.String com.avi.product.controller.MainController.deleteProduct(java.lang.Integer)
2020-06-08 12:22:45.648  INFO 10164 --- [main] s.w.s.m.m.a.RequestMappingHandlerMapping : Mapped "{[/products/edit/{id}]}" onto public java.lang.String com.avi.product.controller.MainController.editProduct(java.lang.Integer,org.springframework.ui.Model)
2020-06-08 12:22:45.655  INFO 10164 --- [main] s.w.s.m.m.a.RequestMappingHandlerMapping : Mapped "{[/access-denied]}" onto public java.lang.String com.avi.product.controller.UserController.accessDenied()
2020-06-08 12:22:45.655  INFO 10164 --- [main] s.w.s.m.m.a.RequestMappingHandlerMapping : Mapped "{[/],methods=[GET]}" onto public java.lang.String com.avi.product.controller.UserController.showHomePage(org.springframework.ui.Model)
2020-06-08 12:22:45.656  INFO 10164 --- [main] s.w.s.m.m.a.RequestMappingHandlerMapping : Mapped "{[/login],methods=[GET]}" onto public java.lang.String com.avi.product.controller.UserController.showRegistrationForm(org.springframework.ui.Model)
2020-06-08 12:22:45.656  INFO 10164 --- [main] s.w.s.m.m.a.RequestMappingHandlerMapping : Mapped "{[/registration],methods=[POST]}" onto public java.lang.String com.avi.product.controller.UserController.registerUserAccount(com.avi.product.dto.UserRegistrationDto,org.springframework.validation.BindingResult,org.springframework.ui.Model)
2020-06-08 12:22:45.661  INFO 10164 --- [main] s.w.s.m.m.a.RequestMappingHandlerMapping : Mapped "{[/error]}" onto public org.springframework.http.ResponseEntity<java.util.Map<java.lang.String, java.lang.Object>> org.springframework.boot.autoconfigure.web.BasicErrorController.error(javax.servlet.http.HttpServletRequest)
2020-06-08 12:22:45.662  INFO 10164 --- [main] s.w.s.m.m.a.RequestMappingHandlerMapping : Mapped "{[/error],produces=[text/html]}" onto public org.springframework.web.servlet.ModelAndView org.springframework.boot.autoconfigure.web.BasicErrorController.errorHtml(javax.servlet.http.HttpServletRequest,javax.servlet.http.HttpServletResponse)
2020-06-08 12:22:45.710  INFO 10164 --- [main] o.s.w.s.handler.SimpleUrlHandlerMapping  : Mapped URL path [/webjars/**] onto handler of type [class org.springframework.web.servlet.resource.ResourceHttpRequestHandler]
2020-06-08 12:22:45.710  INFO 10164 --- [main] o.s.w.s.handler.SimpleUrlHandlerMapping  : Mapped URL path [/**] onto handler of type [class org.springframework.web.servlet.resource.ResourceHttpRequestHandler]
2020-06-08 12:22:45.758  INFO 10164 --- [main] o.s.w.s.handler.SimpleUrlHandlerMapping  : Mapped URL path [/**/favicon.ico] onto handler of type [class org.springframework.web.servlet.resource.ResourceHttpRequestHandler]
2020-06-08 12:22:45.825  WARN 10164 --- [main] org.thymeleaf.templatemode.TemplateMode  : [THYMELEAF][main] Template Mode 'HTML5' is deprecated. Using Template Mode 'HTML' instead.
2020-06-08 12:22:46.704  INFO 10164 --- [main] o.s.j.e.a.AnnotationMBeanExporter        : Registering beans for JMX exposure on startup
2020-06-08 12:22:46.843  INFO 10164 --- [main] s.b.c.e.t.TomcatEmbeddedServletContainer : Tomcat started on port(s): 8080 (http)
2020-06-08 12:22:46.852  INFO 10164 --- [main] com.avi.product.Application              : Started Application in 10.198 seconds (JVM running for 11.394)
2020-06-08 12:22:54.712  INFO 10164 --- [http-nio-8080-exec-1] o.a.c.c.C.[Tomcat].[localhost].[/]       : Initializing Spring FrameworkServlet 'dispatcherServlet'
2020-06-08 12:22:54.713  INFO 10164 --- [http-nio-8080-exec-1] o.s.web.servlet.DispatcherServlet        : FrameworkServlet 'dispatcherServlet': initialization started
2020-06-08 12:22:54.741  INFO 10164 --- [http-nio-8080-exec-1] o.s.web.servlet.DispatcherServlet        : FrameworkServlet 'dispatcherServlet': initialization completed in 28 ms
2020-06-08 12:23:18.972  INFO 10164 --- [http-nio-8080-exec-6] o.h.h.i.QueryTranslatorFactoryInitiator  : HHH000397: Using ASTQueryTranslatorFactory
2020-06-08 12:25:35.021  WARN 10164 --- [http-nio-8080-exec-6] o.h.engine.jdbc.spi.SqlExceptionHelper   : SQL Error: 1146, SQLState: 42S02
2020-06-08 12:25:35.022 ERROR 10164 --- [http-nio-8080-exec-6] o.h.engine.jdbc.spi.SqlExceptionHelper   : Table 'gallary.user' doesn't exist
2020-06-08 12:25:35.068 ERROR 10164 --- [http-nio-8080-exec-6] o.a.c.c.C.[.[.[/].[dispatcherServlet]    : Servlet.service() for servlet [dispatcherServlet] in context with path [] threw exception [Request processing failed; nested exception is org.springframework.dao.InvalidDataAccessResourceUsageException: could not extract ResultSet; SQL [n/a]; nested exception is org.hibernate.exception.SQLGrammarException: could not extract ResultSet] with root cause

com.mysql.jdbc.exceptions.jdbc4.MySQLSyntaxErrorException: Table 'gallary.user' doesn't exist
	at java.base/jdk.internal.reflect.NativeConstructorAccessorImpl.newInstance0(Native Method) ~[na:na]
	at java.base/jdk.internal.reflect.NativeConstructorAccessorImpl.newInstance(NativeConstructorAccessorImpl.java:62) ~[na:na]
	at java.base/jdk.internal.reflect.DelegatingConstructorAccessorImpl.newInstance(DelegatingConstructorAccessorImpl.java:45) ~[na:na]
	at java.base/java.lang.reflect.Constructor.newInstance(Constructor.java:490) ~[na:na]
	at com.mysql.jdbc.Util.handleNewInstance(Util.java:425) ~[mysql-connector-java-5.1.44.jar:5.1.44]
	at com.mysql.jdbc.Util.getInstance(Util.java:408) ~[mysql-connector-java-5.1.44.jar:5.1.44]
	at com.mysql.jdbc.SQLError.createSQLException(SQLError.java:943) ~[mysql-connector-java-5.1.44.jar:5.1.44]
	at com.mysql.jdbc.MysqlIO.checkErrorPacket(MysqlIO.java:3973) ~[mysql-connector-java-5.1.44.jar:5.1.44]
	at com.mysql.jdbc.MysqlIO.checkErrorPacket(MysqlIO.java:3909) ~[mysql-connector-java-5.1.44.jar:5.1.44]
	at com.mysql.jdbc.MysqlIO.sendCommand(MysqlIO.java:2527) ~[mysql-connector-java-5.1.44.jar:5.1.44]
	at com.mysql.jdbc.MysqlIO.sqlQueryDirect(MysqlIO.java:2680) ~[mysql-connector-java-5.1.44.jar:5.1.44]
	at com.mysql.jdbc.ConnectionImpl.execSQL(ConnectionImpl.java:2487) ~[mysql-connector-java-5.1.44.jar:5.1.44]
	at com.mysql.jdbc.PreparedStatement.executeInternal(PreparedStatement.java:1858) ~[mysql-connector-java-5.1.44.jar:5.1.44]
	at com.mysql.jdbc.PreparedStatement.executeQuery(PreparedStatement.java:1966) ~[mysql-connector-java-5.1.44.jar:5.1.44]
	at jdk.internal.reflect.GeneratedMethodAccessor34.invoke(Unknown Source) ~[na:na]
	at java.base/jdk.internal.reflect.DelegatingMethodAccessorImpl.invoke(DelegatingMethodAccessorImpl.java:43) ~[na:na]
	at java.base/java.lang.reflect.Method.invoke(Method.java:566) ~[na:na]
	at org.apache.tomcat.jdbc.pool.StatementFacade$StatementProxy.invoke(StatementFacade.java:114) ~[tomcat-jdbc-8.5.20.jar:na]
	at com.sun.proxy.$Proxy69.executeQuery(Unknown Source) ~[na:na]
	at org.hibernate.engine.jdbc.internal.ResultSetReturnImpl.extract(ResultSetReturnImpl.java:70) ~[hibernate-core-5.0.12.Final.jar:5.0.12.Final]
	at org.hibernate.loader.Loader.getResultSet(Loader.java:2117) ~[hibernate-core-5.0.12.Final.jar:5.0.12.Final]
	at org.hibernate.loader.Loader.executeQueryStatement(Loader.java:1900) ~[hibernate-core-5.0.12.Final.jar:5.0.12.Final]
	at org.hibernate.loader.Loader.executeQueryStatement(Loader.java:1876) ~[hibernate-core-5.0.12.Final.jar:5.0.12.Final]
	at org.hibernate.loader.Loader.doQuery(Loader.java:919) ~[hibernate-core-5.0.12.Final.jar:5.0.12.Final]
	at org.hibernate.loader.Loader.doQueryAndInitializeNonLazyCollections(Loader.java:336) ~[hibernate-core-5.0.12.Final.jar:5.0.12.Final]
	at org.hibernate.loader.Loader.doList(Loader.java:2617) ~[hibernate-core-5.0.12.Final.jar:5.0.12.Final]
	at org.hibernate.loader.Loader.doList(Loader.java:2600) ~[hibernate-core-5.0.12.Final.jar:5.0.12.Final]
	at org.hibernate.loader.Loader.listIgnoreQueryCache(Loader.java:2429) ~[hibernate-core-5.0.12.Final.jar:5.0.12.Final]
	at org.hibernate.loader.Loader.list(Loader.java:2424) ~[hibernate-core-5.0.12.Final.jar:5.0.12.Final]
	at org.hibernate.loader.hql.QueryLoader.list(QueryLoader.java:501) ~[hibernate-core-5.0.12.Final.jar:5.0.12.Final]
	at org.hibernate.hql.internal.ast.QueryTranslatorImpl.list(QueryTranslatorImpl.java:371) ~[hibernate-core-5.0.12.Final.jar:5.0.12.Final]
	at org.hibernate.engine.query.spi.HQLQueryPlan.performList(HQLQueryPlan.java:216) ~[hibernate-core-5.0.12.Final.jar:5.0.12.Final]
	at org.hibernate.internal.SessionImpl.list(SessionImpl.java:1326) ~[hibernate-core-5.0.12.Final.jar:5.0.12.Final]
	at org.hibernate.internal.QueryImpl.list(QueryImpl.java:87) ~[hibernate-core-5.0.12.Final.jar:5.0.12.Final]
	at org.hibernate.jpa.internal.QueryImpl.list(QueryImpl.java:606) ~[hibernate-entitymanager-5.0.12.Final.jar:5.0.12.Final]
	at org.hibernate.jpa.internal.QueryImpl.getSingleResult(QueryImpl.java:529) ~[hibernate-entitymanager-5.0.12.Final.jar:5.0.12.Final]
	at org.hibernate.jpa.criteria.compile.CriteriaQueryTypeQueryAdapter.getSingleResult(CriteriaQueryTypeQueryAdapter.java:54) ~[hibernate-entitymanager-5.0.12.Final.jar:5.0.12.Final]
	at org.springframework.data.jpa.repository.query.JpaQueryExecution$SingleEntityExecution.doExecute(JpaQueryExecution.java:206) ~[spring-data-jpa-1.11.7.RELEASE.jar:na]
	at org.springframework.data.jpa.repository.query.JpaQueryExecution.execute(JpaQueryExecution.java:85) ~[spring-data-jpa-1.11.7.RELEASE.jar:na]
	at org.springframework.data.jpa.repository.query.AbstractJpaQuery.doExecute(AbstractJpaQuery.java:116) ~[spring-data-jpa-1.11.7.RELEASE.jar:na]
	at org.springframework.data.jpa.repository.query.AbstractJpaQuery.execute(AbstractJpaQuery.java:106) ~[spring-data-jpa-1.11.7.RELEASE.jar:na]
	at org.springframework.data.repository.core.support.RepositoryFactorySupport$QueryExecutorMethodInterceptor.doInvoke(RepositoryFactorySupport.java:483) ~[spring-data-commons-1.13.7.RELEASE.jar:na]
	at org.springframework.data.repository.core.support.RepositoryFactorySupport$QueryExecutorMethodInterceptor.invoke(RepositoryFactorySupport.java:461) ~[spring-data-commons-1.13.7.RELEASE.jar:na]
	at org.springframework.aop.framework.ReflectiveMethodInvocation.proceed(ReflectiveMethodInvocation.java:179) ~[spring-aop-4.3.11.RELEASE.jar:4.3.11.RELEASE]
	at org.springframework.data.projection.DefaultMethodInvokingMethodInterceptor.invoke(DefaultMethodInvokingMethodInterceptor.java:56) ~[spring-data-commons-1.13.7.RELEASE.jar:na]
	at org.springframework.aop.framework.ReflectiveMethodInvocation.proceed(ReflectiveMethodInvocation.java:179) ~[spring-aop-4.3.11.RELEASE.jar:4.3.11.RELEASE]
	at org.springframework.transaction.interceptor.TransactionInterceptor$1.proceedWithInvocation(TransactionInterceptor.java:99) ~[spring-tx-4.3.11.RELEASE.jar:4.3.11.RELEASE]
	at org.springframework.transaction.interceptor.TransactionAspectSupport.invokeWithinTransaction(TransactionAspectSupport.java:282) ~[spring-tx-4.3.11.RELEASE.jar:4.3.11.RELEASE]
	at org.springframework.transaction.interceptor.TransactionInterceptor.invoke(TransactionInterceptor.java:96) ~[spring-tx-4.3.11.RELEASE.jar:4.3.11.RELEASE]
	at org.springframework.aop.framework.ReflectiveMethodInvocation.proceed(ReflectiveMethodInvocation.java:179) ~[spring-aop-4.3.11.RELEASE.jar:4.3.11.RELEASE]
	at org.springframework.dao.support.PersistenceExceptionTranslationInterceptor.invoke(PersistenceExceptionTranslationInterceptor.java:136) ~[spring-tx-4.3.11.RELEASE.jar:4.3.11.RELEASE]
	at org.springframework.aop.framework.ReflectiveMethodInvocation.proceed(ReflectiveMethodInvocation.java:179) ~[spring-aop-4.3.11.RELEASE.jar:4.3.11.RELEASE]
	at org.springframework.data.jpa.repository.support.CrudMethodMetadataPostProcessor$CrudMethodMetadataPopulatingMethodInterceptor.invoke(CrudMethodMetadataPostProcessor.java:133) ~[spring-data-jpa-1.11.7.RELEASE.jar:na]
	at org.springframework.aop.framework.ReflectiveMethodInvocation.proceed(ReflectiveMethodInvocation.java:179) ~[spring-aop-4.3.11.RELEASE.jar:4.3.11.RELEASE]
	at org.springframework.aop.interceptor.ExposeInvocationInterceptor.invoke(ExposeInvocationInterceptor.java:92) ~[spring-aop-4.3.11.RELEASE.jar:4.3.11.RELEASE]
	at org.springframework.aop.framework.ReflectiveMethodInvocation.proceed(ReflectiveMethodInvocation.java:179) ~[spring-aop-4.3.11.RELEASE.jar:4.3.11.RELEASE]
	at org.springframework.data.repository.core.support.SurroundingTransactionDetectorMethodInterceptor.invoke(SurroundingTransactionDetectorMethodInterceptor.java:57) ~[spring-data-commons-1.13.7.RELEASE.jar:na]
	at org.springframework.aop.framework.ReflectiveMethodInvocation.proceed(ReflectiveMethodInvocation.java:179) ~[spring-aop-4.3.11.RELEASE.jar:4.3.11.RELEASE]
	at org.springframework.aop.framework.JdkDynamicAopProxy.invoke(JdkDynamicAopProxy.java:213) ~[spring-aop-4.3.11.RELEASE.jar:4.3.11.RELEASE]
	at com.sun.proxy.$Proxy93.findByEmail(Unknown Source) ~[na:na]
	at com.avi.product.service.UserServiceImpl.findByEmail(UserServiceImpl.java:46) ~[classes/:na]
	at com.avi.product.service.UserServiceImpl$$FastClassBySpringCGLIB$$363d434b.invoke(<generated>) ~[classes/:na]
	at org.springframework.cglib.proxy.MethodProxy.invoke(MethodProxy.java:204) ~[spring-core-4.3.11.RELEASE.jar:4.3.11.RELEASE]
	at org.springframework.aop.framework.CglibAopProxy$CglibMethodInvocation.invokeJoinpoint(CglibAopProxy.java:738) ~[spring-aop-4.3.11.RELEASE.jar:4.3.11.RELEASE]
	at org.springframework.aop.framework.ReflectiveMethodInvocation.proceed(ReflectiveMethodInvocation.java:157) ~[spring-aop-4.3.11.RELEASE.jar:4.3.11.RELEASE]
	at org.springframework.dao.support.PersistenceExceptionTranslationInterceptor.invoke(PersistenceExceptionTranslationInterceptor.java:136) ~[spring-tx-4.3.11.RELEASE.jar:4.3.11.RELEASE]
	at org.springframework.aop.framework.ReflectiveMethodInvocation.proceed(ReflectiveMethodInvocation.java:179) ~[spring-aop-4.3.11.RELEASE.jar:4.3.11.RELEASE]
	at org.springframework.aop.framework.CglibAopProxy$DynamicAdvisedInterceptor.intercept(CglibAopProxy.java:673) ~[spring-aop-4.3.11.RELEASE.jar:4.3.11.RELEASE]
	at com.avi.product.service.UserServiceImpl$$EnhancerBySpringCGLIB$$fa6baaad.findByEmail(<generated>) ~[classes/:na]
	at com.avi.product.controller.UserController.registerUserAccount(UserController.java:49) ~[classes/:na]
	at java.base/jdk.internal.reflect.NativeMethodAccessorImpl.invoke0(Native Method) ~[na:na]
	at java.base/jdk.internal.reflect.NativeMethodAccessorImpl.invoke(NativeMethodAccessorImpl.java:62) ~[na:na]
	at java.base/jdk.internal.reflect.DelegatingMethodAccessorImpl.invoke(DelegatingMethodAccessorImpl.java:43) ~[na:na]
	at java.base/java.lang.reflect.Method.invoke(Method.java:566) ~[na:na]
	at org.springframework.web.method.support.InvocableHandlerMethod.doInvoke(InvocableHandlerMethod.java:205) ~[spring-web-4.3.11.RELEASE.jar:4.3.11.RELEASE]
	at org.springframework.web.method.support.InvocableHandlerMethod.invokeForRequest(InvocableHandlerMethod.java:133) ~[spring-web-4.3.11.RELEASE.jar:4.3.11.RELEASE]
	at org.springframework.web.servlet.mvc.method.annotation.ServletInvocableHandlerMethod.invokeAndHandle(ServletInvocableHandlerMethod.java:97) ~[spring-webmvc-4.3.11.RELEASE.jar:4.3.11.RELEASE]
	at org.springframework.web.servlet.mvc.method.annotation.RequestMappingHandlerAdapter.invokeHandlerMethod(RequestMappingHandlerAdapter.java:827) ~[spring-webmvc-4.3.11.RELEASE.jar:4.3.11.RELEASE]
	at org.springframework.web.servlet.mvc.method.annotation.RequestMappingHandlerAdapter.handleInternal(RequestMappingHandlerAdapter.java:738) ~[spring-webmvc-4.3.11.RELEASE.jar:4.3.11.RELEASE]
	at org.springframework.web.servlet.mvc.method.AbstractHandlerMethodAdapter.handle(AbstractHandlerMethodAdapter.java:85) ~[spring-webmvc-4.3.11.RELEASE.jar:4.3.11.RELEASE]
	at org.springframework.web.servlet.DispatcherServlet.doDispatch(DispatcherServlet.java:967) ~[spring-webmvc-4.3.11.RELEASE.jar:4.3.11.RELEASE]
	at org.springframework.web.servlet.DispatcherServlet.doService(DispatcherServlet.java:901) ~[spring-webmvc-4.3.11.RELEASE.jar:4.3.11.RELEASE]
	at org.springframework.web.servlet.FrameworkServlet.processRequest(FrameworkServlet.java:970) ~[spring-webmvc-4.3.11.RELEASE.jar:4.3.11.RELEASE]
	at org.springframework.web.servlet.FrameworkServlet.doPost(FrameworkServlet.java:872) ~[spring-webmvc-4.3.11.RELEASE.jar:4.3.11.RELEASE]
	at javax.servlet.http.HttpServlet.service(HttpServlet.java:661) ~[tomcat-embed-core-8.5.20.jar:8.5.20]
	at org.springframework.web.servlet.FrameworkServlet.service(FrameworkServlet.java:846) ~[spring-webmvc-4.3.11.RELEASE.jar:4.3.11.RELEASE]
	at javax.servlet.http.HttpServlet.service(HttpServlet.java:742) ~[tomcat-embed-core-8.5.20.jar:8.5.20]
	at org.apache.catalina.core.ApplicationFilterChain.internalDoFilter(ApplicationFilterChain.java:231) ~[tomcat-embed-core-8.5.20.jar:8.5.20]
	at org.apache.catalina.core.ApplicationFilterChain.doFilter(ApplicationFilterChain.java:166) ~[tomcat-embed-core-8.5.20.jar:8.5.20]
	at org.apache.tomcat.websocket.server.WsFilter.doFilter(WsFilter.java:52) ~[tomcat-embed-websocket-8.5.20.jar:8.5.20]
	at org.apache.catalina.core.ApplicationFilterChain.internalDoFilter(ApplicationFilterChain.java:193) ~[tomcat-embed-core-8.5.20.jar:8.5.20]
	at org.apache.catalina.core.ApplicationFilterChain.doFilter(ApplicationFilterChain.java:166) ~[tomcat-embed-core-8.5.20.jar:8.5.20]
	at org.springframework.security.web.FilterChainProxy$VirtualFilterChain.doFilter(FilterChainProxy.java:317) ~[spring-security-web-4.2.3.RELEASE.jar:4.2.3.RELEASE]
	at org.springframework.security.web.access.intercept.FilterSecurityInterceptor.invoke(FilterSecurityInterceptor.java:127) ~[spring-security-web-4.2.3.RELEASE.jar:4.2.3.RELEASE]
	at org.springframework.security.web.access.intercept.FilterSecurityInterceptor.doFilter(FilterSecurityInterceptor.java:91) ~[spring-security-web-4.2.3.RELEASE.jar:4.2.3.RELEASE]
	at org.springframework.security.web.FilterChainProxy$VirtualFilterChain.doFilter(FilterChainProxy.java:331) ~[spring-security-web-4.2.3.RELEASE.jar:4.2.3.RELEASE]
	at org.springframework.security.web.access.ExceptionTranslationFilter.doFilter(ExceptionTranslationFilter.java:114) ~[spring-security-web-4.2.3.RELEASE.jar:4.2.3.RELEASE]
	at org.springframework.security.web.FilterChainProxy$VirtualFilterChain.doFilter(FilterChainProxy.java:331) ~[spring-security-web-4.2.3.RELEASE.jar:4.2.3.RELEASE]
	at org.springframework.security.web.session.SessionManagementFilter.doFilter(SessionManagementFilter.java:137) ~[spring-security-web-4.2.3.RELEASE.jar:4.2.3.RELEASE]
	at org.springframework.security.web.FilterChainProxy$VirtualFilterChain.doFilter(FilterChainProxy.java:331) ~[spring-security-web-4.2.3.RELEASE.jar:4.2.3.RELEASE]
	at org.springframework.security.web.authentication.AnonymousAuthenticationFilter.doFilter(AnonymousAuthenticationFilter.java:111) ~[spring-security-web-4.2.3.RELEASE.jar:4.2.3.RELEASE]
	at org.springframework.security.web.FilterChainProxy$VirtualFilterChain.doFilter(FilterChainProxy.java:331) ~[spring-security-web-4.2.3.RELEASE.jar:4.2.3.RELEASE]
	at org.springframework.security.web.servletapi.SecurityContextHolderAwareRequestFilter.doFilter(SecurityContextHolderAwareRequestFilter.java:170) ~[spring-security-web-4.2.3.RELEASE.jar:4.2.3.RELEASE]
	at org.springframework.security.web.FilterChainProxy$VirtualFilterChain.doFilter(FilterChainProxy.java:331) ~[spring-security-web-4.2.3.RELEASE.jar:4.2.3.RELEASE]
	at org.springframework.security.web.savedrequest.RequestCacheAwareFilter.doFilter(RequestCacheAwareFilter.java:63) ~[spring-security-web-4.2.3.RELEASE.jar:4.2.3.RELEASE]
	at org.springframework.security.web.FilterChainProxy$VirtualFilterChain.doFilter(FilterChainProxy.java:331) ~[spring-security-web-4.2.3.RELEASE.jar:4.2.3.RELEASE]
	at org.springframework.security.web.authentication.AbstractAuthenticationProcessingFilter.doFilter(AbstractAuthenticationProcessingFilter.java:200) ~[spring-security-web-4.2.3.RELEASE.jar:4.2.3.RELEASE]
	at org.springframework.security.web.FilterChainProxy$VirtualFilterChain.doFilter(FilterChainProxy.java:331) ~[spring-security-web-4.2.3.RELEASE.jar:4.2.3.RELEASE]
	at org.springframework.security.web.authentication.logout.LogoutFilter.doFilter(LogoutFilter.java:116) ~[spring-security-web-4.2.3.RELEASE.jar:4.2.3.RELEASE]
	at org.springframework.security.web.FilterChainProxy$VirtualFilterChain.doFilter(FilterChainProxy.java:331) ~[spring-security-web-4.2.3.RELEASE.jar:4.2.3.RELEASE]
	at org.springframework.security.web.csrf.CsrfFilter.doFilterInternal(CsrfFilter.java:124) ~[spring-security-web-4.2.3.RELEASE.jar:4.2.3.RELEASE]
	at org.springframework.web.filter.OncePerRequestFilter.doFilter(OncePerRequestFilter.java:107) ~[spring-web-4.3.11.RELEASE.jar:4.3.11.RELEASE]
	at org.springframework.security.web.FilterChainProxy$VirtualFilterChain.doFilter(FilterChainProxy.java:331) ~[spring-security-web-4.2.3.RELEASE.jar:4.2.3.RELEASE]
	at org.springframework.security.web.header.HeaderWriterFilter.doFilterInternal(HeaderWriterFilter.java:64) ~[spring-security-web-4.2.3.RELEASE.jar:4.2.3.RELEASE]
	at org.springframework.web.filter.OncePerRequestFilter.doFilter(OncePerRequestFilter.java:107) ~[spring-web-4.3.11.RELEASE.jar:4.3.11.RELEASE]
	at org.springframework.security.web.FilterChainProxy$VirtualFilterChain.doFilter(FilterChainProxy.java:331) ~[spring-security-web-4.2.3.RELEASE.jar:4.2.3.RELEASE]
	at org.springframework.security.web.context.SecurityContextPersistenceFilter.doFilter(SecurityContextPersistenceFilter.java:105) ~[spring-security-web-4.2.3.RELEASE.jar:4.2.3.RELEASE]
	at org.springframework.security.web.FilterChainProxy$VirtualFilterChain.doFilter(FilterChainProxy.java:331) ~[spring-security-web-4.2.3.RELEASE.jar:4.2.3.RELEASE]
	at org.springframework.security.web.context.request.async.WebAsyncManagerIntegrationFilter.doFilterInternal(WebAsyncManagerIntegrationFilter.java:56) ~[spring-security-web-4.2.3.RELEASE.jar:4.2.3.RELEASE]
	at org.springframework.web.filter.OncePerRequestFilter.doFilter(OncePerRequestFilter.java:107) ~[spring-web-4.3.11.RELEASE.jar:4.3.11.RELEASE]
	at org.springframework.security.web.FilterChainProxy$VirtualFilterChain.doFilter(FilterChainProxy.java:331) ~[spring-security-web-4.2.3.RELEASE.jar:4.2.3.RELEASE]
	at org.springframework.security.web.FilterChainProxy.doFilterInternal(FilterChainProxy.java:214) ~[spring-security-web-4.2.3.RELEASE.jar:4.2.3.RELEASE]
	at org.springframework.security.web.FilterChainProxy.doFilter(FilterChainProxy.java:177) ~[spring-security-web-4.2.3.RELEASE.jar:4.2.3.RELEASE]
	at org.springframework.web.filter.DelegatingFilterProxy.invokeDelegate(DelegatingFilterProxy.java:346) ~[spring-web-4.3.11.RELEASE.jar:4.3.11.RELEASE]
	at org.springframework.web.filter.DelegatingFilterProxy.doFilter(DelegatingFilterProxy.java:262) ~[spring-web-4.3.11.RELEASE.jar:4.3.11.RELEASE]
	at org.apache.catalina.core.ApplicationFilterChain.internalDoFilter(ApplicationFilterChain.java:193) ~[tomcat-embed-core-8.5.20.jar:8.5.20]
	at org.apache.catalina.core.ApplicationFilterChain.doFilter(ApplicationFilterChain.java:166) ~[tomcat-embed-core-8.5.20.jar:8.5.20]
	at org.springframework.web.filter.RequestContextFilter.doFilterInternal(RequestContextFilter.java:99) ~[spring-web-4.3.11.RELEASE.jar:4.3.11.RELEASE]
	at org.springframework.web.filter.OncePerRequestFilter.doFilter(OncePerRequestFilter.java:107) ~[spring-web-4.3.11.RELEASE.jar:4.3.11.RELEASE]
	at org.apache.catalina.core.ApplicationFilterChain.internalDoFilter(ApplicationFilterChain.java:193) ~[tomcat-embed-core-8.5.20.jar:8.5.20]
	at org.apache.catalina.core.ApplicationFilterChain.doFilter(ApplicationFilterChain.java:166) ~[tomcat-embed-core-8.5.20.jar:8.5.20]
	at org.springframework.web.filter.HttpPutFormContentFilter.doFilterInternal(HttpPutFormContentFilter.java:108) ~[spring-web-4.3.11.RELEASE.jar:4.3.11.RELEASE]
	at org.springframework.web.filter.OncePerRequestFilter.doFilter(OncePerRequestFilter.java:107) ~[spring-web-4.3.11.RELEASE.jar:4.3.11.RELEASE]
	at org.apache.catalina.core.ApplicationFilterChain.internalDoFilter(ApplicationFilterChain.java:193) ~[tomcat-embed-core-8.5.20.jar:8.5.20]
	at org.apache.catalina.core.ApplicationFilterChain.doFilter(ApplicationFilterChain.java:166) ~[tomcat-embed-core-8.5.20.jar:8.5.20]
	at org.springframework.web.filter.HiddenHttpMethodFilter.doFilterInternal(HiddenHttpMethodFilter.java:81) ~[spring-web-4.3.11.RELEASE.jar:4.3.11.RELEASE]
	at org.springframework.web.filter.OncePerRequestFilter.doFilter(OncePerRequestFilter.java:107) ~[spring-web-4.3.11.RELEASE.jar:4.3.11.RELEASE]
	at org.apache.catalina.core.ApplicationFilterChain.internalDoFilter(ApplicationFilterChain.java:193) ~[tomcat-embed-core-8.5.20.jar:8.5.20]
	at org.apache.catalina.core.ApplicationFilterChain.doFilter(ApplicationFilterChain.java:166) ~[tomcat-embed-core-8.5.20.jar:8.5.20]
	at org.springframework.web.filter.CharacterEncodingFilter.doFilterInternal(CharacterEncodingFilter.java:197) ~[spring-web-4.3.11.RELEASE.jar:4.3.11.RELEASE]
	at org.springframework.web.filter.OncePerRequestFilter.doFilter(OncePerRequestFilter.java:107) ~[spring-web-4.3.11.RELEASE.jar:4.3.11.RELEASE]
	at org.apache.catalina.core.ApplicationFilterChain.internalDoFilter(ApplicationFilterChain.java:193) ~[tomcat-embed-core-8.5.20.jar:8.5.20]
	at org.apache.catalina.core.ApplicationFilterChain.doFilter(ApplicationFilterChain.java:166) ~[tomcat-embed-core-8.5.20.jar:8.5.20]
	at org.apache.catalina.core.StandardWrapperValve.invoke(StandardWrapperValve.java:198) ~[tomcat-embed-core-8.5.20.jar:8.5.20]
	at org.apache.catalina.core.StandardContextValve.invoke(StandardContextValve.java:96) ~[tomcat-embed-core-8.5.20.jar:8.5.20]
	at org.apache.catalina.authenticator.AuthenticatorBase.invoke(AuthenticatorBase.java:478) ~[tomcat-embed-core-8.5.20.jar:8.5.20]
	at org.apache.catalina.core.StandardHostValve.invoke(StandardHostValve.java:140) ~[tomcat-embed-core-8.5.20.jar:8.5.20]
	at org.apache.catalina.valves.ErrorReportValve.invoke(ErrorReportValve.java:80) ~[tomcat-embed-core-8.5.20.jar:8.5.20]
	at org.apache.catalina.core.StandardEngineValve.invoke(StandardEngineValve.java:87) ~[tomcat-embed-core-8.5.20.jar:8.5.20]
	at org.apache.catalina.connector.CoyoteAdapter.service(CoyoteAdapter.java:342) ~[tomcat-embed-core-8.5.20.jar:8.5.20]
	at org.apache.coyote.http11.Http11Processor.service(Http11Processor.java:799) ~[tomcat-embed-core-8.5.20.jar:8.5.20]
	at org.apache.coyote.AbstractProcessorLight.process(AbstractProcessorLight.java:66) ~[tomcat-embed-core-8.5.20.jar:8.5.20]
	at org.apache.coyote.AbstractProtocol$ConnectionHandler.process(AbstractProtocol.java:868) ~[tomcat-embed-core-8.5.20.jar:8.5.20]
	at org.apache.tomcat.util.net.NioEndpoint$SocketProcessor.doRun(NioEndpoint.java:1457) ~[tomcat-embed-core-8.5.20.jar:8.5.20]
	at org.apache.tomcat.util.net.SocketProcessorBase.run(SocketProcessorBase.java:49) ~[tomcat-embed-core-8.5.20.jar:8.5.20]
	at java.base/java.util.concurrent.ThreadPoolExecutor.runWorker(ThreadPoolExecutor.java:1128) ~[na:na]
	at java.base/java.util.concurrent.ThreadPoolExecutor$Worker.run(ThreadPoolExecutor.java:628) ~[na:na]
	at org.apache.tomcat.util.threads.TaskThread$WrappingRunnable.run(TaskThread.java:61) ~[tomcat-embed-core-8.5.20.jar:8.5.20]
	at java.base/java.lang.Thread.run(Thread.java:834) ~[na:na]

2020-06-08 12:27:44.148  INFO 10466 --- [main] com.avi.product.Application              : Starting Application on avinash with PID 10466 (/home/avinash/eclipse-workspace/spring-boot-product-system-master/target/classes started by avinash in /home/avinash/eclipse-workspace/spring-boot-product-system-master)
2020-06-08 12:27:44.175  INFO 10466 --- [main] com.avi.product.Application              : No active profile set, falling back to default profiles: default
2020-06-08 12:27:44.805  INFO 10466 --- [main] ationConfigEmbeddedWebApplicationContext : Refreshing org.springframework.boot.context.embedded.AnnotationConfigEmbeddedWebApplicationContext@65987993: startup date [Mon Jun 08 12:27:44 IST 2020]; root of context hierarchy
2020-06-08 12:27:48.733  INFO 10466 --- [main] s.b.c.e.t.TomcatEmbeddedServletContainer : Tomcat initialized with port(s): 8080 (http)
2020-06-08 12:27:48.754  INFO 10466 --- [main] o.apache.catalina.core.StandardService   : Starting service [Tomcat]
2020-06-08 12:27:48.756  INFO 10466 --- [main] org.apache.catalina.core.StandardEngine  : Starting Servlet Engine: Apache Tomcat/8.5.20
2020-06-08 12:27:49.025  INFO 10466 --- [localhost-startStop-1] o.a.c.c.C.[Tomcat].[localhost].[/]       : Initializing Spring embedded WebApplicationContext
2020-06-08 12:27:49.028  INFO 10466 --- [localhost-startStop-1] o.s.web.context.ContextLoader            : Root WebApplicationContext: initialization completed in 4223 ms
2020-06-08 12:27:49.441  INFO 10466 --- [localhost-startStop-1] o.s.b.w.servlet.FilterRegistrationBean   : Mapping filter: 'characterEncodingFilter' to: [/*]
2020-06-08 12:27:49.444  INFO 10466 --- [localhost-startStop-1] o.s.b.w.servlet.FilterRegistrationBean   : Mapping filter: 'hiddenHttpMethodFilter' to: [/*]
2020-06-08 12:27:49.444  INFO 10466 --- [localhost-startStop-1] o.s.b.w.servlet.FilterRegistrationBean   : Mapping filter: 'httpPutFormContentFilter' to: [/*]
2020-06-08 12:27:49.444  INFO 10466 --- [localhost-startStop-1] o.s.b.w.servlet.FilterRegistrationBean   : Mapping filter: 'requestContextFilter' to: [/*]
2020-06-08 12:27:49.445  INFO 10466 --- [localhost-startStop-1] .s.DelegatingFilterProxyRegistrationBean : Mapping filter: 'springSecurityFilterChain' to: [/*]
2020-06-08 12:27:49.446  INFO 10466 --- [localhost-startStop-1] o.s.b.w.servlet.ServletRegistrationBean  : Mapping servlet: 'dispatcherServlet' to [/]
2020-06-08 12:27:49.927  INFO 10466 --- [main] o.f.core.internal.util.VersionPrinter    : Flyway Community Edition 5.0.7 by Boxfuse
2020-06-08 12:27:51.556  INFO 10466 --- [main] o.f.c.internal.database.DatabaseFactory  : Database: jdbc:mysql://localhost:3306/gallary (MySQL 5.7)
2020-06-08 12:27:51.631  INFO 10466 --- [main] o.f.core.internal.command.DbValidate     : Successfully validated 2 migrations (execution time 00:00.021s)
2020-06-08 12:27:51.681  INFO 10466 --- [main] o.f.c.i.s.JdbcTableSchemaHistory         : Creating Schema History table: `gallary`.`flyway_schema_history`
2020-06-08 12:27:51.833  INFO 10466 --- [main] o.f.core.internal.command.DbMigrate      : Current version of schema `gallary`: << Empty Schema >>
2020-06-08 12:27:51.847  INFO 10466 --- [main] o.f.core.internal.command.DbMigrate      : Migrating schema `gallary` to version 1.0 - init
2020-06-08 12:27:52.096  INFO 10466 --- [main] o.f.core.internal.command.DbMigrate      : Migrating schema `gallary` to version 1.1 - user data
2020-06-08 12:27:52.141  INFO 10466 --- [main] o.f.core.internal.command.DbMigrate      : Successfully applied 2 migrations to schema `gallary` (execution time 00:00.463s)
2020-06-08 12:27:52.424  INFO 10466 --- [main] j.LocalContainerEntityManagerFactoryBean : Building JPA container EntityManagerFactory for persistence unit 'default'
2020-06-08 12:27:52.504  INFO 10466 --- [main] o.hibernate.jpa.internal.util.LogHelper  : HHH000204: Processing PersistenceUnitInfo [
	name: default
	...]
2020-06-08 12:27:52.726  INFO 10466 --- [main] org.hibernate.Version                    : HHH000412: Hibernate Core {5.0.12.Final}
2020-06-08 12:27:52.728  INFO 10466 --- [main] org.hibernate.cfg.Environment            : HHH000206: hibernate.properties not found
2020-06-08 12:27:52.729  INFO 10466 --- [main] org.hibernate.cfg.Environment            : HHH000021: Bytecode provider name : javassist
2020-06-08 12:27:52.784  INFO 10466 --- [main] o.hibernate.annotations.common.Version   : HCANN000001: Hibernate Commons Annotations {5.0.1.Final}
2020-06-08 12:27:52.907  INFO 10466 --- [main] org.hibernate.dialect.Dialect            : HHH000400: Using dialect: org.hibernate.dialect.MySQL5InnoDBDialect
2020-06-08 12:27:54.019  INFO 10466 --- [main] org.hibernate.tool.hbm2ddl.SchemaUpdate  : HHH000228: Running hbm2ddl schema update
2020-06-08 12:27:54.425  INFO 10466 --- [main] j.LocalContainerEntityManagerFactoryBean : Initialized JPA EntityManagerFactory for persistence unit 'default'
2020-06-08 12:27:56.433  INFO 10466 --- [main] o.s.s.web.DefaultSecurityFilterChain     : Creating filter chain: org.springframework.security.web.util.matcher.AnyRequestMatcher@1, [org.springframework.security.web.context.request.async.WebAsyncManagerIntegrationFilter@29dfc68f, org.springframework.security.web.context.SecurityContextPersistenceFilter@116915f1, org.springframework.security.web.header.HeaderWriterFilter@352ce817, org.springframework.security.web.csrf.CsrfFilter@3ffa0f38, org.springframework.security.web.authentication.logout.LogoutFilter@38093ffe, org.springframework.security.web.authentication.UsernamePasswordAuthenticationFilter@5ccc971e, org.springframework.security.web.savedrequest.RequestCacheAwareFilter@2fcffc05, org.springframework.security.web.servletapi.SecurityContextHolderAwareRequestFilter@4a45ca1c, org.springframework.security.web.authentication.AnonymousAuthenticationFilter@320ba79f, org.springframework.security.web.session.SessionManagementFilter@91a1005, org.springframework.security.web.access.ExceptionTranslationFilter@5c316230, org.springframework.security.web.access.intercept.FilterSecurityInterceptor@180d918a]
2020-06-08 12:27:57.036  INFO 10466 --- [main] s.w.s.m.m.a.RequestMappingHandlerAdapter : Looking for @ControllerAdvice: org.springframework.boot.context.embedded.AnnotationConfigEmbeddedWebApplicationContext@65987993: startup date [Mon Jun 08 12:27:44 IST 2020]; root of context hierarchy
2020-06-08 12:27:57.171  INFO 10466 --- [main] s.w.s.m.m.a.RequestMappingHandlerMapping : Mapped "{[/products]}" onto public java.lang.String com.avi.product.controller.MainController.index(org.springframework.ui.Model,java.util.Optional<java.lang.Integer>,java.util.Optional<java.lang.Integer>)
2020-06-08 12:27:57.174  INFO 10466 --- [main] s.w.s.m.m.a.RequestMappingHandlerMapping : Mapped "{[/products/save],methods=[POST]}" onto public java.lang.String com.avi.product.controller.MainController.save(com.avi.product.model.Product)
2020-06-08 12:27:57.175  INFO 10466 --- [main] s.w.s.m.m.a.RequestMappingHandlerMapping : Mapped "{[/products/add]}" onto public java.lang.String com.avi.product.controller.MainController.addProduct(org.springframework.ui.Model)
2020-06-08 12:27:57.176  INFO 10466 --- [main] s.w.s.m.m.a.RequestMappingHandlerMapping : Mapped "{[/products/delete/{id}],methods=[DELETE]}" onto public java.lang.String com.avi.product.controller.MainController.deleteProduct(java.lang.Integer)
2020-06-08 12:27:57.177  INFO 10466 --- [main] s.w.s.m.m.a.RequestMappingHandlerMapping : Mapped "{[/products/edit/{id}]}" onto public java.lang.String com.avi.product.controller.MainController.editProduct(java.lang.Integer,org.springframework.ui.Model)
2020-06-08 12:27:57.185  INFO 10466 --- [main] s.w.s.m.m.a.RequestMappingHandlerMapping : Mapped "{[/access-denied]}" onto public java.lang.String com.avi.product.controller.UserController.accessDenied()
2020-06-08 12:27:57.186  INFO 10466 --- [main] s.w.s.m.m.a.RequestMappingHandlerMapping : Mapped "{[/],methods=[GET]}" onto public java.lang.String com.avi.product.controller.UserController.showHomePage(org.springframework.ui.Model)
2020-06-08 12:27:57.187  INFO 10466 --- [main] s.w.s.m.m.a.RequestMappingHandlerMapping : Mapped "{[/login],methods=[GET]}" onto public java.lang.String com.avi.product.controller.UserController.showRegistrationForm(org.springframework.ui.Model)
2020-06-08 12:27:57.188  INFO 10466 --- [main] s.w.s.m.m.a.RequestMappingHandlerMapping : Mapped "{[/registration],methods=[POST]}" onto public java.lang.String com.avi.product.controller.UserController.registerUserAccount(com.avi.product.dto.UserRegistrationDto,org.springframework.validation.BindingResult,org.springframework.ui.Model)
2020-06-08 12:27:57.194  INFO 10466 --- [main] s.w.s.m.m.a.RequestMappingHandlerMapping : Mapped "{[/error]}" onto public org.springframework.http.ResponseEntity<java.util.Map<java.lang.String, java.lang.Object>> org.springframework.boot.autoconfigure.web.BasicErrorController.error(javax.servlet.http.HttpServletRequest)
2020-06-08 12:27:57.196  INFO 10466 --- [main] s.w.s.m.m.a.RequestMappingHandlerMapping : Mapped "{[/error],produces=[text/html]}" onto public org.springframework.web.servlet.ModelAndView org.springframework.boot.autoconfigure.web.BasicErrorController.errorHtml(javax.servlet.http.HttpServletRequest,javax.servlet.http.HttpServletResponse)
2020-06-08 12:27:57.266  INFO 10466 --- [main] o.s.w.s.handler.SimpleUrlHandlerMapping  : Mapped URL path [/webjars/**] onto handler of type [class org.springframework.web.servlet.resource.ResourceHttpRequestHandler]
2020-06-08 12:27:57.267  INFO 10466 --- [main] o.s.w.s.handler.SimpleUrlHandlerMapping  : Mapped URL path [/**] onto handler of type [class org.springframework.web.servlet.resource.ResourceHttpRequestHandler]
2020-06-08 12:27:57.358  INFO 10466 --- [main] o.s.w.s.handler.SimpleUrlHandlerMapping  : Mapped URL path [/**/favicon.ico] onto handler of type [class org.springframework.web.servlet.resource.ResourceHttpRequestHandler]
2020-06-08 12:27:57.437  WARN 10466 --- [main] org.thymeleaf.templatemode.TemplateMode  : [THYMELEAF][main] Template Mode 'HTML5' is deprecated. Using Template Mode 'HTML' instead.
2020-06-08 12:27:58.459  INFO 10466 --- [main] o.s.j.e.a.AnnotationMBeanExporter        : Registering beans for JMX exposure on startup
2020-06-08 12:27:58.547 ERROR 10466 --- [main] o.a.coyote.http11.Http11NioProtocol      : Failed to start end point associated with ProtocolHandler ["http-nio-8080"]

java.net.BindException: Address already in use
	at java.base/sun.nio.ch.Net.bind0(Native Method) ~[na:na]
	at java.base/sun.nio.ch.Net.bind(Net.java:455) ~[na:na]
	at java.base/sun.nio.ch.Net.bind(Net.java:447) ~[na:na]
	at java.base/sun.nio.ch.ServerSocketChannelImpl.bind(ServerSocketChannelImpl.java:227) ~[na:na]
	at java.base/sun.nio.ch.ServerSocketAdaptor.bind(ServerSocketAdaptor.java:80) ~[na:na]
	at org.apache.tomcat.util.net.NioEndpoint.bind(NioEndpoint.java:210) ~[tomcat-embed-core-8.5.20.jar:8.5.20]
	at org.apache.tomcat.util.net.AbstractEndpoint.start(AbstractEndpoint.java:990) ~[tomcat-embed-core-8.5.20.jar:8.5.20]
	at org.apache.coyote.AbstractProtocol.start(AbstractProtocol.java:635) ~[tomcat-embed-core-8.5.20.jar:8.5.20]
	at org.apache.catalina.connector.Connector.startInternal(Connector.java:1022) ~[tomcat-embed-core-8.5.20.jar:8.5.20]
	at org.apache.catalina.util.LifecycleBase.start(LifecycleBase.java:150) ~[tomcat-embed-core-8.5.20.jar:8.5.20]
	at org.apache.catalina.core.StandardService.addConnector(StandardService.java:225) ~[tomcat-embed-core-8.5.20.jar:8.5.20]
	at org.springframework.boot.context.embedded.tomcat.TomcatEmbeddedServletContainer.addPreviouslyRemovedConnectors(TomcatEmbeddedServletContainer.java:250) ~[spring-boot-1.5.7.RELEASE.jar:1.5.7.RELEASE]
	at org.springframework.boot.context.embedded.tomcat.TomcatEmbeddedServletContainer.start(TomcatEmbeddedServletContainer.java:193) ~[spring-boot-1.5.7.RELEASE.jar:1.5.7.RELEASE]
	at org.springframework.boot.context.embedded.EmbeddedWebApplicationContext.startEmbeddedServletContainer(EmbeddedWebApplicationContext.java:297) ~[spring-boot-1.5.7.RELEASE.jar:1.5.7.RELEASE]
	at org.springframework.boot.context.embedded.EmbeddedWebApplicationContext.finishRefresh(EmbeddedWebApplicationContext.java:145) ~[spring-boot-1.5.7.RELEASE.jar:1.5.7.RELEASE]
	at org.springframework.context.support.AbstractApplicationContext.refresh(AbstractApplicationContext.java:546) ~[spring-context-4.3.11.RELEASE.jar:4.3.11.RELEASE]
	at org.springframework.boot.context.embedded.EmbeddedWebApplicationContext.refresh(EmbeddedWebApplicationContext.java:122) ~[spring-boot-1.5.7.RELEASE.jar:1.5.7.RELEASE]
	at org.springframework.boot.SpringApplication.refresh(SpringApplication.java:693) ~[spring-boot-1.5.7.RELEASE.jar:1.5.7.RELEASE]
	at org.springframework.boot.SpringApplication.refreshContext(SpringApplication.java:360) ~[spring-boot-1.5.7.RELEASE.jar:1.5.7.RELEASE]
	at org.springframework.boot.SpringApplication.run(SpringApplication.java:303) ~[spring-boot-1.5.7.RELEASE.jar:1.5.7.RELEASE]
	at org.springframework.boot.SpringApplication.run(SpringApplication.java:1118) ~[spring-boot-1.5.7.RELEASE.jar:1.5.7.RELEASE]
	at org.springframework.boot.SpringApplication.run(SpringApplication.java:1107) ~[spring-boot-1.5.7.RELEASE.jar:1.5.7.RELEASE]
	at com.avi.product.Application.main(Application.java:10) ~[classes/:na]

2020-06-08 12:27:58.551 ERROR 10466 --- [main] o.apache.catalina.core.StandardService   : Failed to start connector [Connector[HTTP/1.1-8080]]

org.apache.catalina.LifecycleException: Failed to start component [Connector[HTTP/1.1-8080]]
	at org.apache.catalina.util.LifecycleBase.start(LifecycleBase.java:167) ~[tomcat-embed-core-8.5.20.jar:8.5.20]
	at org.apache.catalina.core.StandardService.addConnector(StandardService.java:225) ~[tomcat-embed-core-8.5.20.jar:8.5.20]
	at org.springframework.boot.context.embedded.tomcat.TomcatEmbeddedServletContainer.addPreviouslyRemovedConnectors(TomcatEmbeddedServletContainer.java:250) ~[spring-boot-1.5.7.RELEASE.jar:1.5.7.RELEASE]
	at org.springframework.boot.context.embedded.tomcat.TomcatEmbeddedServletContainer.start(TomcatEmbeddedServletContainer.java:193) ~[spring-boot-1.5.7.RELEASE.jar:1.5.7.RELEASE]
	at org.springframework.boot.context.embedded.EmbeddedWebApplicationContext.startEmbeddedServletContainer(EmbeddedWebApplicationContext.java:297) ~[spring-boot-1.5.7.RELEASE.jar:1.5.7.RELEASE]
	at org.springframework.boot.context.embedded.EmbeddedWebApplicationContext.finishRefresh(EmbeddedWebApplicationContext.java:145) ~[spring-boot-1.5.7.RELEASE.jar:1.5.7.RELEASE]
	at org.springframework.context.support.AbstractApplicationContext.refresh(AbstractApplicationContext.java:546) ~[spring-context-4.3.11.RELEASE.jar:4.3.11.RELEASE]
	at org.springframework.boot.context.embedded.EmbeddedWebApplicationContext.refresh(EmbeddedWebApplicationContext.java:122) ~[spring-boot-1.5.7.RELEASE.jar:1.5.7.RELEASE]
	at org.springframework.boot.SpringApplication.refresh(SpringApplication.java:693) ~[spring-boot-1.5.7.RELEASE.jar:1.5.7.RELEASE]
	at org.springframework.boot.SpringApplication.refreshContext(SpringApplication.java:360) ~[spring-boot-1.5.7.RELEASE.jar:1.5.7.RELEASE]
	at org.springframework.boot.SpringApplication.run(SpringApplication.java:303) ~[spring-boot-1.5.7.RELEASE.jar:1.5.7.RELEASE]
	at org.springframework.boot.SpringApplication.run(SpringApplication.java:1118) ~[spring-boot-1.5.7.RELEASE.jar:1.5.7.RELEASE]
	at org.springframework.boot.SpringApplication.run(SpringApplication.java:1107) ~[spring-boot-1.5.7.RELEASE.jar:1.5.7.RELEASE]
	at com.avi.product.Application.main(Application.java:10) ~[classes/:na]
Caused by: org.apache.catalina.LifecycleException: service.getName(): "Tomcat";  Protocol handler start failed
	at org.apache.catalina.connector.Connector.startInternal(Connector.java:1029) ~[tomcat-embed-core-8.5.20.jar:8.5.20]
	at org.apache.catalina.util.LifecycleBase.start(LifecycleBase.java:150) ~[tomcat-embed-core-8.5.20.jar:8.5.20]
	... 13 common frames omitted
Caused by: java.net.BindException: Address already in use
	at java.base/sun.nio.ch.Net.bind0(Native Method) ~[na:na]
	at java.base/sun.nio.ch.Net.bind(Net.java:455) ~[na:na]
	at java.base/sun.nio.ch.Net.bind(Net.java:447) ~[na:na]
	at java.base/sun.nio.ch.ServerSocketChannelImpl.bind(ServerSocketChannelImpl.java:227) ~[na:na]
	at java.base/sun.nio.ch.ServerSocketAdaptor.bind(ServerSocketAdaptor.java:80) ~[na:na]
	at org.apache.tomcat.util.net.NioEndpoint.bind(NioEndpoint.java:210) ~[tomcat-embed-core-8.5.20.jar:8.5.20]
	at org.apache.tomcat.util.net.AbstractEndpoint.start(AbstractEndpoint.java:990) ~[tomcat-embed-core-8.5.20.jar:8.5.20]
	at org.apache.coyote.AbstractProtocol.start(AbstractProtocol.java:635) ~[tomcat-embed-core-8.5.20.jar:8.5.20]
	at org.apache.catalina.connector.Connector.startInternal(Connector.java:1022) ~[tomcat-embed-core-8.5.20.jar:8.5.20]
	... 14 common frames omitted

2020-06-08 12:27:58.565  INFO 10466 --- [main] o.apache.catalina.core.StandardService   : Stopping service [Tomcat]
2020-06-08 12:27:58.670  INFO 10466 --- [main] utoConfigurationReportLoggingInitializer : 

Error starting ApplicationContext. To display the auto-configuration report re-run your application with 'debug' enabled.
2020-06-08 12:27:58.682 ERROR 10466 --- [main] o.s.b.d.LoggingFailureAnalysisReporter   : 

***************************
APPLICATION FAILED TO START
***************************

Description:

The Tomcat connector configured to listen on port 8080 failed to start. The port may already be in use or the connector may be misconfigured.

Action:

Verify the connector's configuration, identify and stop any process that's listening on port 8080, or configure this application to listen on another port.

2020-06-08 12:27:58.684  INFO 10466 --- [main] ationConfigEmbeddedWebApplicationContext : Closing org.springframework.boot.context.embedded.AnnotationConfigEmbeddedWebApplicationContext@65987993: startup date [Mon Jun 08 12:27:44 IST 2020]; root of context hierarchy
2020-06-08 12:27:58.689  INFO 10466 --- [main] o.s.j.e.a.AnnotationMBeanExporter        : Unregistering JMX-exposed beans on shutdown
2020-06-08 12:27:58.695  INFO 10466 --- [main] j.LocalContainerEntityManagerFactoryBean : Closing JPA EntityManagerFactory for persistence unit 'default'
2020-06-08 12:28:07.125  INFO 10164 --- [RMI TCP Connection(4)-127.0.0.1] inMXBeanRegistrar$SpringApplicationAdmin : Application shutdown requested.
2020-06-08 12:28:07.126  INFO 10164 --- [RMI TCP Connection(4)-127.0.0.1] ationConfigEmbeddedWebApplicationContext : Closing org.springframework.boot.context.embedded.AnnotationConfigEmbeddedWebApplicationContext@6f53b8a: startup date [Mon Jun 08 12:22:37 IST 2020]; root of context hierarchy
2020-06-08 12:28:07.138  INFO 10164 --- [RMI TCP Connection(4)-127.0.0.1] o.s.j.e.a.AnnotationMBeanExporter        : Unregistering JMX-exposed beans on shutdown
2020-06-08 12:28:07.148  INFO 10164 --- [RMI TCP Connection(4)-127.0.0.1] j.LocalContainerEntityManagerFactoryBean : Closing JPA EntityManagerFactory for persistence unit 'default'
2020-06-08 12:28:20.471  INFO 10608 --- [main] com.avi.product.Application              : Starting Application on avinash with PID 10608 (/home/avinash/eclipse-workspace/spring-boot-product-system-master/target/classes started by avinash in /home/avinash/eclipse-workspace/spring-boot-product-system-master)
2020-06-08 12:28:20.479  INFO 10608 --- [main] com.avi.product.Application              : No active profile set, falling back to default profiles: default
2020-06-08 12:28:20.888  INFO 10608 --- [main] ationConfigEmbeddedWebApplicationContext : Refreshing org.springframework.boot.context.embedded.AnnotationConfigEmbeddedWebApplicationContext@70cf32e3: startup date [Mon Jun 08 12:28:20 IST 2020]; root of context hierarchy
2020-06-08 12:28:24.038  INFO 10608 --- [main] s.b.c.e.t.TomcatEmbeddedServletContainer : Tomcat initialized with port(s): 8080 (http)
2020-06-08 12:28:24.055  INFO 10608 --- [main] o.apache.catalina.core.StandardService   : Starting service [Tomcat]
2020-06-08 12:28:24.057  INFO 10608 --- [main] org.apache.catalina.core.StandardEngine  : Starting Servlet Engine: Apache Tomcat/8.5.20
2020-06-08 12:28:24.275  INFO 10608 --- [localhost-startStop-1] o.a.c.c.C.[Tomcat].[localhost].[/]       : Initializing Spring embedded WebApplicationContext
2020-06-08 12:28:24.283  INFO 10608 --- [localhost-startStop-1] o.s.web.context.ContextLoader            : Root WebApplicationContext: initialization completed in 3396 ms
2020-06-08 12:28:24.643  INFO 10608 --- [localhost-startStop-1] o.s.b.w.servlet.FilterRegistrationBean   : Mapping filter: 'characterEncodingFilter' to: [/*]
2020-06-08 12:28:24.644  INFO 10608 --- [localhost-startStop-1] o.s.b.w.servlet.FilterRegistrationBean   : Mapping filter: 'hiddenHttpMethodFilter' to: [/*]
2020-06-08 12:28:24.645  INFO 10608 --- [localhost-startStop-1] o.s.b.w.servlet.FilterRegistrationBean   : Mapping filter: 'httpPutFormContentFilter' to: [/*]
2020-06-08 12:28:24.645  INFO 10608 --- [localhost-startStop-1] o.s.b.w.servlet.FilterRegistrationBean   : Mapping filter: 'requestContextFilter' to: [/*]
2020-06-08 12:28:24.647  INFO 10608 --- [localhost-startStop-1] .s.DelegatingFilterProxyRegistrationBean : Mapping filter: 'springSecurityFilterChain' to: [/*]
2020-06-08 12:28:24.648  INFO 10608 --- [localhost-startStop-1] o.s.b.w.servlet.ServletRegistrationBean  : Mapping servlet: 'dispatcherServlet' to [/]
2020-06-08 12:28:25.115  INFO 10608 --- [main] o.f.core.internal.util.VersionPrinter    : Flyway Community Edition 5.0.7 by Boxfuse
2020-06-08 12:28:26.427  INFO 10608 --- [main] o.f.c.internal.database.DatabaseFactory  : Database: jdbc:mysql://localhost:3306/gallary (MySQL 5.7)
2020-06-08 12:28:26.547  INFO 10608 --- [main] o.f.core.internal.command.DbValidate     : Successfully validated 2 migrations (execution time 00:00.049s)
2020-06-08 12:28:26.582  INFO 10608 --- [main] o.f.core.internal.command.DbMigrate      : Current version of schema `gallary`: 1.1
2020-06-08 12:28:26.583  INFO 10608 --- [main] o.f.core.internal.command.DbMigrate      : Schema `gallary` is up to date. No migration necessary.
2020-06-08 12:28:26.772  INFO 10608 --- [main] j.LocalContainerEntityManagerFactoryBean : Building JPA container EntityManagerFactory for persistence unit 'default'
2020-06-08 12:28:26.839  INFO 10608 --- [main] o.hibernate.jpa.internal.util.LogHelper  : HHH000204: Processing PersistenceUnitInfo [
	name: default
	...]
2020-06-08 12:28:27.002  INFO 10608 --- [main] org.hibernate.Version                    : HHH000412: Hibernate Core {5.0.12.Final}
2020-06-08 12:28:27.003  INFO 10608 --- [main] org.hibernate.cfg.Environment            : HHH000206: hibernate.properties not found
2020-06-08 12:28:27.004  INFO 10608 --- [main] org.hibernate.cfg.Environment            : HHH000021: Bytecode provider name : javassist
2020-06-08 12:28:27.070  INFO 10608 --- [main] o.hibernate.annotations.common.Version   : HCANN000001: Hibernate Commons Annotations {5.0.1.Final}
2020-06-08 12:28:27.229  INFO 10608 --- [main] org.hibernate.dialect.Dialect            : HHH000400: Using dialect: org.hibernate.dialect.MySQL5InnoDBDialect
2020-06-08 12:28:27.905  INFO 10608 --- [main] org.hibernate.tool.hbm2ddl.SchemaUpdate  : HHH000228: Running hbm2ddl schema update
2020-06-08 12:28:28.225  INFO 10608 --- [main] j.LocalContainerEntityManagerFactoryBean : Initialized JPA EntityManagerFactory for persistence unit 'default'
2020-06-08 12:28:29.416  INFO 10608 --- [main] o.s.s.web.DefaultSecurityFilterChain     : Creating filter chain: org.springframework.security.web.util.matcher.AnyRequestMatcher@1, [org.springframework.security.web.context.request.async.WebAsyncManagerIntegrationFilter@50e6ee24, org.springframework.security.web.context.SecurityContextPersistenceFilter@433b546f, org.springframework.security.web.header.HeaderWriterFilter@20a4cba7, org.springframework.security.web.csrf.CsrfFilter@342394b3, org.springframework.security.web.authentication.logout.LogoutFilter@4d79d187, org.springframework.security.web.authentication.UsernamePasswordAuthenticationFilter@767d9b9, org.springframework.security.web.savedrequest.RequestCacheAwareFilter@52c6e959, org.springframework.security.web.servletapi.SecurityContextHolderAwareRequestFilter@359ea595, org.springframework.security.web.authentication.AnonymousAuthenticationFilter@7acb5200, org.springframework.security.web.session.SessionManagementFilter@3dec769, org.springframework.security.web.access.ExceptionTranslationFilter@516037be, org.springframework.security.web.access.intercept.FilterSecurityInterceptor@6d4d0a14]
2020-06-08 12:28:29.943  INFO 10608 --- [main] s.w.s.m.m.a.RequestMappingHandlerAdapter : Looking for @ControllerAdvice: org.springframework.boot.context.embedded.AnnotationConfigEmbeddedWebApplicationContext@70cf32e3: startup date [Mon Jun 08 12:28:20 IST 2020]; root of context hierarchy
2020-06-08 12:28:30.074  INFO 10608 --- [main] s.w.s.m.m.a.RequestMappingHandlerMapping : Mapped "{[/products]}" onto public java.lang.String com.avi.product.controller.MainController.index(org.springframework.ui.Model,java.util.Optional<java.lang.Integer>,java.util.Optional<java.lang.Integer>)
2020-06-08 12:28:30.076  INFO 10608 --- [main] s.w.s.m.m.a.RequestMappingHandlerMapping : Mapped "{[/products/save],methods=[POST]}" onto public java.lang.String com.avi.product.controller.MainController.save(com.avi.product.model.Product)
2020-06-08 12:28:30.077  INFO 10608 --- [main] s.w.s.m.m.a.RequestMappingHandlerMapping : Mapped "{[/products/add]}" onto public java.lang.String com.avi.product.controller.MainController.addProduct(org.springframework.ui.Model)
2020-06-08 12:28:30.078  INFO 10608 --- [main] s.w.s.m.m.a.RequestMappingHandlerMapping : Mapped "{[/products/delete/{id}],methods=[DELETE]}" onto public java.lang.String com.avi.product.controller.MainController.deleteProduct(java.lang.Integer)
2020-06-08 12:28:30.078  INFO 10608 --- [main] s.w.s.m.m.a.RequestMappingHandlerMapping : Mapped "{[/products/edit/{id}]}" onto public java.lang.String com.avi.product.controller.MainController.editProduct(java.lang.Integer,org.springframework.ui.Model)
2020-06-08 12:28:30.083  INFO 10608 --- [main] s.w.s.m.m.a.RequestMappingHandlerMapping : Mapped "{[/access-denied]}" onto public java.lang.String com.avi.product.controller.UserController.accessDenied()
2020-06-08 12:28:30.085  INFO 10608 --- [main] s.w.s.m.m.a.RequestMappingHandlerMapping : Mapped "{[/],methods=[GET]}" onto public java.lang.String com.avi.product.controller.UserController.showHomePage(org.springframework.ui.Model)
2020-06-08 12:28:30.086  INFO 10608 --- [main] s.w.s.m.m.a.RequestMappingHandlerMapping : Mapped "{[/login],methods=[GET]}" onto public java.lang.String com.avi.product.controller.UserController.showRegistrationForm(org.springframework.ui.Model)
2020-06-08 12:28:30.092  INFO 10608 --- [main] s.w.s.m.m.a.RequestMappingHandlerMapping : Mapped "{[/registration],methods=[POST]}" onto public java.lang.String com.avi.product.controller.UserController.registerUserAccount(com.avi.product.dto.UserRegistrationDto,org.springframework.validation.BindingResult,org.springframework.ui.Model)
2020-06-08 12:28:30.097  INFO 10608 --- [main] s.w.s.m.m.a.RequestMappingHandlerMapping : Mapped "{[/error]}" onto public org.springframework.http.ResponseEntity<java.util.Map<java.lang.String, java.lang.Object>> org.springframework.boot.autoconfigure.web.BasicErrorController.error(javax.servlet.http.HttpServletRequest)
2020-06-08 12:28:30.097  INFO 10608 --- [main] s.w.s.m.m.a.RequestMappingHandlerMapping : Mapped "{[/error],produces=[text/html]}" onto public org.springframework.web.servlet.ModelAndView org.springframework.boot.autoconfigure.web.BasicErrorController.errorHtml(javax.servlet.http.HttpServletRequest,javax.servlet.http.HttpServletResponse)
2020-06-08 12:28:30.158  INFO 10608 --- [main] o.s.w.s.handler.SimpleUrlHandlerMapping  : Mapped URL path [/webjars/**] onto handler of type [class org.springframework.web.servlet.resource.ResourceHttpRequestHandler]
2020-06-08 12:28:30.159  INFO 10608 --- [main] o.s.w.s.handler.SimpleUrlHandlerMapping  : Mapped URL path [/**] onto handler of type [class org.springframework.web.servlet.resource.ResourceHttpRequestHandler]
2020-06-08 12:28:30.230  INFO 10608 --- [main] o.s.w.s.handler.SimpleUrlHandlerMapping  : Mapped URL path [/**/favicon.ico] onto handler of type [class org.springframework.web.servlet.resource.ResourceHttpRequestHandler]
2020-06-08 12:28:30.300  WARN 10608 --- [main] org.thymeleaf.templatemode.TemplateMode  : [THYMELEAF][main] Template Mode 'HTML5' is deprecated. Using Template Mode 'HTML' instead.
2020-06-08 12:28:31.335  INFO 10608 --- [main] o.s.j.e.a.AnnotationMBeanExporter        : Registering beans for JMX exposure on startup
2020-06-08 12:28:31.470  INFO 10608 --- [main] s.b.c.e.t.TomcatEmbeddedServletContainer : Tomcat started on port(s): 8080 (http)
2020-06-08 12:28:31.512  INFO 10608 --- [main] com.avi.product.Application              : Started Application in 11.993 seconds (JVM running for 14.327)
2020-06-08 12:28:55.151  INFO 10608 --- [http-nio-8080-exec-1] o.a.c.c.C.[Tomcat].[localhost].[/]       : Initializing Spring FrameworkServlet 'dispatcherServlet'
2020-06-08 12:28:55.152  INFO 10608 --- [http-nio-8080-exec-1] o.s.web.servlet.DispatcherServlet        : FrameworkServlet 'dispatcherServlet': initialization started
2020-06-08 12:28:55.185  INFO 10608 --- [http-nio-8080-exec-1] o.s.web.servlet.DispatcherServlet        : FrameworkServlet 'dispatcherServlet': initialization completed in 33 ms
2020-06-08 12:29:15.120  INFO 10608 --- [http-nio-8080-exec-9] o.h.h.i.QueryTranslatorFactoryInitiator  : HHH000397: Using ASTQueryTranslatorFactory
2020-06-08 12:29:59.372  INFO 10608 --- [http-nio-8080-exec-3] c.avi.product.controller.MainController  : / admin
2020-06-08 12:31:00.885  INFO 10608 --- [RMI TCP Connection(4)-127.0.0.1] inMXBeanRegistrar$SpringApplicationAdmin : Application shutdown requested.
2020-06-08 12:31:00.886  INFO 10608 --- [RMI TCP Connection(4)-127.0.0.1] ationConfigEmbeddedWebApplicationContext : Closing org.springframework.boot.context.embedded.AnnotationConfigEmbeddedWebApplicationContext@70cf32e3: startup date [Mon Jun 08 12:28:20 IST 2020]; root of context hierarchy
2020-06-08 12:31:00.896  INFO 10608 --- [RMI TCP Connection(4)-127.0.0.1] o.s.j.e.a.AnnotationMBeanExporter        : Unregistering JMX-exposed beans on shutdown
2020-06-08 12:31:00.908  INFO 10608 --- [RMI TCP Connection(4)-127.0.0.1] j.LocalContainerEntityManagerFactoryBean : Closing JPA EntityManagerFactory for persistence unit 'default'
2020-06-24 11:58:38.432  INFO 4720 --- [main] com.avi.product.Application              : Starting Application on avinash with PID 4720 (/home/avinash/eclipse-workspace/spring-boot-product-system-master/target/classes started by avinash in /home/avinash/eclipse-workspace/spring-boot-product-system-master)
2020-06-24 11:58:38.434  INFO 4720 --- [main] com.avi.product.Application              : No active profile set, falling back to default profiles: default
2020-06-24 11:58:38.775  INFO 4720 --- [main] ationConfigEmbeddedWebApplicationContext : Refreshing org.springframework.boot.context.embedded.AnnotationConfigEmbeddedWebApplicationContext@6f53b8a: startup date [Wed Jun 24 11:58:38 IST 2020]; root of context hierarchy
2020-06-24 11:58:40.579  INFO 4720 --- [main] s.b.c.e.t.TomcatEmbeddedServletContainer : Tomcat initialized with port(s): 8080 (http)
2020-06-24 11:58:40.588  INFO 4720 --- [main] o.apache.catalina.core.StandardService   : Starting service [Tomcat]
2020-06-24 11:58:40.589  INFO 4720 --- [main] org.apache.catalina.core.StandardEngine  : Starting Servlet Engine: Apache Tomcat/8.5.20
2020-06-24 11:58:40.658  INFO 4720 --- [localhost-startStop-1] o.a.c.c.C.[Tomcat].[localhost].[/]       : Initializing Spring embedded WebApplicationContext
2020-06-24 11:58:40.659  INFO 4720 --- [localhost-startStop-1] o.s.web.context.ContextLoader            : Root WebApplicationContext: initialization completed in 1902 ms
2020-06-24 11:58:40.822  INFO 4720 --- [localhost-startStop-1] o.s.b.w.servlet.FilterRegistrationBean   : Mapping filter: 'characterEncodingFilter' to: [/*]
2020-06-24 11:58:40.822  INFO 4720 --- [localhost-startStop-1] o.s.b.w.servlet.FilterRegistrationBean   : Mapping filter: 'hiddenHttpMethodFilter' to: [/*]
2020-06-24 11:58:40.823  INFO 4720 --- [localhost-startStop-1] o.s.b.w.servlet.FilterRegistrationBean   : Mapping filter: 'httpPutFormContentFilter' to: [/*]
2020-06-24 11:58:40.823  INFO 4720 --- [localhost-startStop-1] o.s.b.w.servlet.FilterRegistrationBean   : Mapping filter: 'requestContextFilter' to: [/*]
2020-06-24 11:58:40.824  INFO 4720 --- [localhost-startStop-1] .s.DelegatingFilterProxyRegistrationBean : Mapping filter: 'springSecurityFilterChain' to: [/*]
2020-06-24 11:58:40.824  INFO 4720 --- [localhost-startStop-1] o.s.b.w.servlet.ServletRegistrationBean  : Mapping servlet: 'dispatcherServlet' to [/]
2020-06-24 11:58:41.248  INFO 4720 --- [main] o.f.core.internal.util.VersionPrinter    : Flyway Community Edition 5.0.7 by Boxfuse
2020-06-24 11:58:41.697 ERROR 4720 --- [main] o.a.tomcat.jdbc.pool.ConnectionPool      : Unable to create initial connections of pool.

com.mysql.jdbc.exceptions.jdbc4.MySQLSyntaxErrorException: Unknown database 'gallary'
	at java.base/jdk.internal.reflect.NativeConstructorAccessorImpl.newInstance0(Native Method) ~[na:na]
	at java.base/jdk.internal.reflect.NativeConstructorAccessorImpl.newInstance(NativeConstructorAccessorImpl.java:62) ~[na:na]
	at java.base/jdk.internal.reflect.DelegatingConstructorAccessorImpl.newInstance(DelegatingConstructorAccessorImpl.java:45) ~[na:na]
	at java.base/java.lang.reflect.Constructor.newInstance(Constructor.java:490) ~[na:na]
	at com.mysql.jdbc.Util.handleNewInstance(Util.java:425) ~[mysql-connector-java-5.1.44.jar:5.1.44]
	at com.mysql.jdbc.Util.getInstance(Util.java:408) ~[mysql-connector-java-5.1.44.jar:5.1.44]
	at com.mysql.jdbc.SQLError.createSQLException(SQLError.java:943) ~[mysql-connector-java-5.1.44.jar:5.1.44]
	at com.mysql.jdbc.MysqlIO.checkErrorPacket(MysqlIO.java:3973) ~[mysql-connector-java-5.1.44.jar:5.1.44]
	at com.mysql.jdbc.MysqlIO.checkErrorPacket(MysqlIO.java:3909) ~[mysql-connector-java-5.1.44.jar:5.1.44]
	at com.mysql.jdbc.MysqlIO.checkErrorPacket(MysqlIO.java:873) ~[mysql-connector-java-5.1.44.jar:5.1.44]
	at com.mysql.jdbc.MysqlIO.proceedHandshakeWithPluggableAuthentication(MysqlIO.java:1710) ~[mysql-connector-java-5.1.44.jar:5.1.44]
	at com.mysql.jdbc.MysqlIO.doHandshake(MysqlIO.java:1226) ~[mysql-connector-java-5.1.44.jar:5.1.44]
	at com.mysql.jdbc.ConnectionImpl.coreConnect(ConnectionImpl.java:2191) ~[mysql-connector-java-5.1.44.jar:5.1.44]
	at com.mysql.jdbc.ConnectionImpl.connectOneTryOnly(ConnectionImpl.java:2222) ~[mysql-connector-java-5.1.44.jar:5.1.44]
	at com.mysql.jdbc.ConnectionImpl.createNewIO(ConnectionImpl.java:2017) ~[mysql-connector-java-5.1.44.jar:5.1.44]
	at com.mysql.jdbc.ConnectionImpl.<init>(ConnectionImpl.java:779) ~[mysql-connector-java-5.1.44.jar:5.1.44]
	at com.mysql.jdbc.JDBC4Connection.<init>(JDBC4Connection.java:47) ~[mysql-connector-java-5.1.44.jar:5.1.44]
	at java.base/jdk.internal.reflect.NativeConstructorAccessorImpl.newInstance0(Native Method) ~[na:na]
	at java.base/jdk.internal.reflect.NativeConstructorAccessorImpl.newInstance(NativeConstructorAccessorImpl.java:62) ~[na:na]
	at java.base/jdk.internal.reflect.DelegatingConstructorAccessorImpl.newInstance(DelegatingConstructorAccessorImpl.java:45) ~[na:na]
	at java.base/java.lang.reflect.Constructor.newInstance(Constructor.java:490) ~[na:na]
	at com.mysql.jdbc.Util.handleNewInstance(Util.java:425) ~[mysql-connector-java-5.1.44.jar:5.1.44]
	at com.mysql.jdbc.ConnectionImpl.getInstance(ConnectionImpl.java:389) ~[mysql-connector-java-5.1.44.jar:5.1.44]
	at com.mysql.jdbc.NonRegisteringDriver.connect(NonRegisteringDriver.java:330) ~[mysql-connector-java-5.1.44.jar:5.1.44]
	at org.apache.tomcat.jdbc.pool.PooledConnection.connectUsingDriver(PooledConnection.java:310) ~[tomcat-jdbc-8.5.20.jar:na]
	at org.apache.tomcat.jdbc.pool.PooledConnection.connect(PooledConnection.java:203) ~[tomcat-jdbc-8.5.20.jar:na]
	at org.apache.tomcat.jdbc.pool.ConnectionPool.createConnection(ConnectionPool.java:735) ~[tomcat-jdbc-8.5.20.jar:na]
	at org.apache.tomcat.jdbc.pool.ConnectionPool.borrowConnection(ConnectionPool.java:667) ~[tomcat-jdbc-8.5.20.jar:na]
	at org.apache.tomcat.jdbc.pool.ConnectionPool.init(ConnectionPool.java:482) ~[tomcat-jdbc-8.5.20.jar:na]
	at org.apache.tomcat.jdbc.pool.ConnectionPool.<init>(ConnectionPool.java:154) ~[tomcat-jdbc-8.5.20.jar:na]
	at org.apache.tomcat.jdbc.pool.DataSourceProxy.pCreatePool(DataSourceProxy.java:118) ~[tomcat-jdbc-8.5.20.jar:na]
	at org.apache.tomcat.jdbc.pool.DataSourceProxy.createPool(DataSourceProxy.java:107) ~[tomcat-jdbc-8.5.20.jar:na]
	at org.apache.tomcat.jdbc.pool.DataSourceProxy.getConnection(DataSourceProxy.java:131) ~[tomcat-jdbc-8.5.20.jar:na]
	at org.flywaydb.core.internal.util.jdbc.JdbcUtils.openConnection(JdbcUtils.java:51) ~[flyway-core-5.0.7.jar:na]
	at org.flywaydb.core.internal.database.DatabaseFactory.createDatabase(DatabaseFactory.java:67) ~[flyway-core-5.0.7.jar:na]
	at org.flywaydb.core.Flyway.execute(Flyway.java:1634) ~[flyway-core-5.0.7.jar:na]
	at org.flywaydb.core.Flyway.migrate(Flyway.java:1168) ~[flyway-core-5.0.7.jar:na]
	at org.springframework.boot.autoconfigure.flyway.FlywayMigrationInitializer.afterPropertiesSet(FlywayMigrationInitializer.java:66) ~[spring-boot-autoconfigure-1.5.7.RELEASE.jar:1.5.7.RELEASE]
	at org.springframework.beans.factory.support.AbstractAutowireCapableBeanFactory.invokeInitMethods(AbstractAutowireCapableBeanFactory.java:1687) ~[spring-beans-4.3.11.RELEASE.jar:4.3.11.RELEASE]
	at org.springframework.beans.factory.support.AbstractAutowireCapableBeanFactory.initializeBean(AbstractAutowireCapableBeanFactory.java:1624) ~[spring-beans-4.3.11.RELEASE.jar:4.3.11.RELEASE]
	at org.springframework.beans.factory.support.AbstractAutowireCapableBeanFactory.doCreateBean(AbstractAutowireCapableBeanFactory.java:555) ~[spring-beans-4.3.11.RELEASE.jar:4.3.11.RELEASE]
	at org.springframework.beans.factory.support.AbstractAutowireCapableBeanFactory.createBean(AbstractAutowireCapableBeanFactory.java:483) ~[spring-beans-4.3.11.RELEASE.jar:4.3.11.RELEASE]
	at org.springframework.beans.factory.support.AbstractBeanFactory$1.getObject(AbstractBeanFactory.java:306) ~[spring-beans-4.3.11.RELEASE.jar:4.3.11.RELEASE]
	at org.springframework.beans.factory.support.DefaultSingletonBeanRegistry.getSingleton(DefaultSingletonBeanRegistry.java:230) ~[spring-beans-4.3.11.RELEASE.jar:4.3.11.RELEASE]
	at org.springframework.beans.factory.support.AbstractBeanFactory.doGetBean(AbstractBeanFactory.java:302) ~[spring-beans-4.3.11.RELEASE.jar:4.3.11.RELEASE]
	at org.springframework.beans.factory.support.AbstractBeanFactory.getBean(AbstractBeanFactory.java:197) ~[spring-beans-4.3.11.RELEASE.jar:4.3.11.RELEASE]
	at org.springframework.beans.factory.support.AbstractBeanFactory.doGetBean(AbstractBeanFactory.java:296) ~[spring-beans-4.3.11.RELEASE.jar:4.3.11.RELEASE]
	at org.springframework.beans.factory.support.AbstractBeanFactory.getBean(AbstractBeanFactory.java:197) ~[spring-beans-4.3.11.RELEASE.jar:4.3.11.RELEASE]
	at org.springframework.context.support.AbstractApplicationContext.getBean(AbstractApplicationContext.java:1078) ~[spring-context-4.3.11.RELEASE.jar:4.3.11.RELEASE]
	at org.springframework.context.support.AbstractApplicationContext.finishBeanFactoryInitialization(AbstractApplicationContext.java:857) ~[spring-context-4.3.11.RELEASE.jar:4.3.11.RELEASE]
	at org.springframework.context.support.AbstractApplicationContext.refresh(AbstractApplicationContext.java:543) ~[spring-context-4.3.11.RELEASE.jar:4.3.11.RELEASE]
	at org.springframework.boot.context.embedded.EmbeddedWebApplicationContext.refresh(EmbeddedWebApplicationContext.java:122) ~[spring-boot-1.5.7.RELEASE.jar:1.5.7.RELEASE]
	at org.springframework.boot.SpringApplication.refresh(SpringApplication.java:693) ~[spring-boot-1.5.7.RELEASE.jar:1.5.7.RELEASE]
	at org.springframework.boot.SpringApplication.refreshContext(SpringApplication.java:360) ~[spring-boot-1.5.7.RELEASE.jar:1.5.7.RELEASE]
	at org.springframework.boot.SpringApplication.run(SpringApplication.java:303) ~[spring-boot-1.5.7.RELEASE.jar:1.5.7.RELEASE]
	at org.springframework.boot.SpringApplication.run(SpringApplication.java:1118) ~[spring-boot-1.5.7.RELEASE.jar:1.5.7.RELEASE]
	at org.springframework.boot.SpringApplication.run(SpringApplication.java:1107) ~[spring-boot-1.5.7.RELEASE.jar:1.5.7.RELEASE]
	at com.avi.product.Application.main(Application.java:10) ~[classes/:na]

2020-06-24 11:58:41.701  WARN 4720 --- [main] ationConfigEmbeddedWebApplicationContext : Exception encountered during context initialization - cancelling refresh attempt: org.springframework.beans.factory.BeanCreationException: Error creating bean with name 'flywayInitializer' defined in class path resource [org/springframework/boot/autoconfigure/flyway/FlywayAutoConfiguration$FlywayConfiguration.class]: Invocation of init method failed; nested exception is org.flywaydb.core.internal.exception.FlywaySqlException: 
Unable to obtain database connection
------------------------------------
SQL State  : 42000
Error Code : 1049
Message    : Unknown database 'gallary'

2020-06-24 11:58:41.704  INFO 4720 --- [main] o.apache.catalina.core.StandardService   : Stopping service [Tomcat]
2020-06-24 11:58:41.738  INFO 4720 --- [main] utoConfigurationReportLoggingInitializer : 

Error starting ApplicationContext. To display the auto-configuration report re-run your application with 'debug' enabled.
2020-06-24 11:58:41.744 ERROR 4720 --- [main] o.s.boot.SpringApplication               : Application startup failed

org.springframework.beans.factory.BeanCreationException: Error creating bean with name 'flywayInitializer' defined in class path resource [org/springframework/boot/autoconfigure/flyway/FlywayAutoConfiguration$FlywayConfiguration.class]: Invocation of init method failed; nested exception is org.flywaydb.core.internal.exception.FlywaySqlException: 
Unable to obtain database connection
------------------------------------
SQL State  : 42000
Error Code : 1049
Message    : Unknown database 'gallary'

	at org.springframework.beans.factory.support.AbstractAutowireCapableBeanFactory.initializeBean(AbstractAutowireCapableBeanFactory.java:1628) ~[spring-beans-4.3.11.RELEASE.jar:4.3.11.RELEASE]
	at org.springframework.beans.factory.support.AbstractAutowireCapableBeanFactory.doCreateBean(AbstractAutowireCapableBeanFactory.java:555) ~[spring-beans-4.3.11.RELEASE.jar:4.3.11.RELEASE]
	at org.springframework.beans.factory.support.AbstractAutowireCapableBeanFactory.createBean(AbstractAutowireCapableBeanFactory.java:483) ~[spring-beans-4.3.11.RELEASE.jar:4.3.11.RELEASE]
	at org.springframework.beans.factory.support.AbstractBeanFactory$1.getObject(AbstractBeanFactory.java:306) ~[spring-beans-4.3.11.RELEASE.jar:4.3.11.RELEASE]
	at org.springframework.beans.factory.support.DefaultSingletonBeanRegistry.getSingleton(DefaultSingletonBeanRegistry.java:230) ~[spring-beans-4.3.11.RELEASE.jar:4.3.11.RELEASE]
	at org.springframework.beans.factory.support.AbstractBeanFactory.doGetBean(AbstractBeanFactory.java:302) ~[spring-beans-4.3.11.RELEASE.jar:4.3.11.RELEASE]
	at org.springframework.beans.factory.support.AbstractBeanFactory.getBean(AbstractBeanFactory.java:197) ~[spring-beans-4.3.11.RELEASE.jar:4.3.11.RELEASE]
	at org.springframework.beans.factory.support.AbstractBeanFactory.doGetBean(AbstractBeanFactory.java:296) ~[spring-beans-4.3.11.RELEASE.jar:4.3.11.RELEASE]
	at org.springframework.beans.factory.support.AbstractBeanFactory.getBean(AbstractBeanFactory.java:197) ~[spring-beans-4.3.11.RELEASE.jar:4.3.11.RELEASE]
	at org.springframework.context.support.AbstractApplicationContext.getBean(AbstractApplicationContext.java:1078) ~[spring-context-4.3.11.RELEASE.jar:4.3.11.RELEASE]
	at org.springframework.context.support.AbstractApplicationContext.finishBeanFactoryInitialization(AbstractApplicationContext.java:857) ~[spring-context-4.3.11.RELEASE.jar:4.3.11.RELEASE]
	at org.springframework.context.support.AbstractApplicationContext.refresh(AbstractApplicationContext.java:543) ~[spring-context-4.3.11.RELEASE.jar:4.3.11.RELEASE]
	at org.springframework.boot.context.embedded.EmbeddedWebApplicationContext.refresh(EmbeddedWebApplicationContext.java:122) ~[spring-boot-1.5.7.RELEASE.jar:1.5.7.RELEASE]
	at org.springframework.boot.SpringApplication.refresh(SpringApplication.java:693) ~[spring-boot-1.5.7.RELEASE.jar:1.5.7.RELEASE]
	at org.springframework.boot.SpringApplication.refreshContext(SpringApplication.java:360) ~[spring-boot-1.5.7.RELEASE.jar:1.5.7.RELEASE]
	at org.springframework.boot.SpringApplication.run(SpringApplication.java:303) ~[spring-boot-1.5.7.RELEASE.jar:1.5.7.RELEASE]
	at org.springframework.boot.SpringApplication.run(SpringApplication.java:1118) ~[spring-boot-1.5.7.RELEASE.jar:1.5.7.RELEASE]
	at org.springframework.boot.SpringApplication.run(SpringApplication.java:1107) ~[spring-boot-1.5.7.RELEASE.jar:1.5.7.RELEASE]
	at com.avi.product.Application.main(Application.java:10) ~[classes/:na]
Caused by: org.flywaydb.core.internal.exception.FlywaySqlException: 
Unable to obtain database connection
------------------------------------
SQL State  : 42000
Error Code : 1049
Message    : Unknown database 'gallary'

	at org.flywaydb.core.internal.util.jdbc.JdbcUtils.openConnection(JdbcUtils.java:57) ~[flyway-core-5.0.7.jar:na]
	at org.flywaydb.core.internal.database.DatabaseFactory.createDatabase(DatabaseFactory.java:67) ~[flyway-core-5.0.7.jar:na]
	at org.flywaydb.core.Flyway.execute(Flyway.java:1634) ~[flyway-core-5.0.7.jar:na]
	at org.flywaydb.core.Flyway.migrate(Flyway.java:1168) ~[flyway-core-5.0.7.jar:na]
	at org.springframework.boot.autoconfigure.flyway.FlywayMigrationInitializer.afterPropertiesSet(FlywayMigrationInitializer.java:66) ~[spring-boot-autoconfigure-1.5.7.RELEASE.jar:1.5.7.RELEASE]
	at org.springframework.beans.factory.support.AbstractAutowireCapableBeanFactory.invokeInitMethods(AbstractAutowireCapableBeanFactory.java:1687) ~[spring-beans-4.3.11.RELEASE.jar:4.3.11.RELEASE]
	at org.springframework.beans.factory.support.AbstractAutowireCapableBeanFactory.initializeBean(AbstractAutowireCapableBeanFactory.java:1624) ~[spring-beans-4.3.11.RELEASE.jar:4.3.11.RELEASE]
	... 18 common frames omitted
Caused by: com.mysql.jdbc.exceptions.jdbc4.MySQLSyntaxErrorException: Unknown database 'gallary'
	at java.base/jdk.internal.reflect.NativeConstructorAccessorImpl.newInstance0(Native Method) ~[na:na]
	at java.base/jdk.internal.reflect.NativeConstructorAccessorImpl.newInstance(NativeConstructorAccessorImpl.java:62) ~[na:na]
	at java.base/jdk.internal.reflect.DelegatingConstructorAccessorImpl.newInstance(DelegatingConstructorAccessorImpl.java:45) ~[na:na]
	at java.base/java.lang.reflect.Constructor.newInstance(Constructor.java:490) ~[na:na]
	at com.mysql.jdbc.Util.handleNewInstance(Util.java:425) ~[mysql-connector-java-5.1.44.jar:5.1.44]
	at com.mysql.jdbc.Util.getInstance(Util.java:408) ~[mysql-connector-java-5.1.44.jar:5.1.44]
	at com.mysql.jdbc.SQLError.createSQLException(SQLError.java:943) ~[mysql-connector-java-5.1.44.jar:5.1.44]
	at com.mysql.jdbc.MysqlIO.checkErrorPacket(MysqlIO.java:3973) ~[mysql-connector-java-5.1.44.jar:5.1.44]
	at com.mysql.jdbc.MysqlIO.checkErrorPacket(MysqlIO.java:3909) ~[mysql-connector-java-5.1.44.jar:5.1.44]
	at com.mysql.jdbc.MysqlIO.checkErrorPacket(MysqlIO.java:873) ~[mysql-connector-java-5.1.44.jar:5.1.44]
	at com.mysql.jdbc.MysqlIO.proceedHandshakeWithPluggableAuthentication(MysqlIO.java:1710) ~[mysql-connector-java-5.1.44.jar:5.1.44]
	at com.mysql.jdbc.MysqlIO.doHandshake(MysqlIO.java:1226) ~[mysql-connector-java-5.1.44.jar:5.1.44]
	at com.mysql.jdbc.ConnectionImpl.coreConnect(ConnectionImpl.java:2191) ~[mysql-connector-java-5.1.44.jar:5.1.44]
	at com.mysql.jdbc.ConnectionImpl.connectOneTryOnly(ConnectionImpl.java:2222) ~[mysql-connector-java-5.1.44.jar:5.1.44]
	at com.mysql.jdbc.ConnectionImpl.createNewIO(ConnectionImpl.java:2017) ~[mysql-connector-java-5.1.44.jar:5.1.44]
	at com.mysql.jdbc.ConnectionImpl.<init>(ConnectionImpl.java:779) ~[mysql-connector-java-5.1.44.jar:5.1.44]
	at com.mysql.jdbc.JDBC4Connection.<init>(JDBC4Connection.java:47) ~[mysql-connector-java-5.1.44.jar:5.1.44]
	at java.base/jdk.internal.reflect.NativeConstructorAccessorImpl.newInstance0(Native Method) ~[na:na]
	at java.base/jdk.internal.reflect.NativeConstructorAccessorImpl.newInstance(NativeConstructorAccessorImpl.java:62) ~[na:na]
	at java.base/jdk.internal.reflect.DelegatingConstructorAccessorImpl.newInstance(DelegatingConstructorAccessorImpl.java:45) ~[na:na]
	at java.base/java.lang.reflect.Constructor.newInstance(Constructor.java:490) ~[na:na]
	at com.mysql.jdbc.Util.handleNewInstance(Util.java:425) ~[mysql-connector-java-5.1.44.jar:5.1.44]
	at com.mysql.jdbc.ConnectionImpl.getInstance(ConnectionImpl.java:389) ~[mysql-connector-java-5.1.44.jar:5.1.44]
	at com.mysql.jdbc.NonRegisteringDriver.connect(NonRegisteringDriver.java:330) ~[mysql-connector-java-5.1.44.jar:5.1.44]
	at org.apache.tomcat.jdbc.pool.PooledConnection.connectUsingDriver(PooledConnection.java:310) ~[tomcat-jdbc-8.5.20.jar:na]
	at org.apache.tomcat.jdbc.pool.PooledConnection.connect(PooledConnection.java:203) ~[tomcat-jdbc-8.5.20.jar:na]
	at org.apache.tomcat.jdbc.pool.ConnectionPool.createConnection(ConnectionPool.java:735) ~[tomcat-jdbc-8.5.20.jar:na]
	at org.apache.tomcat.jdbc.pool.ConnectionPool.borrowConnection(ConnectionPool.java:667) ~[tomcat-jdbc-8.5.20.jar:na]
	at org.apache.tomcat.jdbc.pool.ConnectionPool.init(ConnectionPool.java:482) ~[tomcat-jdbc-8.5.20.jar:na]
	at org.apache.tomcat.jdbc.pool.ConnectionPool.<init>(ConnectionPool.java:154) ~[tomcat-jdbc-8.5.20.jar:na]
	at org.apache.tomcat.jdbc.pool.DataSourceProxy.pCreatePool(DataSourceProxy.java:118) ~[tomcat-jdbc-8.5.20.jar:na]
	at org.apache.tomcat.jdbc.pool.DataSourceProxy.createPool(DataSourceProxy.java:107) ~[tomcat-jdbc-8.5.20.jar:na]
	at org.apache.tomcat.jdbc.pool.DataSourceProxy.getConnection(DataSourceProxy.java:131) ~[tomcat-jdbc-8.5.20.jar:na]
	at org.flywaydb.core.internal.util.jdbc.JdbcUtils.openConnection(JdbcUtils.java:51) ~[flyway-core-5.0.7.jar:na]
	... 24 common frames omitted

2020-06-24 12:00:49.150  INFO 5140 --- [main] com.avi.product.Application              : Starting Application on avinash with PID 5140 (/home/avinash/eclipse-workspace/spring-boot-product-system-master/target/classes started by avinash in /home/avinash/eclipse-workspace/spring-boot-product-system-master)
2020-06-24 12:00:49.151  INFO 5140 --- [main] com.avi.product.Application              : No active profile set, falling back to default profiles: default
2020-06-24 12:00:49.411  INFO 5140 --- [main] ationConfigEmbeddedWebApplicationContext : Refreshing org.springframework.boot.context.embedded.AnnotationConfigEmbeddedWebApplicationContext@6f53b8a: startup date [Wed Jun 24 12:00:49 IST 2020]; root of context hierarchy
2020-06-24 12:00:50.698  INFO 5140 --- [main] s.b.c.e.t.TomcatEmbeddedServletContainer : Tomcat initialized with port(s): 8080 (http)
2020-06-24 12:00:50.706  INFO 5140 --- [main] o.apache.catalina.core.StandardService   : Starting service [Tomcat]
2020-06-24 12:00:50.707  INFO 5140 --- [main] org.apache.catalina.core.StandardEngine  : Starting Servlet Engine: Apache Tomcat/8.5.20
2020-06-24 12:00:50.858  INFO 5140 --- [localhost-startStop-1] o.a.c.c.C.[Tomcat].[localhost].[/]       : Initializing Spring embedded WebApplicationContext
2020-06-24 12:00:50.858  INFO 5140 --- [localhost-startStop-1] o.s.web.context.ContextLoader            : Root WebApplicationContext: initialization completed in 1465 ms
2020-06-24 12:00:51.020  INFO 5140 --- [localhost-startStop-1] o.s.b.w.servlet.FilterRegistrationBean   : Mapping filter: 'characterEncodingFilter' to: [/*]
2020-06-24 12:00:51.020  INFO 5140 --- [localhost-startStop-1] o.s.b.w.servlet.FilterRegistrationBean   : Mapping filter: 'hiddenHttpMethodFilter' to: [/*]
2020-06-24 12:00:51.021  INFO 5140 --- [localhost-startStop-1] o.s.b.w.servlet.FilterRegistrationBean   : Mapping filter: 'httpPutFormContentFilter' to: [/*]
2020-06-24 12:00:51.021  INFO 5140 --- [localhost-startStop-1] o.s.b.w.servlet.FilterRegistrationBean   : Mapping filter: 'requestContextFilter' to: [/*]
2020-06-24 12:00:51.022  INFO 5140 --- [localhost-startStop-1] .s.DelegatingFilterProxyRegistrationBean : Mapping filter: 'springSecurityFilterChain' to: [/*]
2020-06-24 12:00:51.022  INFO 5140 --- [localhost-startStop-1] o.s.b.w.servlet.ServletRegistrationBean  : Mapping servlet: 'dispatcherServlet' to [/]
2020-06-24 12:00:51.315  INFO 5140 --- [main] o.f.core.internal.util.VersionPrinter    : Flyway Community Edition 5.0.7 by Boxfuse
2020-06-24 12:00:52.088  INFO 5140 --- [main] o.f.c.internal.database.DatabaseFactory  : Database: jdbc:mysql://localhost:3306/gallary (MySQL 5.7)
2020-06-24 12:00:52.191  INFO 5140 --- [main] o.f.core.internal.command.DbValidate     : Successfully validated 2 migrations (execution time 00:00.011s)
2020-06-24 12:00:52.223  INFO 5140 --- [main] o.f.c.i.s.JdbcTableSchemaHistory         : Creating Schema History table: `gallary`.`flyway_schema_history`
2020-06-24 12:00:52.285  INFO 5140 --- [main] o.f.core.internal.command.DbMigrate      : Current version of schema `gallary`: << Empty Schema >>
2020-06-24 12:00:52.291  INFO 5140 --- [main] o.f.core.internal.command.DbMigrate      : Migrating schema `gallary` to version 1.0 - init
2020-06-24 12:00:52.466  INFO 5140 --- [main] o.f.core.internal.command.DbMigrate      : Migrating schema `gallary` to version 1.1 - user data
2020-06-24 12:00:52.485  INFO 5140 --- [main] o.f.core.internal.command.DbMigrate      : Successfully applied 2 migrations to schema `gallary` (execution time 00:00.263s)
2020-06-24 12:00:52.564  INFO 5140 --- [main] j.LocalContainerEntityManagerFactoryBean : Building JPA container EntityManagerFactory for persistence unit 'default'
2020-06-24 12:00:52.576  INFO 5140 --- [main] o.hibernate.jpa.internal.util.LogHelper  : HHH000204: Processing PersistenceUnitInfo [
	name: default
	...]
2020-06-24 12:00:52.703  INFO 5140 --- [main] org.hibernate.Version                    : HHH000412: Hibernate Core {5.0.12.Final}
2020-06-24 12:00:52.710  INFO 5140 --- [main] org.hibernate.cfg.Environment            : HHH000206: hibernate.properties not found
2020-06-24 12:00:52.711  INFO 5140 --- [main] org.hibernate.cfg.Environment            : HHH000021: Bytecode provider name : javassist
2020-06-24 12:00:52.742  INFO 5140 --- [main] o.hibernate.annotations.common.Version   : HCANN000001: Hibernate Commons Annotations {5.0.1.Final}
2020-06-24 12:00:52.814  INFO 5140 --- [main] org.hibernate.dialect.Dialect            : HHH000400: Using dialect: org.hibernate.dialect.MySQL5InnoDBDialect
2020-06-24 12:00:53.087  INFO 5140 --- [main] org.hibernate.tool.hbm2ddl.SchemaUpdate  : HHH000228: Running hbm2ddl schema update
2020-06-24 12:00:53.177  INFO 5140 --- [main] j.LocalContainerEntityManagerFactoryBean : Initialized JPA EntityManagerFactory for persistence unit 'default'
2020-06-24 12:00:53.664  INFO 5140 --- [main] o.s.s.web.DefaultSecurityFilterChain     : Creating filter chain: org.springframework.security.web.util.matcher.AnyRequestMatcher@1, [org.springframework.security.web.context.request.async.WebAsyncManagerIntegrationFilter@1e406cbe, org.springframework.security.web.context.SecurityContextPersistenceFilter@7b1559f1, org.springframework.security.web.header.HeaderWriterFilter@8167f57, org.springframework.security.web.csrf.CsrfFilter@343727b5, org.springframework.security.web.authentication.logout.LogoutFilter@3d50a3d9, org.springframework.security.web.authentication.UsernamePasswordAuthenticationFilter@40db6136, org.springframework.security.web.savedrequest.RequestCacheAwareFilter@8dbf0f2, org.springframework.security.web.servletapi.SecurityContextHolderAwareRequestFilter@6738e8b2, org.springframework.security.web.authentication.AnonymousAuthenticationFilter@141a10bf, org.springframework.security.web.session.SessionManagementFilter@541897c6, org.springframework.security.web.access.ExceptionTranslationFilter@5cf33d25, org.springframework.security.web.access.intercept.FilterSecurityInterceptor@6719f206]
2020-06-24 12:00:53.887  INFO 5140 --- [main] s.w.s.m.m.a.RequestMappingHandlerAdapter : Looking for @ControllerAdvice: org.springframework.boot.context.embedded.AnnotationConfigEmbeddedWebApplicationContext@6f53b8a: startup date [Wed Jun 24 12:00:49 IST 2020]; root of context hierarchy
2020-06-24 12:00:53.926  INFO 5140 --- [main] s.w.s.m.m.a.RequestMappingHandlerMapping : Mapped "{[/products]}" onto public java.lang.String com.avi.product.controller.MainController.index(org.springframework.ui.Model,java.util.Optional<java.lang.Integer>,java.util.Optional<java.lang.Integer>)
2020-06-24 12:00:53.927  INFO 5140 --- [main] s.w.s.m.m.a.RequestMappingHandlerMapping : Mapped "{[/products/save],methods=[POST]}" onto public java.lang.String com.avi.product.controller.MainController.save(com.avi.product.model.Product)
2020-06-24 12:00:53.927  INFO 5140 --- [main] s.w.s.m.m.a.RequestMappingHandlerMapping : Mapped "{[/products/add]}" onto public java.lang.String com.avi.product.controller.MainController.addProduct(org.springframework.ui.Model)
2020-06-24 12:00:53.927  INFO 5140 --- [main] s.w.s.m.m.a.RequestMappingHandlerMapping : Mapped "{[/products/delete/{id}],methods=[DELETE]}" onto public java.lang.String com.avi.product.controller.MainController.deleteProduct(java.lang.Integer)
2020-06-24 12:00:53.928  INFO 5140 --- [main] s.w.s.m.m.a.RequestMappingHandlerMapping : Mapped "{[/products/edit/{id}]}" onto public java.lang.String com.avi.product.controller.MainController.editProduct(java.lang.Integer,org.springframework.ui.Model)
2020-06-24 12:00:53.931  INFO 5140 --- [main] s.w.s.m.m.a.RequestMappingHandlerMapping : Mapped "{[/access-denied]}" onto public java.lang.String com.avi.product.controller.UserController.accessDenied()
2020-06-24 12:00:53.931  INFO 5140 --- [main] s.w.s.m.m.a.RequestMappingHandlerMapping : Mapped "{[/],methods=[GET]}" onto public java.lang.String com.avi.product.controller.UserController.showHomePage(org.springframework.ui.Model)
2020-06-24 12:00:53.932  INFO 5140 --- [main] s.w.s.m.m.a.RequestMappingHandlerMapping : Mapped "{[/login],methods=[GET]}" onto public java.lang.String com.avi.product.controller.UserController.showRegistrationForm(org.springframework.ui.Model)
2020-06-24 12:00:53.932  INFO 5140 --- [main] s.w.s.m.m.a.RequestMappingHandlerMapping : Mapped "{[/registration],methods=[POST]}" onto public java.lang.String com.avi.product.controller.UserController.registerUserAccount(com.avi.product.dto.UserRegistrationDto,org.springframework.validation.BindingResult,org.springframework.ui.Model)
2020-06-24 12:00:53.934  INFO 5140 --- [main] s.w.s.m.m.a.RequestMappingHandlerMapping : Mapped "{[/error]}" onto public org.springframework.http.ResponseEntity<java.util.Map<java.lang.String, java.lang.Object>> org.springframework.boot.autoconfigure.web.BasicErrorController.error(javax.servlet.http.HttpServletRequest)
2020-06-24 12:00:53.934  INFO 5140 --- [main] s.w.s.m.m.a.RequestMappingHandlerMapping : Mapped "{[/error],produces=[text/html]}" onto public org.springframework.web.servlet.ModelAndView org.springframework.boot.autoconfigure.web.BasicErrorController.errorHtml(javax.servlet.http.HttpServletRequest,javax.servlet.http.HttpServletResponse)
2020-06-24 12:00:53.971  INFO 5140 --- [main] o.s.w.s.handler.SimpleUrlHandlerMapping  : Mapped URL path [/webjars/**] onto handler of type [class org.springframework.web.servlet.resource.ResourceHttpRequestHandler]
2020-06-24 12:00:53.971  INFO 5140 --- [main] o.s.w.s.handler.SimpleUrlHandlerMapping  : Mapped URL path [/**] onto handler of type [class org.springframework.web.servlet.resource.ResourceHttpRequestHandler]
2020-06-24 12:00:53.996  INFO 5140 --- [main] o.s.w.s.handler.SimpleUrlHandlerMapping  : Mapped URL path [/**/favicon.ico] onto handler of type [class org.springframework.web.servlet.resource.ResourceHttpRequestHandler]
2020-06-24 12:00:54.024  WARN 5140 --- [main] org.thymeleaf.templatemode.TemplateMode  : [THYMELEAF][main] Template Mode 'HTML5' is deprecated. Using Template Mode 'HTML' instead.
2020-06-24 12:00:54.379  INFO 5140 --- [main] o.s.j.e.a.AnnotationMBeanExporter        : Registering beans for JMX exposure on startup
2020-06-24 12:00:54.433  INFO 5140 --- [main] s.b.c.e.t.TomcatEmbeddedServletContainer : Tomcat started on port(s): 8080 (http)
2020-06-24 12:00:54.437  INFO 5140 --- [main] com.avi.product.Application              : Started Application in 5.476 seconds (JVM running for 6.084)
2020-06-24 12:01:13.104  INFO 5140 --- [http-nio-8080-exec-1] o.a.c.c.C.[Tomcat].[localhost].[/]       : Initializing Spring FrameworkServlet 'dispatcherServlet'
2020-06-24 12:01:13.104  INFO 5140 --- [http-nio-8080-exec-1] o.s.web.servlet.DispatcherServlet        : FrameworkServlet 'dispatcherServlet': initialization started
2020-06-24 12:01:13.114  INFO 5140 --- [http-nio-8080-exec-1] o.s.web.servlet.DispatcherServlet        : FrameworkServlet 'dispatcherServlet': initialization completed in 9 ms
2020-06-24 12:01:59.206  INFO 5140 --- [http-nio-8080-exec-5] o.h.h.i.QueryTranslatorFactoryInitiator  : HHH000397: Using ASTQueryTranslatorFactory
